Archive member included to satisfy reference by file (symbol)

/usr/lib/gcc/arm-none-eabi/5.4.1/armv7-m/libgcc.a(_ashldi3.o)
                              obj_zoul/mmc.o (__aeabi_llsl)
/usr/lib/gcc/arm-none-eabi/5.4.1/armv7-m/libgcc.a(_arm_addsubdf3.o)
                              coap-example-server.o (__aeabi_dsub)
/usr/lib/gcc/arm-none-eabi/5.4.1/armv7-m/libgcc.a(_arm_muldivdf3.o)
                              coap-example-server.o (__aeabi_dmul)
/usr/lib/gcc/arm-none-eabi/5.4.1/armv7-m/libgcc.a(_arm_fixdfsi.o)
                              coap-example-server.o (__aeabi_d2iz)
/usr/lib/gcc/arm-none-eabi/5.4.1/armv7-m/libgcc.a(_arm_truncdfsf2.o)
                              coap-example-server.o (__aeabi_d2f)
/usr/lib/gcc/arm-none-eabi/5.4.1/armv7-m/libgcc.a(_arm_addsubsf3.o)
                              coap-example-server.o (__aeabi_fadd)
/usr/lib/gcc/arm-none-eabi/5.4.1/armv7-m/libgcc.a(_arm_muldivsf3.o)
                              coap-example-server.o (__aeabi_fmul)
/usr/lib/gcc/arm-none-eabi/5.4.1/armv7-m/libgcc.a(_arm_cmpsf2.o)
                              coap-example-server.o (__aeabi_fcmplt)
/usr/lib/gcc/arm-none-eabi/5.4.1/armv7-m/libgcc.a(_arm_fixsfsi.o)
                              coap-example-server.o (__aeabi_f2iz)
/usr/lib/gcc/arm-none-eabi/5.4.1/armv7-m/libgcc.a(_aeabi_uldivmod.o)
                              obj_zoul/spi-legacy.o (__aeabi_uldivmod)
/usr/lib/gcc/arm-none-eabi/5.4.1/armv7-m/libgcc.a(_udivmoddi4.o)
                              /usr/lib/gcc/arm-none-eabi/5.4.1/armv7-m/libgcc.a(_aeabi_uldivmod.o) (__udivmoddi4)
/usr/lib/gcc/arm-none-eabi/5.4.1/armv7-m/libgcc.a(_dvmd_tls.o)
                              /usr/lib/gcc/arm-none-eabi/5.4.1/armv7-m/libgcc.a(_aeabi_uldivmod.o) (__aeabi_ldiv0)
/usr/lib/gcc/arm-none-eabi/5.4.1/../../../arm-none-eabi/lib/armv7-m/libc.a(lib_a-atoi.o)
                              obj_zoul/res-hello.o (atoi)
/usr/lib/gcc/arm-none-eabi/5.4.1/../../../arm-none-eabi/lib/armv7-m/libc.a(lib_a-ctype_.o)
                              obj_zoul/resolv.o (__ctype_ptr__)
/usr/lib/gcc/arm-none-eabi/5.4.1/../../../arm-none-eabi/lib/armv7-m/libc.a(lib_a-malloc.o)
                              obj_zoul/syscall.o (malloc)
/usr/lib/gcc/arm-none-eabi/5.4.1/../../../arm-none-eabi/lib/armv7-m/libc.a(lib_a-mallocr.o)
                              /usr/lib/gcc/arm-none-eabi/5.4.1/../../../arm-none-eabi/lib/armv7-m/libc.a(lib_a-malloc.o) (_malloc_r)
/usr/lib/gcc/arm-none-eabi/5.4.1/../../../arm-none-eabi/lib/armv7-m/libc.a(lib_a-memchr-stub.o)
                              obj_zoul/coap.o (memchr)
/usr/lib/gcc/arm-none-eabi/5.4.1/../../../arm-none-eabi/lib/armv7-m/libc.a(lib_a-memcmp.o)
                              obj_zoul/coap-observe.o (memcmp)
/usr/lib/gcc/arm-none-eabi/5.4.1/../../../arm-none-eabi/lib/armv7-m/libc.a(lib_a-memcpy.o)
                              obj_zoul/ecc-algorithm.o (memcpy)
/usr/lib/gcc/arm-none-eabi/5.4.1/../../../arm-none-eabi/lib/armv7-m/libc.a(lib_a-memmove.o)
                              obj_zoul/coap.o (memmove)
/usr/lib/gcc/arm-none-eabi/5.4.1/../../../arm-none-eabi/lib/armv7-m/libc.a(lib_a-memset.o)
                              obj_zoul/dht22.o (memset)
/usr/lib/gcc/arm-none-eabi/5.4.1/../../../arm-none-eabi/lib/armv7-m/libc.a(lib_a-mlock.o)
                              /usr/lib/gcc/arm-none-eabi/5.4.1/../../../arm-none-eabi/lib/armv7-m/libc.a(lib_a-mallocr.o) (__malloc_lock)
/usr/lib/gcc/arm-none-eabi/5.4.1/../../../arm-none-eabi/lib/armv7-m/libc.a(lib_a-rand.o)
                              obj_zoul/coap-transactions.o (rand)
/usr/lib/gcc/arm-none-eabi/5.4.1/../../../arm-none-eabi/lib/armv7-m/libc.a(lib_a-reent.o)
                              obj_zoul/syscalls.o (errno)
/usr/lib/gcc/arm-none-eabi/5.4.1/../../../arm-none-eabi/lib/armv7-m/libc.a(lib_a-sbrkr.o)
                              /usr/lib/gcc/arm-none-eabi/5.4.1/../../../arm-none-eabi/lib/armv7-m/libc.a(lib_a-mallocr.o) (_sbrk_r)
/usr/lib/gcc/arm-none-eabi/5.4.1/../../../arm-none-eabi/lib/armv7-m/libc.a(lib_a-strcasecmp.o)
                              obj_zoul/resolv.o (strcasecmp)
/usr/lib/gcc/arm-none-eabi/5.4.1/../../../arm-none-eabi/lib/armv7-m/libc.a(lib_a-strchr.o)
                              obj_zoul/coap.o (strchr)
/usr/lib/gcc/arm-none-eabi/5.4.1/../../../arm-none-eabi/lib/armv7-m/libc.a(lib_a-strcmp.o)
                              obj_zoul/cfs-coffee.o (strcmp)
/usr/lib/gcc/arm-none-eabi/5.4.1/../../../arm-none-eabi/lib/armv7-m/libc.a(lib_a-strlen-stub.o)
                              obj_zoul/res-chunks.o (strlen)
/usr/lib/gcc/arm-none-eabi/5.4.1/../../../arm-none-eabi/lib/armv7-m/libc.a(lib_a-strncasecmp.o)
                              obj_zoul/resolv.o (strncasecmp)
/usr/lib/gcc/arm-none-eabi/5.4.1/../../../arm-none-eabi/lib/armv7-m/libc.a(lib_a-strncat.o)
                              obj_zoul/resolv.o (strncat)
/usr/lib/gcc/arm-none-eabi/5.4.1/../../../arm-none-eabi/lib/armv7-m/libc.a(lib_a-strncmp.o)
[...]
Memory Configuration

Name             Origin             Length             Attributes
FLASH_FW         0x00202000         0x0007dfd4         xr
FLASH_CCA        0x0027ffd4         0x0000002c         xr
NRSRAM           0x20000000         0x00004000         xrw
FRSRAM           0x20004000         0x00004000         xrw
*default*        0x00000000         0xffffffff

Linker script and memory map

LOAD obj_zoul/startup-gcc.o
LOAD obj_zoul/dht22.o
LOAD obj_zoul/adc-sensors.o
LOAD obj_zoul/platform.o
LOAD obj_zoul/leds-arch.o
LOAD obj_zoul/leds.o
LOAD obj_zoul/cc1200-zoul-arch.o
LOAD obj_zoul/adc-zoul.o
LOAD obj_zoul/board-buttons.o
LOAD obj_zoul/zoul-sensors.o
LOAD obj_zoul/board.o
LOAD obj_zoul/antenna-sw.o
LOAD obj_zoul/mmc-arch.o
LOAD obj_zoul/rtcc.o
LOAD obj_zoul/power-mgmt.o
LOAD obj_zoul/soc.o
LOAD obj_zoul/clock.o
LOAD obj_zoul/rtimer-arch.o
LOAD obj_zoul/uart.o
LOAD obj_zoul/watchdog.o
LOAD obj_zoul/nvic.o
LOAD obj_zoul/sys-ctrl.o
LOAD obj_zoul/gpio.o
LOAD obj_zoul/ioc.o
LOAD obj_zoul/spi-legacy.o
LOAD obj_zoul/adc.o
LOAD obj_zoul/spi-arch.o
LOAD obj_zoul/crypto.o
LOAD obj_zoul/aes.o
LOAD obj_zoul/ecb.o
LOAD obj_zoul/cbc.o
LOAD obj_zoul/ctr.o
LOAD obj_zoul/cbc-mac.o
LOAD obj_zoul/gcm.o
LOAD obj_zoul/ccm.o
LOAD obj_zoul/sha256.o
LOAD obj_zoul/gpio-hal-arch.o
LOAD obj_zoul/cc2538-aes-128.o
LOAD obj_zoul/cc2538-ccm-star.o
LOAD obj_zoul/cc2538-rf.o
LOAD obj_zoul/udma.o
LOAD obj_zoul/lpm.o
LOAD obj_zoul/int-master.o
LOAD obj_zoul/pka.o
LOAD obj_zoul/bignum-driver.o
LOAD obj_zoul/ecc-driver.o
LOAD obj_zoul/ecc-algorithm.o
LOAD obj_zoul/ecc-curve.o
LOAD obj_zoul/dbg.o
LOAD obj_zoul/ieee-addr.o
LOAD obj_zoul/slip-arch.o
LOAD obj_zoul/slip.o
LOAD obj_zoul/i2c.o
LOAD obj_zoul/cc2538-temp-sensor.o
LOAD obj_zoul/vdd3-sensor.o
LOAD obj_zoul/cfs-coffee.o
LOAD obj_zoul/cfs-coffee-arch.o
LOAD obj_zoul/pwm.o
LOAD obj_zoul/usb-core.o
LOAD obj_zoul/cdc-acm.o
LOAD obj_zoul/usb-arch.o
LOAD obj_zoul/usb-serial.o
LOAD obj_zoul/cdc-acm-descriptors.o
LOAD obj_zoul/res-chunks.o
LOAD obj_zoul/res-sht11.o
LOAD obj_zoul/res-light.o
LOAD obj_zoul/res-mirror.o
LOAD obj_zoul/res-sub.o
LOAD obj_zoul/res-hello.o
LOAD obj_zoul/res-separate.o
LOAD obj_zoul/res-mono.o
LOAD obj_zoul/res-radio.o
LOAD obj_zoul/res-leds.o
LOAD obj_zoul/res-dht22.o
LOAD obj_zoul/res-b1-sep-b2.o
LOAD obj_zoul/res-battery.o
LOAD obj_zoul/res-event.o
LOAD obj_zoul/res-temperature.o
LOAD obj_zoul/res-allsensors.o
LOAD obj_zoul/res-push.o
LOAD obj_zoul/res-toggle.o
LOAD obj_zoul/coap-observe-client.o
LOAD obj_zoul/coap-blocking-api.o
LOAD obj_zoul/coap-callback-api.o
LOAD obj_zoul/coap-engine.o
LOAD obj_zoul/coap-res-well-known-core.o
LOAD obj_zoul/coap-separate.o
LOAD obj_zoul/coap-observe.o
LOAD obj_zoul/coap-timer-default.o
LOAD obj_zoul/coap-transactions.o
LOAD obj_zoul/coap-keystore-simple.o
LOAD obj_zoul/coap.o
LOAD obj_zoul/coap-uip.o
LOAD obj_zoul/coap-timer.o
LOAD obj_zoul/coap-block1.o
LOAD obj_zoul/coap-log.o
LOAD obj_zoul/contiki-main.o
LOAD obj_zoul/autostart.o
LOAD obj_zoul/ctimer.o
LOAD obj_zoul/log.o
LOAD obj_zoul/energest.o
LOAD obj_zoul/etimer.o
LOAD obj_zoul/node-id.o
LOAD obj_zoul/mutex.o
LOAD obj_zoul/stimer.o
LOAD obj_zoul/compower.o
LOAD obj_zoul/process.o
LOAD obj_zoul/rtimer.o
LOAD obj_zoul/timer.o
LOAD obj_zoul/stack-check.o
LOAD obj_zoul/button-hal.o
LOAD obj_zoul/serial-line.o
LOAD obj_zoul/spi.o
LOAD obj_zoul/nullradio.o
LOAD obj_zoul/gpio-hal.o
LOAD obj_zoul/dbl-list.o
LOAD obj_zoul/dbl-circ-list.o
LOAD obj_zoul/crc16.o
LOAD obj_zoul/ifft.o
LOAD obj_zoul/ccm-star.o
LOAD obj_zoul/sensors.o
LOAD obj_zoul/ringbufindex.o
LOAD obj_zoul/list.o
LOAD obj_zoul/circular-list.o
LOAD obj_zoul/aes-128.o
LOAD obj_zoul/trickle-timer.o
LOAD obj_zoul/memb.o
LOAD obj_zoul/heapmem.o
LOAD obj_zoul/random.o
LOAD obj_zoul/assert.o
LOAD obj_zoul/ringbuf.o
LOAD obj_zoul/queuebuf.o
LOAD obj_zoul/nbr-table.o
LOAD obj_zoul/packetbuf.o
LOAD obj_zoul/netstack.o
LOAD obj_zoul/linkaddr.o
LOAD obj_zoul/net-debug.o
LOAD obj_zoul/link-stats.o
LOAD obj_zoul/mac-sequence.o
LOAD obj_zoul/mac.o
LOAD obj_zoul/frame802154e-ie.o
LOAD obj_zoul/framer-802154.o
LOAD obj_zoul/nullframer.o
LOAD obj_zoul/frame802154.o
LOAD obj_zoul/ff.o
LOAD obj_zoul/syscall.o
LOAD obj_zoul/unicode.o
LOAD obj_zoul/diskio.o
LOAD obj_zoul/mmc.o
LOAD obj_zoul/strformat.o
LOAD obj_zoul/printf.o
LOAD obj_zoul/sprintf.o
LOAD obj_zoul/snprintf.o
LOAD obj_zoul/puts.o
LOAD obj_zoul/putchar.o
LOAD obj_zoul/syscalls.o
LOAD obj_zoul/cc1200-868-fsk-1-2kbps.o
LOAD obj_zoul/cc1200-802154g-863-870-fsk-50kbps.o
LOAD obj_zoul/cc1200.o
LOAD obj_zoul/rgb-led.o
LOAD obj_zoul/csma.o
LOAD obj_zoul/csma-output.o
LOAD obj_zoul/uipbuf.o
LOAD obj_zoul/uip-icmp6.o
LOAD obj_zoul/uip-sr.o
LOAD obj_zoul/uip-ds6.o
LOAD obj_zoul/uip-packetqueue.o
LOAD obj_zoul/tcp-socket.o
LOAD obj_zoul/uip-udp-packet.o
LOAD obj_zoul/ip64-addr.o
LOAD obj_zoul/uip-ds6-route.o
LOAD obj_zoul/psock.o
LOAD obj_zoul/tcpip.o
LOAD obj_zoul/uip6.o
LOAD obj_zoul/resolv.o
LOAD obj_zoul/uip-ds6-nbr.o
LOAD obj_zoul/uip-nameserver.o
LOAD obj_zoul/uip-nd6.o
LOAD obj_zoul/udp-socket.o
LOAD obj_zoul/simple-udp.o
LOAD obj_zoul/sicslowpan.o
LOAD obj_zoul/uiplib.o
LOAD obj_zoul/rpl-nbr-policy.o
LOAD obj_zoul/rpl-of0.o
LOAD obj_zoul/rpl-neighbor.o
LOAD obj_zoul/rpl-dag.o
LOAD obj_zoul/rpl-timers.o
LOAD obj_zoul/rpl-ext-header.o
LOAD obj_zoul/rpl.o
LOAD obj_zoul/rpl-mrhof.o
LOAD obj_zoul/rpl-icmp6.o
LOAD obj_zoul/rpl-dag-root.o
LOAD obj_zoul/dtls-support.o
LOAD obj_zoul/dtls-ccm.o
LOAD obj_zoul/dtls.o
LOAD obj_zoul/dtls-hmac.o
LOAD obj_zoul/dtls-peer.o
LOAD obj_zoul/netq.o
LOAD obj_zoul/dtls-log.o
LOAD obj_zoul/dtls-crypto.o
LOAD obj_zoul/rijndael.o
LOAD obj_zoul/sha2.o
LOAD obj_zoul/ecc.o
LOAD coap-example-server.o
LOAD /usr/lib/gcc/arm-none-eabi/5.4.1/../../../arm-none-eabi/lib/armv7-m/libm.a
START GROUP
LOAD /usr/lib/gcc/arm-none-eabi/5.4.1/armv7-m/libgcc.a
LOAD /usr/lib/gcc/arm-none-eabi/5.4.1/../../../arm-none-eabi/lib/armv7-m/libc.a
END GROUP

.text           0x00202000    0x17328
                0x00202000                _text = .
 *(SORT(.vectors))
 .vectors       0x00202000      0x28c obj_zoul/startup-gcc.o
                0x00202000                vectors
 *(SORT(.text*))
 *fill*         0x0020228c        0x4 00000000
 .text.process_thread_er_example_server
                0x00202290      0x968 coap-example-server.o
 .text.reset_handler
                0x00202bf8       0x40 obj_zoul/startup-gcc.o
                0x00202bf8                reset_handler
 .text.configure
                0x00202c38       0x5c obj_zoul/dht22.o
 .text.value    0x00202c94      0x194 obj_zoul/dht22.o
 .text.dht22_read_all
                0x00202e28       0x48 obj_zoul/dht22.o
                0x00202e28                dht22_read_all
 .text.platform_init_stage_two
                0x00202e70       0x4c obj_zoul/platform.o
                0x00202e70                platform_init_stage_two
 .text.platform_init_stage_three
                0x00202ebc      0x14c obj_zoul/platform.o
                0x00202ebc                platform_init_stage_three
 .text.leds_on  0x00203008       0x60 obj_zoul/leds.o
                0x00203008                leds_on
 .text.leds_off
                0x00203068       0x48 obj_zoul/leds.o
                0x00203068                leds_off
 .text.leds_init
                0x002030b0       0x44 obj_zoul/leds.o
                0x002030b0                leds_init
 .text.leds_toggle
                0x002030f4       0x24 obj_zoul/leds.o
                0x002030f4                leds_toggle
 .text.configure
                0x00203118       0xe4 obj_zoul/adc-zoul.o
 .text.value    0x002031fc       0x74 obj_zoul/adc-zoul.o
 .text.antenna_sw_config
                0x00203270       0x30 obj_zoul/antenna-sw.o
                0x00203270                antenna_sw_config
 .text.rtcc_interrupt_handler
                0x002032a0        0xc obj_zoul/rtcc.o
 .text.process_thread_rtcc_int_process
                0x002032ac       0x78 obj_zoul/rtcc.o
 .text.rtcc_init
                0x00203324       0x9c obj_zoul/rtcc.o
                0x00203324                rtcc_init
 .text.soc_get_rev
                0x002033c0       0x18 obj_zoul/soc.o
                0x002033c0                soc_get_rev
 .text.soc_print_info
                0x002033d8       0x10 obj_zoul/soc.o
                0x002033d8                soc_print_info
 .text.update_ticks
                0x002033e8       0x4c obj_zoul/clock.o
 .text.clock_init
                0x00203434       0x4c obj_zoul/clock.o
                0x00203434                clock_init
 .text.clock_time
                0x00203480       0x14 obj_zoul/clock.o
                0x00203480                clock_time
 .text.clock_seconds
                0x00203494       0x14 obj_zoul/clock.o
                0x00203494                clock_seconds
 .text.clock_delay_usec
                0x002034a8       0x1c obj_zoul/clock.o
                0x002034a8                clock_delay_usec
 .text.clock_adjust
                0x002034c4       0x20 obj_zoul/clock.o
                0x002034c4                clock_adjust
 .text.rtimer_arch_next_trigger
                0x002034e4        0xc obj_zoul/rtimer-arch.o
                0x002034e4                rtimer_arch_next_trigger
 .text.rtimer_arch_now
                0x002034f0       0x2c obj_zoul/rtimer-arch.o
                0x002034f0                rtimer_arch_now
 .text.rtimer_arch_schedule
                0x0020351c       0x58 obj_zoul/rtimer-arch.o
                0x0020351c                rtimer_arch_schedule
 .text.rtimer_isr
                0x00203574       0x2c obj_zoul/rtimer-arch.o
                0x00203574                rtimer_isr
 .text.permit_pm1
                0x002035a0       0x24 obj_zoul/uart.o
 .text.uart_isr
                0x002035c4       0x64 obj_zoul/uart.o
 .text.uart_init
                0x00203628      0x198 obj_zoul/uart.o
                0x00203628                uart_init
 .text.uart_set_input
                0x002037c0       0x10 obj_zoul/uart.o
                0x002037c0                uart_set_input
 .text.uart_write_byte
                0x002037d0       0x1c obj_zoul/uart.o
                0x002037d0                uart_write_byte
 .text.watchdog_init
                0x002037ec        0xc obj_zoul/watchdog.o
                0x002037ec                watchdog_init
 .text.watchdog_start
                0x002037f8        0xc obj_zoul/watchdog.o
                0x002037f8                watchdog_start
 .text.watchdog_periodic
                0x00203804       0x10 obj_zoul/watchdog.o
                0x00203804                watchdog_periodic
 .text.nvic_init
                0x00203814       0x10 obj_zoul/nvic.o
                0x00203814                nvic_init
 .text.sys_ctrl_init
                0x00203824       0x74 obj_zoul/sys-ctrl.o
                0x00203824                sys_ctrl_init
 .text.gpio_port_isr
                0x00203898       0x4c obj_zoul/gpio.o
 .text.ioc_init
                0x002038e4       0x1c obj_zoul/ioc.o
                0x002038e4                ioc_init
 .text.ioc_set_over
                0x00203900       0x14 obj_zoul/ioc.o
                0x00203900                ioc_set_over
 .text.ioc_set_sel
                0x00203914       0x14 obj_zoul/ioc.o
                0x00203914                ioc_set_sel
 .text.adc_init
                0x00203928       0x10 obj_zoul/adc.o
                0x00203928                adc_init
 .text.adc_get  0x00203938       0x74 obj_zoul/adc.o
                0x00203938                adc_get
 .text.permit_pm1
                0x002039ac       0x10 obj_zoul/crypto.o
 .text.crypto_isr
                0x002039bc       0x28 obj_zoul/crypto.o
                0x002039bc                crypto_isr
 .text.crypto_enable
                0x002039e4       0x20 obj_zoul/crypto.o
                0x002039e4                crypto_enable
 .text.crypto_init
                0x00203a04       0x3c obj_zoul/crypto.o
                0x00203a04                crypto_init
 .text.crypto_disable
                0x00203a40       0x20 obj_zoul/crypto.o
                0x00203a40                crypto_disable
 .text.gpio_hal_arch_pin_cfg_set
                0x00203a60       0xe4 obj_zoul/gpio-hal-arch.o
                0x00203a60                gpio_hal_arch_pin_cfg_set
 .text.on       0x00203b44       0x2c obj_zoul/cc2538-rf.o
                0x00203b44                on
 .text.off      0x00203b70       0x44 obj_zoul/cc2538-rf.o
                0x00203b70                off
 .text.set_channel
                0x00203bb4       0x48 obj_zoul/cc2538-rf.o
 .text.channel_clear
                0x00203bfc       0x3c obj_zoul/cc2538-rf.o
                0x00203bfc                channel_clear
 .text.receiving_packet
                0x00203c38       0x18 obj_zoul/cc2538-rf.o
 .text.pending_packet
                0x00203c50       0x10 obj_zoul/cc2538-rf.o
 .text.get_value
                0x00203c60      0x164 obj_zoul/cc2538-rf.o
 .text.prepare  0x00203dc4       0x64 obj_zoul/cc2538-rf.o
 .text.transmit
                0x00203e28       0x98 obj_zoul/cc2538-rf.o
 .text.set_poll_mode
                0x00203ec0       0x9c obj_zoul/cc2538-rf.o
 .text.set_value
                0x00203f5c       0xf8 obj_zoul/cc2538-rf.o
 .text.set_object
                0x00204054       0x30 obj_zoul/cc2538-rf.o
 .text.read     0x00204084       0xe0 obj_zoul/cc2538-rf.o
 .text.init     0x00204164       0xc8 obj_zoul/cc2538-rf.o
 .text.process_thread_cc2538_rf_process
                0x0020422c       0x90 obj_zoul/cc2538-rf.o
 .text.get_object
                0x002042bc      0x144 obj_zoul/cc2538-rf.o
 .text.cc2538_rf_rx_tx_isr
                0x00204400       0x24 obj_zoul/cc2538-rf.o
                0x00204400                cc2538_rf_rx_tx_isr
 .text.cc2538_rf_err_isr
                0x00204424       0x28 obj_zoul/cc2538-rf.o
                0x00204424                cc2538_rf_err_isr
 .text.udma_init
                0x0020444c       0x34 obj_zoul/udma.o
                0x0020444c                udma_init
 .text.udma_set_channel_src
                0x00204480       0x10 obj_zoul/udma.o
                0x00204480                udma_set_channel_src
 .text.udma_set_channel_dst
                0x00204490       0x14 obj_zoul/udma.o
                0x00204490                udma_set_channel_dst
 .text.udma_set_channel_control_word
                0x002044a4       0x14 obj_zoul/udma.o
                0x002044a4                udma_set_channel_control_word
 .text.udma_channel_enable
                0x002044b8       0x18 obj_zoul/udma.o
                0x002044b8                udma_channel_enable
 .text.udma_channel_mask_set
                0x002044d0       0x18 obj_zoul/udma.o
                0x002044d0                udma_channel_mask_set
 .text.udma_channel_sw_request
                0x002044e8       0x18 obj_zoul/udma.o
                0x002044e8                udma_channel_sw_request
 .text.udma_channel_get_mode
                0x00204500       0x1c obj_zoul/udma.o
                0x00204500                udma_channel_get_mode
 .text.udma_isr
                0x0020451c       0x10 obj_zoul/udma.o
                0x0020451c                udma_isr
 .text.udma_err_isr
                0x0020452c        0xc obj_zoul/udma.o
                0x0020452c                udma_err_isr
 .text.select_32_mhz_xosc
                0x00204538       0x30 obj_zoul/lpm.o
 .text.lpm_exit
                0x00204568       0x34 obj_zoul/lpm.o
                0x00204568                lpm_exit
 .text.lpm_enter
                0x0020459c       0xb8 obj_zoul/lpm.o
                0x0020459c                lpm_enter
 .text.lpm_register_peripheral
                0x00204654       0x24 obj_zoul/lpm.o
                0x00204654                lpm_register_peripheral
 .text.lpm_init
                0x00204678       0x24 obj_zoul/lpm.o
                0x00204678                lpm_init
 .text.pka_isr  0x0020469c       0x28 obj_zoul/pka.o
                0x0020469c                pka_isr
 .text.ieee_addr_cpy_to
                0x002046c4       0x60 obj_zoul/ieee-addr.o
                0x002046c4                ieee_addr_cpy_to
 .text.i2c_master_enable
                0x00204724       0x10 obj_zoul/i2c.o
                0x00204724                i2c_master_enable
 .text.i2c_set_frequency
                0x00204734       0x1c obj_zoul/i2c.o
                0x00204734                i2c_set_frequency
 .text.i2c_init
                0x00204750       0xc8 obj_zoul/i2c.o
                0x00204750                i2c_init
 .text.i2c_master_command
                0x00204818       0x10 obj_zoul/i2c.o
                0x00204818                i2c_master_command
 .text.i2c_master_error
                0x00204828       0x1c obj_zoul/i2c.o
                0x00204828                i2c_master_error
 .text.i2c_single_send
                0x00204844       0x28 obj_zoul/i2c.o
                0x00204844                i2c_single_send
 .text.i2c_single_receive
                0x0020486c       0x38 obj_zoul/i2c.o
                0x0020486c                i2c_single_receive
 .text.i2c_burst_send
                0x002048a4       0x98 obj_zoul/i2c.o
                0x002048a4                i2c_burst_send
 .text.i2c_burst_receive
                0x0020493c       0x98 obj_zoul/i2c.o
                0x0020493c                i2c_burst_receive
 .text.res_get_handler
                0x002049d4       0x3c obj_zoul/res-separate.o
 .text.res_resume_handler
                0x00204a10       0x68 obj_zoul/res-separate.o
 .text.res_event_handler
                0x00204a78       0x44 obj_zoul/res-event.o
 .text.res_get_handler
                0x00204abc       0x34 obj_zoul/res-event.o
 .text.res_get_handler
                0x00204af0       0xbc obj_zoul/res-allsensors.o
 .text.process_callback
                0x00204bac       0x3c obj_zoul/coap-engine.o
 .text.coap_call_handlers
                0x00204be8       0x54 obj_zoul/coap-engine.o
                0x00204be8                coap_call_handlers
 .text.coap_receive
                0x00204c3c      0x394 obj_zoul/coap-engine.o
                0x00204c3c                coap_receive
 .text.coap_activate_resource
                0x00204fd0       0x40 obj_zoul/coap-engine.o
                0x00204fd0                coap_activate_resource
 .text.coap_engine_init
                0x00205010       0x44 obj_zoul/coap-engine.o
                0x00205010                coap_engine_init
 .text.coap_get_first_resource
                0x00205054        0xc obj_zoul/coap-engine.o
                0x00205054                coap_get_first_resource
 .text.well_known_core_get_handler
                0x00205060      0x15c obj_zoul/coap-res-well-known-core.o
 .text.coap_separate_reject
                0x002051bc       0x1c obj_zoul/coap-separate.o
                0x002051bc                coap_separate_reject
 .text.coap_separate_accept
                0x002051d8       0xac obj_zoul/coap-separate.o
                0x002051d8                coap_separate_accept
 .text.coap_remove_observer
                0x00205284       0x20 obj_zoul/coap-observe.o
                0x00205284                coap_remove_observer
 .text.coap_remove_observer_by_client
                0x002052a4       0x30 obj_zoul/coap-observe.o
                0x002052a4                coap_remove_observer_by_client
 .text.coap_remove_observer_by_token
                0x002052d4       0x50 obj_zoul/coap-observe.o
                0x002052d4                coap_remove_observer_by_token
 .text.coap_remove_observer_by_uri
                0x00205324       0x58 obj_zoul/coap-observe.o
                0x00205324                coap_remove_observer_by_uri
 .text.coap_remove_observer_by_mid
                0x0020537c       0x38 obj_zoul/coap-observe.o
                0x0020537c                coap_remove_observer_by_mid
 .text.coap_notify_observers_sub
                0x002053b4      0x190 obj_zoul/coap-observe.o
                0x002053b4                coap_notify_observers_sub
 .text.coap_observe_handler
                0x00205544       0xd4 obj_zoul/coap-observe.o
                0x00205544                coap_observe_handler
 .text.update   0x00205618        0xc obj_zoul/coap-timer-default.o
 .text.process_thread_coap_timer_process
                0x00205624       0x84 obj_zoul/coap-timer-default.o
 .text.uptime   0x002056a8       0x3c obj_zoul/coap-timer-default.o
 .text.init     0x002056e4        0xc obj_zoul/coap-timer-default.o
 .text.coap_new_transaction
                0x002056f0       0x34 obj_zoul/coap-transactions.o
                0x002056f0                coap_new_transaction
 .text.coap_clear_transaction
                0x00205724       0x2c obj_zoul/coap-transactions.o
                0x00205724                coap_clear_transaction
 .text.coap_send_transaction
                0x00205750       0x94 obj_zoul/coap-transactions.o
                0x00205750                coap_send_transaction
 .text.coap_get_transaction_by_mid
                0x002057e4       0x1c obj_zoul/coap-transactions.o
                0x002057e4                coap_get_transaction_by_mid
 .text.coap_init_connection
                0x00205800       0x10 obj_zoul/coap.o
                0x00205800                coap_init_connection
 .text.coap_get_mid
                0x00205810       0x10 obj_zoul/coap.o
                0x00205810                coap_get_mid
 .text.coap_serialize_message
                0x00205820      0x34c obj_zoul/coap.o
                0x00205820                coap_serialize_message
 .text.coap_parse_message
                0x00205b6c      0x2dc obj_zoul/coap.o
                0x00205b6c                coap_parse_message
 .text.get_src_endpoint
                0x00205e48       0x44 obj_zoul/coap-uip.o
 .text.get_psk_info
                0x00205e8c      0x230 obj_zoul/coap-uip.o
 .text.input_from_peer
                0x002060bc       0x94 obj_zoul/coap-uip.o
 .text.output_to_peer
                0x00206150       0x5c obj_zoul/coap-uip.o
 .text.process_thread_coap_engine
                0x002061ac      0x1c0 obj_zoul/coap-uip.o
 .text.coap_endpoint_log
                0x0020636c       0x48 obj_zoul/coap-uip.o
                0x0020636c                coap_endpoint_log
 .text.coap_endpoint_is_connected
                0x002063b4       0xa0 obj_zoul/coap-uip.o
                0x002063b4                coap_endpoint_is_connected
 .text.coap_databuf
                0x00206454        0xc obj_zoul/coap-uip.o
                0x00206454                coap_databuf
 .text.coap_transport_init
                0x00206460       0x18 obj_zoul/coap-uip.o
                0x00206460                coap_transport_init
 .text.coap_sendto
                0x00206478      0x104 obj_zoul/coap-uip.o
                0x00206478                coap_sendto
 .text.coap_timer_uptime
                0x0020657c        0xc obj_zoul/coap-timer.o
 .text.coap_timer_stop
                0x00206588       0x1c obj_zoul/coap-timer.o
                0x00206588                coap_timer_stop
 .text.coap_timer_time_to_next_expiration
                0x002065a4       0x34 obj_zoul/coap-timer.o
                0x002065a4                coap_timer_time_to_next_expiration
 .text.coap_timer_run
                0x002065d8       0x64 obj_zoul/coap-timer.o
                0x002065d8                coap_timer_run
 .text.coap_timer_init
                0x0020663c       0x2c obj_zoul/coap-timer.o
                0x0020663c                coap_timer_init
 .text.add_timer
                0x00206668       0x70 obj_zoul/coap-timer.o
 .text.coap_log_string
                0x002066d8       0x30 obj_zoul/coap-log.o
                0x002066d8                coap_log_string
 .text.startup.main
                0x00206708      0x1e8 obj_zoul/contiki-main.o
                0x00206708                main
 .text.process_thread_ctimer_process
                0x002068f0       0x80 obj_zoul/ctimer.o
 .text.ctimer_init
                0x00206970       0x28 obj_zoul/ctimer.o
                0x00206970                ctimer_init
 .text.ctimer_set_with_process
                0x00206998       0x44 obj_zoul/ctimer.o
                0x00206998                ctimer_set_with_process
 .text.ctimer_set
                0x002069dc       0x14 obj_zoul/ctimer.o
                0x002069dc                ctimer_set
 .text.ctimer_reset
                0x002069f0       0x38 obj_zoul/ctimer.o
                0x002069f0                ctimer_reset
 .text.ctimer_stop
                0x00206a28       0x2c obj_zoul/ctimer.o
                0x00206a28                ctimer_stop
 .text.ctimer_expired
                0x00206a54       0x34 obj_zoul/ctimer.o
                0x00206a54                ctimer_expired
 .text.log_6addr
                0x00206a88       0x20 obj_zoul/log.o
                0x00206a88                log_6addr
 .text.log_lladdr
                0x00206aa8       0x3c obj_zoul/log.o
                0x00206aa8                log_lladdr
 .text.update_time
                0x00206ae4       0x44 obj_zoul/etimer.o
 .text.etimer_request_poll
                0x00206b28        0xc obj_zoul/etimer.o
                0x00206b28                etimer_request_poll
 .text.process_thread_etimer_process
                0x00206b34       0xac obj_zoul/etimer.o
 .text.add_timer
                0x00206be0       0x40 obj_zoul/etimer.o
 .text.etimer_pending
                0x00206c20       0x10 obj_zoul/etimer.o
                0x00206c20                etimer_pending
 .text.etimer_stop
                0x00206c30       0x34 obj_zoul/etimer.o
                0x00206c30                etimer_stop
 .text.node_id_init
                0x00206c64       0x18 obj_zoul/node-id.o
                0x00206c64                node_id_init
 .text.stimer_expired
                0x00206c7c       0x20 obj_zoul/stimer.o
                0x00206c7c                stimer_expired
 .text.call_process.part.0
                0x00206c9c       0x38 obj_zoul/process.o
 .text.exit_process
                0x00206cd4       0x80 obj_zoul/process.o
 .text.do_poll  0x00206d54       0x34 obj_zoul/process.o
 .text.process_alloc_event
                0x00206d88       0x10 obj_zoul/process.o
                0x00206d88                process_alloc_event
 .text.process_init
                0x00206d98       0x30 obj_zoul/process.o
                0x00206d98                process_init
 .text.process_run
                0x00206dc8       0x84 obj_zoul/process.o
                0x00206dc8                process_run
 .text.process_nevents
                0x00206e4c       0x14 obj_zoul/process.o
                0x00206e4c                process_nevents
 .text.process_post
                0x00206e60       0x3c obj_zoul/process.o
                0x00206e60                process_post
 .text.process_post_synch
                0x00206e9c       0x14 obj_zoul/process.o
                0x00206e9c                process_post_synch
 .text.process_start
                0x00206eb0       0x30 obj_zoul/process.o
                0x00206eb0                process_start
 .text.process_poll
                0x00206ee0       0x18 obj_zoul/process.o
                0x00206ee0                process_poll
 .text.rtimer_run_next
                0x00206ef8       0x28 obj_zoul/rtimer.o
                0x00206ef8                rtimer_run_next
 .text.stack_check_init
                0x00206f20       0x28 obj_zoul/stack-check.o
                0x00206f20                stack_check_init
 .text.stack_check_get_usage
                0x00206f48       0x44 obj_zoul/stack-check.o
                0x00206f48                stack_check_get_usage
 .text.process_thread_stack_check_process
                0x00206f8c       0x88 obj_zoul/stack-check.o
 .text.duration_exceeded_callback
                0x00207014       0x34 obj_zoul/button-hal.o
 .text.process_thread_button_hal_process
                0x00207048       0x70 obj_zoul/button-hal.o
 .text.press_release_handler
                0x002070b8       0x18 obj_zoul/button-hal.o
 .text.debounce_handler
                0x002070d0       0x64 obj_zoul/button-hal.o
 .text.button_hal_init
                0x00207134       0xf8 obj_zoul/button-hal.o
                0x00207134                button_hal_init
 .text.process_thread_serial_line_process
                0x0020722c       0x9c obj_zoul/serial-line.o
 .text.serial_line_input_byte
                0x002072c8       0x44 obj_zoul/serial-line.o
                0x002072c8                serial_line_input_byte
 .text.serial_line_init
                0x0020730c       0x24 obj_zoul/serial-line.o
                0x0020730c                serial_line_init
 .text.gpio_hal_register_handler
                0x00207330        0xc obj_zoul/gpio-hal.o
                0x00207330                gpio_hal_register_handler
 .text.gpio_hal_event_handler
                0x0020733c       0x24 obj_zoul/gpio-hal.o
                0x0020733c                gpio_hal_event_handler
 .text.gpio_hal_init
                0x00207360        0xc obj_zoul/gpio-hal.o
                0x00207360                gpio_hal_init
 .text.process_thread_sensors_process
                0x0020736c       0xdc obj_zoul/sensors.o
 .text.random_rand
                0x00207448       0x20 obj_zoul/random.o
                0x00207448                random_rand
 .text.random_init
                0x00207468       0x7c obj_zoul/random.o
                0x00207468                random_init
 .text._xassert
                0x002074e4       0x10 obj_zoul/assert.o
                0x002074e4                _xassert
 .text.queuebuf_init
                0x002074f4       0x1c obj_zoul/queuebuf.o
                0x002074f4                queuebuf_init
 .text.queuebuf_numfree
                0x00207510        0xc obj_zoul/queuebuf.o
                0x00207510                queuebuf_numfree
 .text.queuebuf_new_from_packetbuf
                0x0020751c       0x44 obj_zoul/queuebuf.o
                0x0020751c                queuebuf_new_from_packetbuf
 .text.queuebuf_free
                0x00207560       0x2c obj_zoul/queuebuf.o
                0x00207560                queuebuf_free
 .text.queuebuf_to_packetbuf
                0x0020758c       0x30 obj_zoul/queuebuf.o
                0x0020758c                queuebuf_to_packetbuf
 .text.index_from_key
                0x002075bc       0x20 obj_zoul/nbr-table.o
 .text.index_from_lladdr
                0x002075dc       0x40 obj_zoul/nbr-table.o
 .text.nbr_get_bit.constprop.0
                0x0020761c       0x2c obj_zoul/nbr-table.o
 .text.nbr_table_is_registered
                0x00207648       0x20 obj_zoul/nbr-table.o
                0x00207648                nbr_table_is_registered
 .text.nbr_table_register
                0x00207668       0x30 obj_zoul/nbr-table.o
                0x00207668                nbr_table_register
 .text.nbr_table_next
                0x00207698       0x48 obj_zoul/nbr-table.o
                0x00207698                nbr_table_next
 .text.nbr_table_head
                0x002076e0       0x38 obj_zoul/nbr-table.o
                0x002076e0                nbr_table_head
 .text.nbr_table_add_lladdr
                0x00207718      0x164 obj_zoul/nbr-table.o
                0x00207718                nbr_table_add_lladdr
 .text.nbr_table_remove
                0x0020787c       0x2c obj_zoul/nbr-table.o
                0x0020787c                nbr_table_remove
 .text.nbr_table_lock
                0x002078a8       0x10 obj_zoul/nbr-table.o
                0x002078a8                nbr_table_lock
 .text.nbr_table_unlock
                0x002078b8       0x10 obj_zoul/nbr-table.o
                0x002078b8                nbr_table_unlock
 .text.nbr_table_get_lladdr
                0x002078c8       0x24 obj_zoul/nbr-table.o
                0x002078c8                nbr_table_get_lladdr
 .text.packetbuf_hdrreduce
                0x002078ec       0x28 obj_zoul/packetbuf.o
                0x002078ec                packetbuf_hdrreduce
 .text.packetbuf_set_datalen
                0x00207914        0xc obj_zoul/packetbuf.o
                0x00207914                packetbuf_set_datalen
 .text.packetbuf_hdrptr
                0x00207920        0x8 obj_zoul/packetbuf.o
                0x00207920                packetbuf_hdrptr
 .text.packetbuf_datalen
                0x00207928        0xc obj_zoul/packetbuf.o
                0x00207928                packetbuf_datalen
 .text.packetbuf_hdrlen
                0x00207934       0x18 obj_zoul/packetbuf.o
                0x00207934                packetbuf_hdrlen
 .text.packetbuf_dataptr
                0x0020794c       0x10 obj_zoul/packetbuf.o
                0x0020794c                packetbuf_dataptr
 .text.packetbuf_copyto
                0x0020795c       0x44 obj_zoul/packetbuf.o
                0x0020795c                packetbuf_copyto
 .text.packetbuf_totlen
                0x002079a0       0x14 obj_zoul/packetbuf.o
                0x002079a0                packetbuf_totlen
 .text.packetbuf_hdralloc
                0x002079b4       0x3c obj_zoul/packetbuf.o
                0x002079b4                packetbuf_hdralloc
 .text.packetbuf_attr_clear
                0x002079f0       0x34 obj_zoul/packetbuf.o
                0x002079f0                packetbuf_attr_clear
 .text.packetbuf_clear
                0x00207a24       0x20 obj_zoul/packetbuf.o
                0x00207a24                packetbuf_clear
 .text.packetbuf_copyfrom
                0x00207a44       0x2c obj_zoul/packetbuf.o
                0x00207a44                packetbuf_copyfrom
 .text.packetbuf_attr_copyto
                0x00207a70       0x24 obj_zoul/packetbuf.o
                0x00207a70                packetbuf_attr_copyto
 .text.packetbuf_attr_copyfrom
                0x00207a94       0x24 obj_zoul/packetbuf.o
                0x00207a94                packetbuf_attr_copyfrom
 .text.packetbuf_set_attr
                0x00207ab8       0x10 obj_zoul/packetbuf.o
                0x00207ab8                packetbuf_set_attr
 .text.packetbuf_attr
                0x00207ac8        0xc obj_zoul/packetbuf.o
                0x00207ac8                packetbuf_attr
 .text.packetbuf_set_addr
                0x00207ad4       0x18 obj_zoul/packetbuf.o
                0x00207ad4                packetbuf_set_addr
 .text.packetbuf_addr
                0x00207aec       0x10 obj_zoul/packetbuf.o
                0x00207aec                packetbuf_addr
 .text.packetbuf_holds_broadcast
                0x00207afc       0x10 obj_zoul/packetbuf.o
                0x00207afc                packetbuf_holds_broadcast
 .text.netstack_process_ip_callback
                0x00207b0c       0x40 obj_zoul/netstack.o
                0x00207b0c                netstack_process_ip_callback
 .text.netstack_init
                0x00207b4c       0x24 obj_zoul/netstack.o
                0x00207b4c                netstack_init
 .text.periodic
                0x00207b70       0x2c obj_zoul/link-stats.o
 .text.link_stats_from_lladdr
                0x00207b9c        0xc obj_zoul/link-stats.o
                0x00207b9c                link_stats_from_lladdr
 .text.link_stats_packet_sent
                0x00207ba8       0x74 obj_zoul/link-stats.o
                0x00207ba8                link_stats_packet_sent
 .text.link_stats_input_callback
                0x00207c1c       0x4c obj_zoul/link-stats.o
                0x00207c1c                link_stats_input_callback
 .text.link_stats_reset
                0x00207c68       0x24 obj_zoul/link-stats.o
                0x00207c68                link_stats_reset
 .text.link_stats_init
                0x00207c8c       0x28 obj_zoul/link-stats.o
                0x00207c8c                link_stats_init
 .text.mac_sequence_is_duplicate
                0x00207cb4       0x4c obj_zoul/mac-sequence.o
                0x00207cb4                mac_sequence_is_duplicate
 .text.mac_sequence_register_seqno
                0x00207d00       0x60 obj_zoul/mac-sequence.o
                0x00207d00                mac_sequence_register_seqno
 .text.create_frame
                0x00207d60       0xd0 obj_zoul/framer-802154.o
 .text.frame802154_get_pan_id
                0x00207e30        0xc obj_zoul/frame802154.o
                0x00207e30                frame802154_get_pan_id
 .text.frame802154_parse
                0x00207e3c      0x124 obj_zoul/frame802154.o
                0x00207e3c                frame802154_parse
 .text.fill_space
                0x00207f60       0x34 obj_zoul/strformat.o
 .text.format_str_v
                0x00207f94      0x6c8 obj_zoul/strformat.o
                0x00207f94                format_str_v
 .text.printf   0x0020865c       0x20 obj_zoul/printf.o
                0x0020865c                printf
 .text.sprintf  0x0020867c       0x30 obj_zoul/sprintf.o
                0x0020867c                sprintf
 .text.vsnprintf
                0x002086ac       0x28 obj_zoul/snprintf.o
                0x002086ac                vsnprintf
 .text.on       0x002086d4        0xc obj_zoul/csma.o
 .text.off      0x002086e0        0xc obj_zoul/csma.o
 .text.input_packet
                0x002086ec       0x54 obj_zoul/csma.o
 .text.schedule_transmission
                0x00208740       0x38 obj_zoul/csma-output.o
 .text.tx_done  0x00208778       0x84 obj_zoul/csma-output.o
 .text.transmit_from_queue
                0x002087fc      0x1dc obj_zoul/csma-output.o
 .text.csma_output_packet
                0x002089d8      0x13c obj_zoul/csma-output.o
                0x002089d8                csma_output_packet
 .text.csma_output_init
                0x00208b14       0x28 obj_zoul/csma-output.o
                0x00208b14                csma_output_init
 .text.uipbuf_get_attr
                0x00208b3c       0x14 obj_zoul/uipbuf.o
                0x00208b3c                uipbuf_get_attr
 .text.uipbuf_clear_attr
                0x00208b50       0x18 obj_zoul/uipbuf.o
                0x00208b50                uipbuf_clear_attr
 .text.echo_reply_input
                0x00208b68       0xa4 obj_zoul/uip-icmp6.o
 .text.echo_request_input
                0x00208c0c       0xcc obj_zoul/uip-icmp6.o
 .text.uip_icmp6_input
                0x00208cd8       0x38 obj_zoul/uip-icmp6.o
                0x00208cd8                uip_icmp6_input
 .text.uip_icmp6_register_input_handler
                0x00208d10        0xc obj_zoul/uip-icmp6.o
                0x00208d10                uip_icmp6_register_input_handler
 .text.uip_icmp6_error_output
                0x00208d1c      0x150 obj_zoul/uip-icmp6.o
                0x00208d1c                uip_icmp6_error_output
 .text.uip_icmp6_send
                0x00208e6c       0x78 obj_zoul/uip-icmp6.o
                0x00208e6c                uip_icmp6_send
 .text.uip_icmp6_init
                0x00208ee4       0x1c obj_zoul/uip-icmp6.o
                0x00208ee4                uip_icmp6_init
 .text.node_matches_address.part.0
                0x00208f00       0x28 obj_zoul/uip-sr.o
 .text.uip_sr_num_nodes
                0x00208f28        0xc obj_zoul/uip-sr.o
                0x00208f28                uip_sr_num_nodes
 .text.uip_sr_get_node
                0x00208f34       0x34 obj_zoul/uip-sr.o
                0x00208f34                uip_sr_get_node
 .text.uip_sr_is_addr_reachable
                0x00208f68       0x44 obj_zoul/uip-sr.o
                0x00208f68                uip_sr_is_addr_reachable
 .text.uip_sr_update_node
                0x00208fac       0xa4 obj_zoul/uip-sr.o
                0x00208fac                uip_sr_update_node
 .text.uip_sr_init
                0x00209050       0x24 obj_zoul/uip-sr.o
                0x00209050                uip_sr_init
 .text.uip_sr_node_head
                0x00209074        0xc obj_zoul/uip-sr.o
                0x00209074                uip_sr_node_head
 .text.uip_sr_periodic
                0x00209080       0x68 obj_zoul/uip-sr.o
                0x00209080                uip_sr_periodic
 .text.uip_sr_free_all
                0x002090e8       0x40 obj_zoul/uip-sr.o
                0x002090e8                uip_sr_free_all
 .text.uip_sr_link_snprint
                0x00209128       0x8c obj_zoul/uip-sr.o
                0x00209128                uip_sr_link_snprint
 .text.uip_ds6_prefix_add
                0x002091b4       0x64 obj_zoul/uip-ds6.o
                0x002091b4                uip_ds6_prefix_add
 .text.uip_ds6_is_addr_onlink
                0x00209218       0x40 obj_zoul/uip-ds6.o
                0x00209218                uip_ds6_is_addr_onlink
 .text.uip_ds6_addr_lookup
                0x00209258       0x2c obj_zoul/uip-ds6.o
                0x00209258                uip_ds6_addr_lookup
 .text.uip_ds6_get_link_local
                0x00209284       0x40 obj_zoul/uip-ds6.o
                0x00209284                uip_ds6_get_link_local
 .text.uip_ds6_maddr_add
                0x002092c4       0x4c obj_zoul/uip-ds6.o
                0x002092c4                uip_ds6_maddr_add
 .text.uip_ds6_addr_add
                0x00209310       0x94 obj_zoul/uip-ds6.o
                0x00209310                uip_ds6_addr_add
 .text.uip_ds6_maddr_lookup
                0x002093a4       0x2c obj_zoul/uip-ds6.o
                0x002093a4                uip_ds6_maddr_lookup
 .text.uip_ds6_addr_rm
                0x002093d0       0x44 obj_zoul/uip-ds6.o
                0x002093d0                uip_ds6_addr_rm
 .text.uip_ds6_periodic
                0x00209414       0x4c obj_zoul/uip-ds6.o
                0x00209414                uip_ds6_periodic
 .text.uip_ds6_select_src
                0x00209460       0x94 obj_zoul/uip-ds6.o
                0x00209460                uip_ds6_select_src
 .text.uip_ds6_compute_reachable_time
                0x002094f4       0x2c obj_zoul/uip-ds6.o
                0x002094f4                uip_ds6_compute_reachable_time
 .text.uip_ds6_init
                0x00209520       0xe0 obj_zoul/uip-ds6.o
                0x00209520                uip_ds6_init
 .text.uip_udp_packet_send
                0x00209600       0x34 obj_zoul/uip-udp-packet.o
                0x00209600                uip_udp_packet_send
 .text.uip_ds6_route_init
                0x00209634       0x1c obj_zoul/uip-ds6-route.o
                0x00209634                uip_ds6_route_init
 .text.uip_ds6_defrt_rm
                0x00209650       0x38 obj_zoul/uip-ds6-route.o
                0x00209650                uip_ds6_defrt_rm
 .text.uip_ds6_defrt_lookup
                0x00209688       0x34 obj_zoul/uip-ds6-route.o
                0x00209688                uip_ds6_defrt_lookup
 .text.uip_ds6_defrt_add
                0x002096bc       0x60 obj_zoul/uip-ds6-route.o
                0x002096bc                uip_ds6_defrt_add
 .text.uip_ds6_defrt_choose
                0x0020971c       0x30 obj_zoul/uip-ds6-route.o
                0x0020971c                uip_ds6_defrt_choose
 .text.uip_ds6_defrt_periodic
                0x0020974c       0x30 obj_zoul/uip-ds6-route.o
                0x0020974c                uip_ds6_defrt_periodic
 .text.tcpip_output
                0x0020977c       0x40 obj_zoul/tcpip.o
                0x0020977c                tcpip_output
 .text.udp_new  0x002097bc       0x18 obj_zoul/tcpip.o
                0x002097bc                udp_new
 .text.tcpip_input
                0x002097d4       0x34 obj_zoul/tcpip.o
                0x002097d4                tcpip_input
 .text.tcpip_ipv6_output
                0x00209808       0xfc obj_zoul/tcpip.o
                0x00209808                tcpip_ipv6_output
 .text.packet_input
                0x00209904       0x20 obj_zoul/tcpip.o
 .text.process_thread_tcpip_process
                0x00209924       0xbc obj_zoul/tcpip.o
 .text.tcpip_uipcall
                0x002099e0       0x2c obj_zoul/tcpip.o
                0x002099e0                tcpip_uipcall
 .text.upper_layer_chksum
                0x00209a0c       0x54 obj_zoul/uip6.o
 .text.ext_hdr_options_process
                0x00209a60       0xc4 obj_zoul/uip6.o
 .text.uip_init
                0x00209b24       0x38 obj_zoul/uip6.o
                0x00209b24                uip_init
 .text.remove_ext_hdr
                0x00209b5c       0x5c obj_zoul/uip6.o
                0x00209b5c                remove_ext_hdr
 .text.uip_udp_new
                0x00209bb8       0x8c obj_zoul/uip6.o
                0x00209bb8                uip_udp_new
 .text.uip_process
                0x00209c44      0x488 obj_zoul/uip6.o
                0x00209c44                uip_process
 .text.uip_ds6_nbr_rm
                0x0020a0cc       0x24 obj_zoul/uip-ds6-nbr.o
                0x0020a0cc                uip_ds6_nbr_rm
 .text.uip_ds6_neighbors_init
                0x0020a0f0       0x28 obj_zoul/uip-ds6-nbr.o
                0x0020a0f0                uip_ds6_neighbors_init
 .text.uip_ds6_nbr_add
                0x0020a118       0xd8 obj_zoul/uip-ds6-nbr.o
                0x0020a118                uip_ds6_nbr_add
 .text.uip_ds6_nbr_get_ll
                0x0020a1f0       0x10 obj_zoul/uip-ds6-nbr.o
                0x0020a1f0                uip_ds6_nbr_get_ll
 .text.uip_ds6_nbr_lookup
                0x0020a200       0x38 obj_zoul/uip-ds6-nbr.o
                0x0020a200                uip_ds6_nbr_lookup
 .text.uip_ds6_nbr_ll_lookup
                0x0020a238       0x10 obj_zoul/uip-ds6-nbr.o
                0x0020a238                uip_ds6_nbr_ll_lookup
 .text.uip_ds6_nbr_update_ll
                0x0020a248       0xcc obj_zoul/uip-ds6-nbr.o
                0x0020a248                uip_ds6_nbr_update_ll
 .text.ns_input
                0x0020a314      0x34c obj_zoul/uip-nd6.o
 .text.uip_nd6_init
                0x0020a660        0xc obj_zoul/uip-nd6.o
                0x0020a660                uip_nd6_init
 .text.process_thread_simple_udp_process
                0x0020a66c       0xac obj_zoul/simple-udp.o
 .text.simple_udp_register
                0x0020a718       0x80 obj_zoul/simple-udp.o
                0x0020a718                simple_udp_register
 .text.clear_fragments
                0x0020a798       0x3c obj_zoul/sicslowpan.o
 .text.sicslowpan_init
                0x0020a7d4       0x18 obj_zoul/sicslowpan.o
                0x0020a7d4                sicslowpan_init
 .text.set_packet_attrs
                0x0020a7ec       0x40 obj_zoul/sicslowpan.o
 .text.compress_addr_64
                0x0020a82c       0x90 obj_zoul/sicslowpan.o
 .text.addr_context_lookup_by_prefix
                0x0020a8bc       0x24 obj_zoul/sicslowpan.o
 .text.send_packet
                0x0020a8e0       0x24 obj_zoul/sicslowpan.o
 .text.fragment_copy_payload_and_send
                0x0020a904       0x6c obj_zoul/sicslowpan.o
 .text.output   0x0020a970      0x79c obj_zoul/sicslowpan.o
 .text.packet_sent
                0x0020b10c       0x5c obj_zoul/sicslowpan.o
 .text.store_fragment
                0x0020b168       0x58 obj_zoul/sicslowpan.o
 .text.uncompress_addr
                0x0020b1c0       0x90 obj_zoul/sicslowpan.o
 .text.add_fragment
                0x0020b250      0x11c obj_zoul/sicslowpan.o
 .text.input    0x0020b36c      0x740 obj_zoul/sicslowpan.o
 .text.uiplib_ipaddr_snprint
                0x0020baac       0xf0 obj_zoul/uiplib.o
                0x0020baac                uiplib_ipaddr_snprint
 .text.update_state
                0x0020bb9c       0x8c obj_zoul/rpl-nbr-policy.o
 .text.rpl_nbr_policy_find_removable
                0x0020bc28       0x74 obj_zoul/rpl-nbr-policy.o
                0x0020bc28                rpl_nbr_policy_find_removable
 .text.max_acceptable_rank
                0x0020bc9c       0x20 obj_zoul/rpl-neighbor.o
 .text.remove_neighbor
                0x0020bcbc       0x3c obj_zoul/rpl-neighbor.o
 .text.rpl_neighbor_count
                0x0020bcf8       0x28 obj_zoul/rpl-neighbor.o
                0x0020bcf8                rpl_neighbor_count
 .text.rpl_neighbor_get_from_lladdr
                0x0020bd20       0x10 obj_zoul/rpl-neighbor.o
                0x0020bd20                rpl_neighbor_get_from_lladdr
 .text.rpl_neighbor_is_acceptable_parent
                0x0020bd30       0x18 obj_zoul/rpl-neighbor.o
                0x0020bd30                rpl_neighbor_is_acceptable_parent
 .text.rpl_neighbor_get_link_metric
                0x0020bd48       0x18 obj_zoul/rpl-neighbor.o
                0x0020bd48                rpl_neighbor_get_link_metric
 .text.rpl_neighbor_rank_via_nbr
                0x0020bd60       0x18 obj_zoul/rpl-neighbor.o
                0x0020bd60                rpl_neighbor_rank_via_nbr
 .text.rpl_neighbor_get_lladdr
                0x0020bd78       0x10 obj_zoul/rpl-neighbor.o
                0x0020bd78                rpl_neighbor_get_lladdr
 .text.best_parent
                0x0020bd88       0x80 obj_zoul/rpl-neighbor.o
 .text.rpl_neighbor_snprint
                0x0020be08      0x164 obj_zoul/rpl-neighbor.o
                0x0020be08                rpl_neighbor_snprint
 .text.rpl_neighbor_print_list
                0x0020bf6c       0xd8 obj_zoul/rpl-neighbor.o
                0x0020bf6c                rpl_neighbor_print_list
 .text.rpl_neighbor_is_parent
                0x0020c044       0x18 obj_zoul/rpl-neighbor.o
                0x0020c044                rpl_neighbor_is_parent
 .text.rpl_neighbor_set_preferred_parent
                0x0020c05c       0x8c obj_zoul/rpl-neighbor.o
                0x0020c05c                rpl_neighbor_set_preferred_parent
 .text.rpl_neighbor_remove_all
                0x0020c0e8       0x4c obj_zoul/rpl-neighbor.o
                0x0020c0e8                rpl_neighbor_remove_all
 .text.rpl_neighbor_get_from_ipaddr
                0x0020c134       0x1c obj_zoul/rpl-neighbor.o
                0x0020c134                rpl_neighbor_get_from_ipaddr
 .text.rpl_neighbor_select_best
                0x0020c150       0x88 obj_zoul/rpl-neighbor.o
                0x0020c150                rpl_neighbor_select_best
 .text.rpl_neighbor_init
                0x0020c1d8       0x14 obj_zoul/rpl-neighbor.o
                0x0020c1d8                rpl_neighbor_init
 .text.init_dag
                0x0020c1ec       0x7c obj_zoul/rpl-dag.o
 .text.init_dag_from_dio
                0x0020c268       0x84 obj_zoul/rpl-dag.o
 .text.rpl_dag_state_to_str
                0x0020c2ec       0x18 obj_zoul/rpl-dag.o
                0x0020c2ec                rpl_dag_state_to_str
 .text.rpl_dag_get_root_ipaddr
                0x0020c304       0x30 obj_zoul/rpl-dag.o
                0x0020c304                rpl_dag_get_root_ipaddr
 .text.rpl_dag_leave
                0x0020c334       0x54 obj_zoul/rpl-dag.o
                0x0020c334                rpl_dag_leave
 .text.rpl_dag_poison_and_leave
                0x0020c388       0x10 obj_zoul/rpl-dag.o
                0x0020c388                rpl_dag_poison_and_leave
 .text.rpl_dag_periodic
                0x0020c398       0x48 obj_zoul/rpl-dag.o
                0x0020c398                rpl_dag_periodic
 .text.rpl_is_addr_in_our_dag
                0x0020c3e0       0x28 obj_zoul/rpl-dag.o
                0x0020c3e0                rpl_is_addr_in_our_dag
 .text.rpl_get_any_dag
                0x0020c408       0x14 obj_zoul/rpl-dag.o
                0x0020c408                rpl_get_any_dag
 .text.rpl_local_repair
                0x0020c41c       0x34 obj_zoul/rpl-dag.o
                0x0020c41c                rpl_local_repair
 .text.rpl_global_repair
                0x0020c450       0x38 obj_zoul/rpl-dag.o
                0x0020c450                rpl_global_repair
 .text.rpl_dag_ready_to_advertise
                0x0020c488       0x24 obj_zoul/rpl-dag.o
                0x0020c488                rpl_dag_ready_to_advertise
 .text.rpl_dag_update_state
                0x0020c4ac      0x128 obj_zoul/rpl-dag.o
                0x0020c4ac                rpl_dag_update_state
 .text.rpl_process_dio
                0x0020c5d4      0x18c obj_zoul/rpl-dag.o
                0x0020c5d4                rpl_process_dio
 .text.rpl_process_dis
                0x0020c760       0x2c obj_zoul/rpl-dag.o
                0x0020c760                rpl_process_dis
 .text.rpl_process_dao
                0x0020c78c       0x4c obj_zoul/rpl-dag.o
                0x0020c78c                rpl_process_dao
 .text.rpl_process_dao_ack
                0x0020c7d8       0x54 obj_zoul/rpl-dag.o
                0x0020c7d8                rpl_process_dao_ack
 .text.rpl_dag_init_root
                0x0020c82c       0xa8 obj_zoul/rpl-dag.o
                0x0020c82c                rpl_dag_init_root
 .text.rpl_dag_init
                0x0020c8d4       0x10 obj_zoul/rpl-dag.o
                0x0020c8d4                rpl_dag_init
 .text.new_dio_interval
                0x0020c8e4       0x58 obj_zoul/rpl-timers.o
 .text.handle_unicast_dio_timer
                0x0020c93c       0x1c obj_zoul/rpl-timers.o
 .text.handle_dao_timer
                0x0020c958       0xdc obj_zoul/rpl-timers.o
 .text.handle_dao_ack_timer
                0x0020ca34       0x14 obj_zoul/rpl-timers.o
 .text.handle_leaving_timer
                0x0020ca48       0x10 obj_zoul/rpl-timers.o
 .text.handle_dio_timer
                0x0020ca58       0x70 obj_zoul/rpl-timers.o
 .text.rpl_timers_schedule_periodic_dis
                0x0020cac8       0x38 obj_zoul/rpl-timers.o
                0x0020cac8                rpl_timers_schedule_periodic_dis
 .text.handle_dis_timer
                0x0020cb00       0x34 obj_zoul/rpl-timers.o
 .text.handle_periodic_timer
                0x0020cb34       0x58 obj_zoul/rpl-timers.o
 .text.rpl_timers_dio_reset
                0x0020cb8c       0x4c obj_zoul/rpl-timers.o
                0x0020cb8c                rpl_timers_dio_reset
 .text.rpl_timers_schedule_unicast_dio
                0x0020cbd8       0x28 obj_zoul/rpl-timers.o
                0x0020cbd8                rpl_timers_schedule_unicast_dio
 .text.rpl_timers_schedule_dao
                0x0020cc00       0x4c obj_zoul/rpl-timers.o
                0x0020cc00                rpl_timers_schedule_dao
 .text.rpl_timers_schedule_dao_ack
                0x0020cc4c       0x48 obj_zoul/rpl-timers.o
                0x0020cc4c                rpl_timers_schedule_dao_ack
 .text.get_probing_target
                0x0020cc94       0xc0 obj_zoul/rpl-timers.o
                0x0020cc94                get_probing_target
 .text.rpl_schedule_probing
                0x0020cd54       0x28 obj_zoul/rpl-timers.o
                0x0020cd54                rpl_schedule_probing
 .text.handle_probing_timer
                0x0020cd7c       0xa4 obj_zoul/rpl-timers.o
 .text.rpl_schedule_probing_now
                0x0020ce20       0x2c obj_zoul/rpl-timers.o
                0x0020ce20                rpl_schedule_probing_now
 .text.rpl_timers_unschedule_leaving
                0x0020ce4c       0x24 obj_zoul/rpl-timers.o
                0x0020ce4c                rpl_timers_unschedule_leaving
 .text.rpl_timers_schedule_leaving
                0x0020ce70       0x30 obj_zoul/rpl-timers.o
                0x0020ce70                rpl_timers_schedule_leaving
 .text.rpl_timers_init
                0x0020cea0       0x20 obj_zoul/rpl-timers.o
                0x0020cea0                rpl_timers_init
 .text.rpl_timers_stop_dag_timers
                0x0020cec0       0x44 obj_zoul/rpl-timers.o
                0x0020cec0                rpl_timers_stop_dag_timers
 .text.rpl_timers_unschedule_state_update
                0x0020cf04       0x14 obj_zoul/rpl-timers.o
                0x0020cf04                rpl_timers_unschedule_state_update
 .text.rpl_timers_schedule_state_update
                0x0020cf18       0x1c obj_zoul/rpl-timers.o
                0x0020cf18                rpl_timers_schedule_state_update
 .text.update_hbh_header
                0x0020cf34       0x60 obj_zoul/rpl-ext-header.o
 .text.rpl_ext_header_srh_get_next_hop
                0x0020cf94       0xcc obj_zoul/rpl-ext-header.o
                0x0020cf94                rpl_ext_header_srh_get_next_hop
 .text.rpl_ext_header_srh_update
                0x0020d060       0xe0 obj_zoul/rpl-ext-header.o
                0x0020d060                rpl_ext_header_srh_update
 .text.rpl_ext_header_hbh_update
                0x0020d140       0xc0 obj_zoul/rpl-ext-header.o
                0x0020d140                rpl_ext_header_hbh_update
 .text.rpl_ext_header_remove
                0x0020d200       0xa4 obj_zoul/rpl-ext-header.o
                0x0020d200                rpl_ext_header_remove
 .text.rpl_ext_header_update
                0x0020d2a4      0x298 obj_zoul/rpl-ext-header.o
                0x0020d2a4                rpl_ext_header_update
 .text.rpl_has_joined
                0x0020d53c       0x18 obj_zoul/rpl.o
                0x0020d53c                rpl_has_joined
 .text.rpl_is_reachable
                0x0020d554       0x18 obj_zoul/rpl.o
                0x0020d554                rpl_is_reachable
 .text.get_sr_node_ipaddr
                0x0020d56c       0x2c obj_zoul/rpl.o
 .text.set_ip_from_prefix
                0x0020d598       0x2c obj_zoul/rpl.o
 .text.init     0x0020d5c4       0x60 obj_zoul/rpl.o
 .text.rpl_link_callback
                0x0020d624       0x78 obj_zoul/rpl.o
                0x0020d624                rpl_link_callback
 .text.rpl_get_global_address
                0x0020d69c       0x64 obj_zoul/rpl.o
                0x0020d69c                rpl_get_global_address
 .text.rpl_reset_prefix
                0x0020d700       0x5c obj_zoul/rpl.o
                0x0020d700                rpl_reset_prefix
 .text.rpl_set_prefix_from_addr
                0x0020d75c       0xb0 obj_zoul/rpl.o
                0x0020d75c                rpl_set_prefix_from_addr
 .text.rpl_get_leaf_only
                0x0020d80c        0xc obj_zoul/rpl.o
                0x0020d80c                rpl_get_leaf_only
 .text.update_metric_container
                0x0020d818        0xc obj_zoul/rpl-mrhof.o
 .text.reset    0x0020d824       0x28 obj_zoul/rpl-mrhof.o
 .text.within_hysteresis
                0x0020d84c       0x38 obj_zoul/rpl-mrhof.o
 .text.rank_via_nbr
                0x0020d884       0x30 obj_zoul/rpl-mrhof.o
 .text.best_parent
                0x0020d8b4       0x70 obj_zoul/rpl-mrhof.o
 .text.dao_ack_input
                0x0020d924       0xb8 obj_zoul/rpl-icmp6.o
 .text.dao_input
                0x0020d9dc      0x1d0 obj_zoul/rpl-icmp6.o
 .text.dio_input
                0x0020dbac      0x358 obj_zoul/rpl-icmp6.o
 .text.dis_input
                0x0020df04       0x88 obj_zoul/rpl-icmp6.o
 .text.rpl_icmp6_update_nbr_table
                0x0020df8c       0x74 obj_zoul/rpl-icmp6.o
                0x0020df8c                rpl_icmp6_update_nbr_table
 .text.rpl_icmp6_dis_output
                0x0020e000       0x6c obj_zoul/rpl-icmp6.o
                0x0020e000                rpl_icmp6_dis_output
 .text.rpl_icmp6_dio_output
                0x0020e06c      0x228 obj_zoul/rpl-icmp6.o
                0x0020e06c                rpl_icmp6_dio_output
 .text.rpl_icmp6_dao_output
                0x0020e294      0x17c obj_zoul/rpl-icmp6.o
                0x0020e294                rpl_icmp6_dao_output
 .text.rpl_icmp6_dao_ack_output
                0x0020e410       0x88 obj_zoul/rpl-icmp6.o
                0x0020e410                rpl_icmp6_dao_ack_output
 .text.rpl_icmp6_init
                0x0020e498       0x30 obj_zoul/rpl-icmp6.o
                0x0020e498                rpl_icmp6_init
 .text.rpl_dag_root_set_prefix
                0x0020e4c8       0xc8 obj_zoul/rpl-dag-root.o
                0x0020e4c8                rpl_dag_root_set_prefix
 .text.rpl_dag_root_start
                0x0020e590       0xa0 obj_zoul/rpl-dag-root.o
                0x0020e590                rpl_dag_root_start
 .text.rpl_dag_root_is_root
                0x0020e630       0x18 obj_zoul/rpl-dag-root.o
                0x0020e630                rpl_dag_root_is_root
 .text.rpl_dag_root_print_links
                0x0020e648       0x94 obj_zoul/rpl-dag-root.o
                0x0020e648                rpl_dag_root_print_links
 .text.dtls_retransmit_callback
                0x0020e6dc       0x34 obj_zoul/dtls-support.o
 .text.dtls_context_acquire
                0x0020e710       0x1c obj_zoul/dtls-support.o
                0x0020e710                dtls_context_acquire
 .text.dtls_context_release
                0x0020e72c       0x18 obj_zoul/dtls-support.o
                0x0020e72c                dtls_context_release
 .text.dtls_cipher_context_acquire
                0x0020e744        0x8 obj_zoul/dtls-support.o
                0x0020e744                dtls_cipher_context_acquire
 .text.dtls_set_retransmit_timer
                0x0020e74c       0x10 obj_zoul/dtls-support.o
                0x0020e74c                dtls_set_retransmit_timer
 .text.encrypt  0x0020e75c       0x74 obj_zoul/dtls-ccm.o
 .text.verify_ext_cert_type
                0x0020e7d0       0x24 obj_zoul/dtls.o
 .text.dtls_check_tls_extension
                0x0020e7f4      0x150 obj_zoul/dtls.o
 .text.clear_hs_hash
                0x0020e944       0x20 obj_zoul/dtls.o
 .text.dtls_check_ecdsa_signature_elem
                0x0020e964       0x68 obj_zoul/dtls.o
 .text.dtls_prepare_record.isra.11
                0x0020e9cc      0x198 obj_zoul/dtls.o
 .text.calculate_key_block.isra.15
                0x0020eb64      0x13c obj_zoul/dtls.o
 .text.dtls_send_client_hello
                0x0020eca0      0x1c8 obj_zoul/dtls.o
 .text.dtls_send_certificate_ecdsa
                0x0020ee68       0x58 obj_zoul/dtls.o
 .text.dtls_verify_peer
                0x0020eec0      0x14c obj_zoul/dtls.o
 .text.dtls_send_finished.constprop.25
                0x0020f00c       0x60 obj_zoul/dtls.o
 .text.dtls_send_certificate_verify_ecdh.isra.20
                0x0020f06c       0x68 obj_zoul/dtls.o
 .text.handle_handshake_msg
                0x0020f0d4      0xd0c obj_zoul/dtls.o
 .text.dtls_handle_message
                0x0020fde0      0x498 obj_zoul/dtls.o
                0x0020fde0                dtls_handle_message
 .text.dtls_connect_peer
                0x00210278       0x6c obj_zoul/dtls.o
                0x00210278                dtls_connect_peer
 .text.dtls_hmac_storage_init
                0x002102e4        0xc obj_zoul/dtls-hmac.o
                0x002102e4                dtls_hmac_storage_init
 .text.dtls_hmac_update
                0x002102f0       0x28 obj_zoul/dtls-hmac.o
                0x002102f0                dtls_hmac_update
 .text.dtls_hmac_init
                0x00210318       0x84 obj_zoul/dtls-hmac.o
                0x00210318                dtls_hmac_init
 .text.dtls_hmac_new
                0x0021039c       0x20 obj_zoul/dtls-hmac.o
                0x0021039c                dtls_hmac_new
 .text.dtls_hmac_free
                0x002103bc       0x10 obj_zoul/dtls-hmac.o
                0x002103bc                dtls_hmac_free
 .text.dtls_hmac_finalize
                0x002103cc       0x54 obj_zoul/dtls-hmac.o
                0x002103cc                dtls_hmac_finalize
 .text.dtls_peer_init
                0x00210420        0xc obj_zoul/dtls-peer.o
                0x00210420                dtls_peer_init
 .text.dtls_free_peer
                0x0021042c       0x28 obj_zoul/dtls-peer.o
                0x0021042c                dtls_free_peer
 .text.dtls_new_peer
                0x00210454       0x3c obj_zoul/dtls-peer.o
                0x00210454                dtls_new_peer
 .text.netq_init
                0x00210490        0xc obj_zoul/netq.o
                0x00210490                netq_init
 .text.netq_insert_node
                0x0021049c       0x40 obj_zoul/netq.o
                0x0021049c                netq_insert_node
 .text.netq_node_new
                0x002104dc       0x1c obj_zoul/netq.o
                0x002104dc                netq_node_new
 .text.netq_node_free
                0x002104f8       0x10 obj_zoul/netq.o
                0x002104f8                netq_node_free
 .text.netq_delete_all
                0x00210508       0x24 obj_zoul/netq.o
                0x00210508                netq_delete_all
 .text.dtls_crypto_init
                0x0021052c       0x1c obj_zoul/dtls-crypto.o
                0x0021052c                dtls_crypto_init
 .text.dtls_handshake_new
                0x00210548       0x28 obj_zoul/dtls-crypto.o
                0x00210548                dtls_handshake_new
 .text.dtls_handshake_free
                0x00210570       0x20 obj_zoul/dtls-crypto.o
                0x00210570                dtls_handshake_free
 .text.dtls_security_new
                0x00210590       0x24 obj_zoul/dtls-crypto.o
                0x00210590                dtls_security_new
 .text.dtls_security_free
                0x002105b4       0x10 obj_zoul/dtls-crypto.o
                0x002105b4                dtls_security_free
 .text.dtls_ecdsa_generate_key
                0x002105c4       0x5c obj_zoul/dtls-crypto.o
                0x002105c4                dtls_ecdsa_generate_key
 .text.dtls_encrypt
                0x00210620       0x68 obj_zoul/dtls-crypto.o
                0x00210620                dtls_encrypt
 .text.dtls_decrypt
                0x00210688       0x68 obj_zoul/dtls-crypto.o
                0x00210688                dtls_decrypt
 .text.rijndaelKeySetupEnc
                0x002106f0      0x288 obj_zoul/rijndael.o
                0x002106f0                rijndaelKeySetupEnc
 .text.rijndaelEncrypt
                0x00210978      0x340 obj_zoul/rijndael.o
                0x00210978                rijndaelEncrypt
 .text.dtls_sha256_init
                0x00210cb8       0x28 obj_zoul/sha2.o
                0x00210cb8                dtls_sha256_init
 .text.dtls_sha256_transform
                0x00210ce0      0x1a4 obj_zoul/sha2.o
                0x00210ce0                dtls_sha256_transform
 .text.dtls_sha256_update
                0x00210e84       0xb0 obj_zoul/sha2.o
                0x00210e84                dtls_sha256_update
 .text.dtls_sha256_final
                0x00210f34       0xb8 obj_zoul/sha2.o
                0x00210f34                dtls_sha256_final
 .text.fieldModO
                0x00210fec       0x90 obj_zoul/ecc.o
 .text.fieldAdd.constprop.3
                0x0021107c       0x1c obj_zoul/ecc.o
 .text.fieldModP
                0x00211098      0x19c obj_zoul/ecc.o
 .text.ec_double
                0x00211234      0x104 obj_zoul/ecc.o
 .text.ec_add   0x00211338      0x124 obj_zoul/ecc.o
 .text.ecc_ecdsa_sign
                0x0021145c       0xb8 obj_zoul/ecc.o
                0x0021145c                ecc_ecdsa_sign
 .text.ecc_ecdsa_validate
                0x00211514       0xa8 obj_zoul/ecc.o
                0x00211514                ecc_ecdsa_validate
 .text.ecc_is_valid_key
                0x002115bc       0x18 obj_zoul/ecc.o
                0x002115bc                ecc_is_valid_key
 .text.udp_rx_callback
                0x002115d4      0x330 coap-example-server.o
 .text          0x00211904      0x370 /usr/lib/gcc/arm-none-eabi/5.4.1/armv7-m/libgcc.a(_arm_addsubdf3.o)
                0x00211904                __aeabi_drsub
                0x0021190c                __aeabi_dsub
                0x0021190c                __subdf3
                0x00211910                __adddf3
                0x00211910                __aeabi_dadd
                0x00211b88                __aeabi_ui2d
                0x00211b88                __floatunsidf
                0x00211ba8                __floatsidf
                0x00211ba8                __aeabi_i2d
                0x00211bcc                __extendsfdf2
                0x00211bcc                __aeabi_f2d
                0x00211c08                __aeabi_ul2d
                0x00211c08                __floatundidf
                0x00211c18                __floatdidf
                0x00211c18                __aeabi_l2d
 .text          0x00211c74      0x424 /usr/lib/gcc/arm-none-eabi/5.4.1/armv7-m/libgcc.a(_arm_muldivdf3.o)
                0x00211c74                __aeabi_dmul
                0x00211c74                __muldf3
                0x00211ec8                __aeabi_ddiv
                0x00211ec8                __divdf3
 .text          0x00212098       0x50 /usr/lib/gcc/arm-none-eabi/5.4.1/armv7-m/libgcc.a(_arm_fixdfsi.o)
                0x00212098                __fixdfsi
                0x00212098                __aeabi_d2iz
 .text          0x002120e8       0xa0 /usr/lib/gcc/arm-none-eabi/5.4.1/armv7-m/libgcc.a(_arm_truncdfsf2.o)
                0x002120e8                __aeabi_d2f
                0x002120e8                __truncdfsf2
 .text          0x00212188      0x21c /usr/lib/gcc/arm-none-eabi/5.4.1/armv7-m/libgcc.a(_arm_addsubsf3.o)
                0x00212188                __aeabi_frsub
                0x00212190                __subsf3
                0x00212190                __aeabi_fsub
                0x00212194                __aeabi_fadd
                0x00212194                __addsf3
                0x002122f4                __aeabi_ui2f
                0x002122f4                __floatunsisf
                0x002122fc                __aeabi_i2f
                0x002122fc                __floatsisf
                0x00212318                __floatundisf
                0x00212318                __aeabi_ul2f
                0x00212328                __floatdisf
                0x00212328                __aeabi_l2f
 .text          0x002123a4      0x2a0 /usr/lib/gcc/arm-none-eabi/5.4.1/armv7-m/libgcc.a(_arm_muldivsf3.o)
                0x002123a4                __mulsf3
                0x002123a4                __aeabi_fmul
                0x0021250c                __divsf3
                0x0021250c                __aeabi_fdiv
 .text          0x00212644       0xec /usr/lib/gcc/arm-none-eabi/5.4.1/armv7-m/libgcc.a(_arm_cmpsf2.o)
                0x00212644                __gtsf2
                0x00212644                __gesf2
                0x0021264c                __lesf2
                0x0021264c                __ltsf2
                0x00212654                __nesf2
                0x00212654                __eqsf2
                0x00212654                __cmpsf2
                0x002126b4                __aeabi_cfrcmple
                0x002126bc                __aeabi_cfcmple
                0x002126bc                __aeabi_cfcmpeq
                0x002126cc                __aeabi_fcmpeq
                0x002126e0                __aeabi_fcmplt
                0x002126f4                __aeabi_fcmple
                0x00212708                __aeabi_fcmpge
                0x0021271c                __aeabi_fcmpgt
 .text          0x00212730       0x4c /usr/lib/gcc/arm-none-eabi/5.4.1/armv7-m/libgcc.a(_arm_fixsfsi.o)
                0x00212730                __fixsfsi
                0x00212730                __aeabi_f2iz
 .text          0x0021277c       0x30 /usr/lib/gcc/arm-none-eabi/5.4.1/armv7-m/libgcc.a(_aeabi_uldivmod.o)
                0x0021277c                __aeabi_uldivmod
 .text          0x002127ac      0x2ec /usr/lib/gcc/arm-none-eabi/5.4.1/armv7-m/libgcc.a(_udivmoddi4.o)
                0x002127ac                __udivmoddi4
 .text          0x00212a98        0x4 /usr/lib/gcc/arm-none-eabi/5.4.1/armv7-m/libgcc.a(_dvmd_tls.o)
                0x00212a98                __aeabi_ldiv0
                0x00212a98                __aeabi_idiv0
 .text          0x00212a9c       0x10 /usr/lib/gcc/arm-none-eabi/5.4.1/../../../arm-none-eabi/lib/armv7-m/libc.a(lib_a-atoi.o)
                0x00212a9c                atoi
                0x00212aa4                _atoi_r
 .text          0x00212aac       0x8c /usr/lib/gcc/arm-none-eabi/5.4.1/../../../arm-none-eabi/lib/armv7-m/libc.a(lib_a-memchr-stub.o)
                0x00212aac                memchr
 .text          0x00212b38       0x64 /usr/lib/gcc/arm-none-eabi/5.4.1/../../../arm-none-eabi/lib/armv7-m/libc.a(lib_a-memcmp.o)
                0x00212b38                memcmp
 .text          0x00212b9c       0xec /usr/lib/gcc/arm-none-eabi/5.4.1/../../../arm-none-eabi/lib/armv7-m/libc.a(lib_a-memcpy.o)
                0x00212b9c                memcpy
 .text          0x00212c88       0xc8 /usr/lib/gcc/arm-none-eabi/5.4.1/../../../arm-none-eabi/lib/armv7-m/libc.a(lib_a-memmove.o)
                0x00212c88                memmove
 .text          0x00212d50       0x9c /usr/lib/gcc/arm-none-eabi/5.4.1/../../../arm-none-eabi/lib/armv7-m/libc.a(lib_a-memset.o)
                0x00212d50                memset
 .text          0x00212dec       0x54 /usr/lib/gcc/arm-none-eabi/5.4.1/../../../arm-none-eabi/lib/armv7-m/libc.a(lib_a-rand.o)
                0x00212dec                srand
                0x00212e00                rand
 .text          0x00212e40       0xd0 /usr/lib/gcc/arm-none-eabi/5.4.1/../../../arm-none-eabi/lib/armv7-m/libc.a(lib_a-strchr.o)
                0x00212e40                strchr
 .text          0x00212f10       0x5c /usr/lib/gcc/arm-none-eabi/5.4.1/../../../arm-none-eabi/lib/armv7-m/libc.a(lib_a-strlen-stub.o)
                0x00212f10                strlen
 .text          0x00212f6c       0x9c /usr/lib/gcc/arm-none-eabi/5.4.1/../../../arm-none-eabi/lib/armv7-m/libc.a(lib_a-strncmp.o)
                0x00212f6c                strncmp
 .text          0x00213008       0x68 /usr/lib/gcc/arm-none-eabi/5.4.1/../../../arm-none-eabi/lib/armv7-m/libc.a(lib_a-strncpy.o)
                0x00213008                strncpy
 .text          0x00213070      0x4d8 /usr/lib/gcc/arm-none-eabi/5.4.1/../../../arm-none-eabi/lib/armv7-m/libc.a(lib_a-strstr.o)
                0x00213328                strstr
 .text          0x00213548      0x140 /usr/lib/gcc/arm-none-eabi/5.4.1/../../../arm-none-eabi/lib/armv7-m/libc.a(lib_a-strtol.o)
                0x00213548                _strtol_r
                0x00213670                strtol
 .text.default_handler
                0x00213688        0x2 obj_zoul/startup-gcc.o
                0x00213688                default_handler
 .text.nmi_handler
                0x0021368a        0x6 obj_zoul/startup-gcc.o
                0x0021368a                nmi_handler
 .text.fade     0x00213690       0x58 obj_zoul/platform.o
 .text.platform_init_stage_one
                0x002136e8       0x14 obj_zoul/platform.o
                0x002136e8                platform_init_stage_one
 .text.platform_idle
                0x002136fc        0x4 obj_zoul/platform.o
                0x002136fc                platform_idle
 .text.status   0x00213700        0x4 obj_zoul/adc-zoul.o
 .text.board_init
                0x00213704        0x4 obj_zoul/board.o
                0x00213704                board_init
 .text.dec_to_bcd
                0x00213708       0x12 obj_zoul/rtcc.o
 .text.ab08_write_reg
                0x0021371a       0x44 obj_zoul/rtcc.o
 .text.ab08_read_reg
                0x0021375e       0x32 obj_zoul/rtcc.o
 .text.ab08_ctrl1_config
                0x00213790       0x66 obj_zoul/rtcc.o
 .text.ab08_check_td_format
                0x002137f6       0x56 obj_zoul/rtcc.o
 .text.rtcc_set_time_date
                0x0021384c      0x124 obj_zoul/rtcc.o
                0x0021384c                rtcc_set_time_date
 .text.rtcc_set_autocalibration
                0x00213970       0xac obj_zoul/rtcc.o
                0x00213970                rtcc_set_autocalibration
 .text.soc_init
                0x00213a1c       0x22 obj_zoul/soc.o
                0x00213a1c                soc_init
 .text.clock_isr
                0x00213a3e        0x4 obj_zoul/clock.o
                0x00213a3e                clock_isr
 .text.rtimer_arch_init
                0x00213a42        0x2 obj_zoul/rtimer-arch.o
                0x00213a42                rtimer_arch_init
 .text.uart0_isr
                0x00213a44        0x6 obj_zoul/uart.o
                0x00213a44                uart0_isr
 .text.uart1_isr
                0x00213a4a        0x6 obj_zoul/uart.o
                0x00213a4a                uart1_isr
 .text.gpio_port_a_isr
                0x00213a50        0x6 obj_zoul/gpio.o
                0x00213a50                gpio_port_a_isr
 .text.gpio_port_b_isr
                0x00213a56        0x6 obj_zoul/gpio.o
                0x00213a56                gpio_port_b_isr
 .text.gpio_port_c_isr
                0x00213a5c        0x6 obj_zoul/gpio.o
                0x00213a5c                gpio_port_c_isr
 .text.gpio_port_d_isr
                0x00213a62        0x6 obj_zoul/gpio.o
                0x00213a62                gpio_port_d_isr
 .text.gpio_hal_arch_write_pin
                0x00213a68       0x2c obj_zoul/gpio-hal-arch.o
                0x00213a68                gpio_hal_arch_write_pin
 .text.send     0x00213a94       0x12 obj_zoul/cc2538-rf.o
 .text.int_master_read_and_disable
                0x00213aa6        0x8 obj_zoul/int-master.o
                0x00213aa6                int_master_read_and_disable
 .text.int_master_status_set
                0x00213aae        0x6 obj_zoul/int-master.o
                0x00213aae                int_master_status_set
 .text.dbg_putchar
                0x00213ab4       0x10 obj_zoul/dbg.o
                0x00213ab4                dbg_putchar
 .text.dbg_send_bytes
                0x00213ac4       0x20 obj_zoul/dbg.o
                0x00213ac4                dbg_send_bytes
 .text.configure
                0x00213ae4        0x4 obj_zoul/cc2538-temp-sensor.o
 .text.status   0x00213ae8        0x4 obj_zoul/cc2538-temp-sensor.o
 .text.value    0x00213aec       0x34 obj_zoul/cc2538-temp-sensor.o
 .text.configure
                0x00213b20        0x4 obj_zoul/vdd3-sensor.o
 .text.status   0x00213b24        0x4 obj_zoul/vdd3-sensor.o
 .text.value    0x00213b28       0x2a obj_zoul/vdd3-sensor.o
 .text.coap_get_next_resource
                0x00213b52        0x4 obj_zoul/coap-engine.o
                0x00213b52                coap_get_next_resource
 .text.coap_separate_resume
                0x00213b56       0x30 obj_zoul/coap-separate.o
                0x00213b56                coap_separate_resume
 .text.coap_notify_observers
                0x00213b86        0x6 obj_zoul/coap-observe.o
                0x00213b86                coap_notify_observers
 .text.coap_retransmit_transaction
                0x00213b8c       0x14 obj_zoul/coap-transactions.o
 .text.coap_is_option
                0x00213ba0       0x1c obj_zoul/coap.o
 .text.coap_parse_int_option
                0x00213bbc       0x16 obj_zoul/coap.o
 .text.coap_merge_multi_option
                0x00213bd2       0x32 obj_zoul/coap.o
 .text.coap_set_option_header
                0x00213c04       0x76 obj_zoul/coap.o
 .text.coap_serialize_int_option
                0x00213c7a       0x62 obj_zoul/coap.o
 .text.coap_serialize_array_option.part.1
                0x00213cdc       0x20 obj_zoul/coap.o
 .text.coap_serialize_array_option
                0x00213cfc       0x7a obj_zoul/coap.o
 .text.coap_init_message
                0x00213d76       0x1a obj_zoul/coap.o
                0x00213d76                coap_init_message
 .text.coap_set_status_code
                0x00213d90        0xc obj_zoul/coap.o
                0x00213d90                coap_set_status_code
 .text.coap_set_token
                0x00213d9c       0x16 obj_zoul/coap.o
                0x00213d9c                coap_set_token
 .text.coap_set_header_content_format
                0x00213db2        0xe obj_zoul/coap.o
                0x00213db2                coap_set_header_content_format
 .text.coap_set_header_etag
                0x00213dc0       0x22 obj_zoul/coap.o
                0x00213dc0                coap_set_header_etag
 .text.coap_get_header_uri_path
                0x00213de2       0x16 obj_zoul/coap.o
                0x00213de2                coap_get_header_uri_path
 .text.coap_set_header_uri_path
                0x00213df8       0x20 obj_zoul/coap.o
                0x00213df8                coap_set_header_uri_path
 .text.coap_set_header_observe
                0x00213e18        0xe obj_zoul/coap.o
                0x00213e18                coap_set_header_observe
 .text.coap_get_header_block2
                0x00213e26       0x32 obj_zoul/coap.o
                0x00213e26                coap_get_header_block2
 .text.coap_set_header_block2
                0x00213e58       0x32 obj_zoul/coap.o
                0x00213e58                coap_set_header_block2
 .text.coap_set_header_block1
                0x00213e8a       0x2e obj_zoul/coap.o
                0x00213e8a                coap_set_header_block1
 .text.coap_set_payload
                0x00213eb8       0x12 obj_zoul/coap.o
                0x00213eb8                coap_set_payload
 .text.coap_endpoint_copy
                0x00213eca       0x20 obj_zoul/coap-uip.o
                0x00213eca                coap_endpoint_copy
 .text.coap_endpoint_cmp
                0x00213eea       0x26 obj_zoul/coap-uip.o
                0x00213eea                coap_endpoint_cmp
 .text.coap_timer_set
                0x00213f10       0x1e obj_zoul/coap-timer.o
                0x00213f10                coap_timer_set
 .text.autostart_start
                0x00213f2e       0x14 obj_zoul/autostart.o
                0x00213f2e                autostart_start
 .text.energest_init
                0x00213f42        0x2 obj_zoul/energest.o
                0x00213f42                energest_init
 .text.etimer_set
                0x00213f44       0x12 obj_zoul/etimer.o
                0x00213f44                etimer_set
 .text.etimer_reset
                0x00213f56       0x12 obj_zoul/etimer.o
                0x00213f56                etimer_reset
 .text.etimer_expired
                0x00213f68        0xa obj_zoul/etimer.o
                0x00213f68                etimer_expired
 .text.stimer_set
                0x00213f72        0xe obj_zoul/stimer.o
                0x00213f72                stimer_set
 .text.call_process
                0x00213f80        0xc obj_zoul/process.o
 .text.rtimer_init
                0x00213f8c        0x4 obj_zoul/rtimer.o
                0x00213f8c                rtimer_init
 .text.timer_set
                0x00213f90        0xe obj_zoul/timer.o
                0x00213f90                timer_set
 .text.timer_reset
                0x00213f9e        0xa obj_zoul/timer.o
                0x00213f9e                timer_reset
 .text.timer_expired
                0x00213fa8       0x1c obj_zoul/timer.o
                0x00213fa8                timer_expired
 .text.button_hal_get_state
                0x00213fc4       0x2a obj_zoul/button-hal.o
                0x00213fc4                button_hal_get_state
 .text.gpio_hal_arch_toggle_pin
                0x00213fee       0x2a obj_zoul/gpio-hal.o
                0x00213fee                gpio_hal_arch_toggle_pin
 .text.list_init
                0x00214018        0x6 obj_zoul/list.o
                0x00214018                list_init
 .text.list_head
                0x0021401e        0x4 obj_zoul/list.o
                0x0021401e                list_head
 .text.list_tail
                0x00214022       0x10 obj_zoul/list.o
                0x00214022                list_tail
 .text.list_remove
                0x00214032       0x26 obj_zoul/list.o
                0x00214032                list_remove
 .text.list_add
                0x00214058       0x1a obj_zoul/list.o
                0x00214058                list_add
 .text.list_push
                0x00214072       0x10 obj_zoul/list.o
                0x00214072                list_push
 .text.list_length
                0x00214082        0xe obj_zoul/list.o
                0x00214082                list_length
 .text.list_insert
                0x00214090       0x1e obj_zoul/list.o
                0x00214090                list_insert
 .text.list_item_next
                0x002140ae        0x6 obj_zoul/list.o
                0x002140ae                list_item_next
 .text.memb_init
                0x002140b4       0x20 obj_zoul/memb.o
                0x002140b4                memb_init
 .text.memb_alloc
                0x002140d4       0x28 obj_zoul/memb.o
                0x002140d4                memb_alloc
 .text.memb_free
                0x002140fc       0x2c obj_zoul/memb.o
                0x002140fc                memb_free
 .text.memb_inmemb
                0x00214128       0x1c obj_zoul/memb.o
                0x00214128                memb_inmemb
 .text.memb_numfree
                0x00214144       0x1c obj_zoul/memb.o
                0x00214144                memb_numfree
 .text.ringbuf_init
                0x00214160        0xe obj_zoul/ringbuf.o
                0x00214160                ringbuf_init
 .text.ringbuf_put
                0x0021416e       0x26 obj_zoul/ringbuf.o
                0x0021416e                ringbuf_put
 .text.ringbuf_get
                0x00214194       0x20 obj_zoul/ringbuf.o
                0x00214194                ringbuf_get
 .text.queuebuf_update_attr_from_packetbuf
                0x002141b4        0xc obj_zoul/queuebuf.o
                0x002141b4                queuebuf_update_attr_from_packetbuf
 .text.queuebuf_attr
                0x002141c0        0xc obj_zoul/queuebuf.o
                0x002141c0                queuebuf_attr
 .text.item_from_index
                0x002141cc       0x14 obj_zoul/nbr-table.o
 .text.index_from_item
                0x002141e0       0x16 obj_zoul/nbr-table.o
 .text.nbr_set_bit
                0x002141f6       0x38 obj_zoul/nbr-table.o
 .text.nbr_table_get_from_lladdr
                0x0021422e       0x26 obj_zoul/nbr-table.o
                0x0021422e                nbr_table_get_from_lladdr
 .text.linkaddr_copy
                0x00214254        0x6 obj_zoul/linkaddr.o
                0x00214254                linkaddr_copy
 .text.linkaddr_cmp
                0x0021425a       0x10 obj_zoul/linkaddr.o
                0x0021425a                linkaddr_cmp
 .text.link_stats_is_fresh
                0x0021426a       0x24 obj_zoul/link-stats.o
                0x0021426a                link_stats_is_fresh
 .text.guess_etx_from_rssi
                0x0021428e       0x40 obj_zoul/link-stats.o
                0x0021428e                guess_etx_from_rssi
 .text.mac_call_sent_callback
                0x002142ce       0x18 obj_zoul/mac.o
                0x002142ce                mac_call_sent_callback
 .text.parse    0x002142e6       0x8a obj_zoul/framer-802154.o
 .text.framer_802154_setup_params
                0x00214370       0x84 obj_zoul/framer-802154.o
                0x00214370                framer_802154_setup_params
 .text.create   0x002143f4        0x6 obj_zoul/framer-802154.o
 .text.hdr_length
                0x002143fa        0x6 obj_zoul/framer-802154.o
 .text.frame802154_has_panid
                0x00214400       0xa6 obj_zoul/frame802154.o
                0x00214400                frame802154_has_panid
 .text.field_len
                0x002144a6       0x84 obj_zoul/frame802154.o
 .text.frame802154_is_broadcast_addr
                0x0021452a       0x1e obj_zoul/frame802154.o
                0x0021452a                frame802154_is_broadcast_addr
 .text.frame802154_hdrlen
                0x00214548       0x32 obj_zoul/frame802154.o
                0x00214548                frame802154_hdrlen
 .text.frame802154_create_fcf
                0x0021457a       0x60 obj_zoul/frame802154.o
                0x0021457a                frame802154_create_fcf
 .text.frame802154_create
                0x002145da       0x94 obj_zoul/frame802154.o
                0x002145da                frame802154_create
 .text.frame802154_parse_fcf
                0x0021466e       0x66 obj_zoul/frame802154.o
                0x0021466e                frame802154_parse_fcf
 .text.write_str
                0x002146d4       0x10 obj_zoul/printf.o
 .text.buffer_str
                0x002146e4       0x16 obj_zoul/sprintf.o
 .text.buffer_str
                0x002146fa       0x28 obj_zoul/snprintf.o
 .text.snprintf
                0x00214722       0x1a obj_zoul/snprintf.o
                0x00214722                snprintf
 .text.putchar  0x0021473c        0xc obj_zoul/putchar.o
                0x0021473c                putchar
 .text.send_packet
                0x00214748        0x4 obj_zoul/csma.o
 .text.init     0x0021474c        0xe obj_zoul/csma.o
 .text.uip_sr_expire_parent
                0x0021475a       0x28 obj_zoul/uip-sr.o
                0x0021475a                uip_sr_expire_parent
 .text.uip_sr_node_next
                0x00214782        0x4 obj_zoul/uip-sr.o
                0x00214782                uip_sr_node_next
 .text.uip_ds6_list_loop
                0x00214786       0x50 obj_zoul/uip-ds6.o
                0x00214786                uip_ds6_list_loop
 .text.uip_ds6_maddr_rm
                0x002147d6        0x8 obj_zoul/uip-ds6.o
                0x002147d6                uip_ds6_maddr_rm
 .text.uip_ds6_set_addr_iid
                0x002147de       0x16 obj_zoul/uip-ds6.o
                0x002147de                uip_ds6_set_addr_iid
 .text.uip_ds6_set_lladdr_from_iid
                0x002147f4       0x16 obj_zoul/uip-ds6.o
                0x002147f4                uip_ds6_set_lladdr_from_iid
 .text.get_match_length
                0x0021480a       0x3e obj_zoul/uip-ds6.o
                0x0021480a                get_match_length
 .text.uip_udp_packet_sendto
                0x00214848       0x50 obj_zoul/uip-udp-packet.o
                0x00214848                uip_udp_packet_sendto
 .text.uip_ds6_route_nexthop
                0x00214898        0x4 obj_zoul/uip-ds6-route.o
                0x00214898                uip_ds6_route_nexthop
 .text.uip_ds6_route_lookup
                0x0021489c        0x4 obj_zoul/uip-ds6-route.o
                0x0021489c                uip_ds6_route_lookup
 .text.uip_ds6_route_rm
                0x002148a0        0x2 obj_zoul/uip-ds6-route.o
                0x002148a0                uip_ds6_route_rm
 .text.chksum   0x002148a2       0x38 obj_zoul/uip6.o
 .text.uip_icmp6chksum
                0x002148da        0x6 obj_zoul/uip6.o
                0x002148da                uip_icmp6chksum
 .text.uip_udpchksum
                0x002148e0        0x6 obj_zoul/uip6.o
                0x002148e0                uip_udpchksum
 .text.uip_htons
                0x002148e6        0x6 obj_zoul/uip6.o
                0x002148e6                uip_htons
 .text.uip_htonl
                0x002148ec       0x18 obj_zoul/uip6.o
                0x002148ec                uip_htonl
 .text.uip_ds6_nbr_ipaddr_from_lladdr
                0x00214904        0x4 obj_zoul/uip-ds6-nbr.o
                0x00214904                uip_ds6_nbr_ipaddr_from_lladdr
 .text.uip_ds6_nbr_lladdr_from_ipaddr
                0x00214908       0x12 obj_zoul/uip-ds6-nbr.o
                0x00214908                uip_ds6_nbr_lladdr_from_ipaddr
 .text.uip_ds6_link_callback
                0x0021491a        0x2 obj_zoul/uip-ds6-nbr.o
                0x0021491a                uip_ds6_link_callback
 .text.simple_udp_sendto
                0x0021491c       0x1e obj_zoul/simple-udp.o
                0x0021491c                simple_udp_sendto
 .text.rpl_neighbor_get_ipaddr
                0x0021493a        0xe obj_zoul/rpl-neighbor.o
                0x0021493a                rpl_neighbor_get_ipaddr
 .text.rpl_neighbor_get_link_stats
                0x00214948        0xe obj_zoul/rpl-neighbor.o
                0x00214948                rpl_neighbor_get_link_stats
 .text.rpl_neighbor_is_fresh
                0x00214956        0xe obj_zoul/rpl-neighbor.o
                0x00214956                rpl_neighbor_is_fresh
 .text.rpl_process_hbh
                0x00214964       0x1c obj_zoul/rpl-dag.o
                0x00214964                rpl_process_hbh
 .text.handle_state_update
                0x00214980        0x4 obj_zoul/rpl-timers.o
 .text.get_probing_delay
                0x00214984       0x1a obj_zoul/rpl-timers.o
                0x00214984                get_probing_delay
 .text.drop_route
                0x0021499e        0x2 obj_zoul/rpl.o
 .text.neighbor_state_changed
                0x002149a0        0x2 obj_zoul/rpl.o
 .text.rpl_lollipop_greater_than
                0x002149a2       0x34 obj_zoul/rpl.o
                0x002149a2                rpl_lollipop_greater_than
 .text.nbr_link_metric
                0x002149d6       0x12 obj_zoul/rpl-mrhof.o
 .text.nbr_has_usable_link
                0x002149e8       0x12 obj_zoul/rpl-mrhof.o
 .text.nbr_path_cost
                0x002149fa       0x28 obj_zoul/rpl-mrhof.o
 .text.nbr_is_acceptable_parent
                0x00214a22       0x1e obj_zoul/rpl-mrhof.o
 .text.get32    0x00214a40       0x18 obj_zoul/rpl-icmp6.o
 .text.set32    0x00214a58       0x12 obj_zoul/rpl-icmp6.o
 .text.get16    0x00214a6a        0xc obj_zoul/rpl-icmp6.o
 .text.set16    0x00214a76        0xa obj_zoul/rpl-icmp6.o
 .text.dtls_cipher_context_release
                0x00214a80        0x2 obj_zoul/dtls-support.o
                0x00214a80                dtls_cipher_context_release
 .text.dtls_ticks
                0x00214a82        0xc obj_zoul/dtls-support.o
                0x00214a82                dtls_ticks
 .text.dtls_fill_random
                0x00214a8e       0x1a obj_zoul/dtls-support.o
                0x00214a8e                dtls_fill_random
 .text.dtls_session_equals
                0x00214aa8        0x4 obj_zoul/dtls-support.o
                0x00214aa8                dtls_session_equals
 .text.dtls_session_get_address
                0x00214aac        0x2 obj_zoul/dtls-support.o
                0x00214aac                dtls_session_get_address
 .text.dtls_session_get_address_size
                0x00214aae        0x4 obj_zoul/dtls-support.o
                0x00214aae                dtls_session_get_address_size
 .text.dtls_support_init
                0x00214ab2        0x2 obj_zoul/dtls-support.o
                0x00214ab2                dtls_support_init
 .text.memxor   0x00214ab4       0x1a obj_zoul/dtls-ccm.o
 .text.block0   0x00214ace       0x48 obj_zoul/dtls-ccm.o
 .text.mac      0x00214b16       0x20 obj_zoul/dtls-ccm.o
 .text.add_auth_data
                0x00214b36       0xde obj_zoul/dtls-ccm.o
 .text.dtls_ccm_encrypt_message
                0x00214c14      0x10e obj_zoul/dtls-ccm.o
                0x00214c14                dtls_ccm_encrypt_message
 .text.dtls_ccm_decrypt_message
                0x00214d22      0x13a obj_zoul/dtls-ccm.o
                0x00214d22                dtls_ccm_decrypt_message
 .text.delete_peer
                0x00214e5c       0x2a obj_zoul/dtls.o
 .text.is_ecdsa_client_auth_supported
                0x00214e86       0x18 obj_zoul/dtls.o
 .text.dtls_stop_retransmission
                0x00214e9e       0x46 obj_zoul/dtls.o
 .text.dtls_add_ecdsa_signature_elem
                0x00214ee4       0x58 obj_zoul/dtls.o
 .text.dtls_send_multi