Archive member included to satisfy reference by file (symbol)

/usr/lib/gcc/arm-none-eabi/5.4.1/armv7-m/libgcc.a(_ashrdi3.o)
                              obj_zoul/lwm2m-plain-text.o (__aeabi_lasr)
/usr/lib/gcc/arm-none-eabi/5.4.1/armv7-m/libgcc.a(_ashldi3.o)
                              obj_zoul/mmc.o (__aeabi_llsl)
/usr/lib/gcc/arm-none-eabi/5.4.1/armv7-m/libgcc.a(_aeabi_ldivmod.o)
                              obj_zoul/ipso-sensor-template.o (__aeabi_ldivmod)
/usr/lib/gcc/arm-none-eabi/5.4.1/armv7-m/libgcc.a(_aeabi_uldivmod.o)
                              obj_zoul/spi-legacy.o (__aeabi_uldivmod)
/usr/lib/gcc/arm-none-eabi/5.4.1/armv7-m/libgcc.a(_udivmoddi4.o)
                              /usr/lib/gcc/arm-none-eabi/5.4.1/armv7-m/libgcc.a(_aeabi_ldivmod.o) (__udivmoddi4)
/usr/lib/gcc/arm-none-eabi/5.4.1/armv7-m/libgcc.a(_dvmd_tls.o)
                              /usr/lib/gcc/arm-none-eabi/5.4.1/armv7-m/libgcc.a(_aeabi_ldivmod.o) (__aeabi_ldiv0)
/usr/lib/gcc/arm-none-eabi/5.4.1/../../../arm-none-eabi/lib/armv7-m/libc.a(lib_a-ctype_.o)
                              obj_zoul/resolv.o (__ctype_ptr__)
/usr/lib/gcc/arm-none-eabi/5.4.1/../../../arm-none-eabi/lib/armv7-m/libc.a(lib_a-malloc.o)
                              obj_zoul/syscall.o (malloc)
/usr/lib/gcc/arm-none-eabi/5.4.1/../../../arm-none-eabi/lib/armv7-m/libc.a(lib_a-mallocr.o)
                              /usr/lib/gcc/arm-none-eabi/5.4.1/../../../arm-none-eabi/lib/armv7-m/libc.a(lib_a-malloc.o) (_malloc_r)
/usr/lib/gcc/arm-none-eabi/5.4.1/../../../arm-none-eabi/lib/armv7-m/libc.a(lib_a-memchr-stub.o)
                              obj_zoul/coap.o (memchr)
/usr/lib/gcc/arm-none-eabi/5.4.1/../../../arm-none-eabi/lib/armv7-m/libc.a(lib_a-memcmp.o)
                              obj_zoul/coap-observe-client.o (memcmp)
/usr/lib/gcc/arm-none-eabi/5.4.1/../../../arm-none-eabi/lib/armv7-m/libc.a(lib_a-memcpy.o)
                              obj_zoul/ecc-algorithm.o (memcpy)
/usr/lib/gcc/arm-none-eabi/5.4.1/../../../arm-none-eabi/lib/armv7-m/libc.a(lib_a-memmove.o)
                              obj_zoul/coap.o (memmove)
/usr/lib/gcc/arm-none-eabi/5.4.1/../../../arm-none-eabi/lib/armv7-m/libc.a(lib_a-memset.o)
                              obj_zoul/udma.o (memset)
/usr/lib/gcc/arm-none-eabi/5.4.1/../../../arm-none-eabi/lib/armv7-m/libc.a(lib_a-mlock.o)
                              /usr/lib/gcc/arm-none-eabi/5.4.1/../../../arm-none-eabi/lib/armv7-m/libc.a(lib_a-mallocr.o) (__malloc_lock)
/usr/lib/gcc/arm-none-eabi/5.4.1/../../../arm-none-eabi/lib/armv7-m/libc.a(lib_a-rand.o)
                              obj_zoul/coap-transactions.o (rand)
/usr/lib/gcc/arm-none-eabi/5.4.1/../../../arm-none-eabi/lib/armv7-m/libc.a(lib_a-reent.o)
                              obj_zoul/syscalls.o (errno)
/usr/lib/gcc/arm-none-eabi/5.4.1/../../../arm-none-eabi/lib/armv7-m/libc.a(lib_a-sbrkr.o)
                              /usr/lib/gcc/arm-none-eabi/5.4.1/../../../arm-none-eabi/lib/armv7-m/libc.a(lib_a-mallocr.o) (_sbrk_r)
/usr/lib/gcc/arm-none-eabi/5.4.1/../../../arm-none-eabi/lib/armv7-m/libc.a(lib_a-strcasecmp.o)
                              obj_zoul/resolv.o (strcasecmp)
/usr/lib/gcc/arm-none-eabi/5.4.1/../../../arm-none-eabi/lib/armv7-m/libc.a(lib_a-strchr.o)
                              obj_zoul/coap.o (strchr)
/usr/lib/gcc/arm-none-eabi/5.4.1/../../../arm-none-eabi/lib/armv7-m/libc.a(lib_a-strcmp.o)
                              obj_zoul/cfs-coffee.o (strcmp)
/usr/lib/gcc/arm-none-eabi/5.4.1/../../../arm-none-eabi/lib/armv7-m/libc.a(lib_a-strcpy.o)
                              obj_zoul/lwm2m-rd-client.o (strcpy)
/usr/lib/gcc/arm-none-eabi/5.4.1/../../../arm-none-eabi/lib/armv7-m/libc.a(lib_a-strlen-stub.o)
                              obj_zoul/coap-observe-client.o (strlen)
/usr/lib/gcc/arm-none-eabi/5.4.1/../../../arm-none-eabi/lib/armv7-m/libc.a(lib_a-strncasecmp.o)
                              obj_zoul/resolv.o (strncasecmp)
/usr/lib/gcc/arm-none-eabi/5.4.1/../../../arm-none-eabi/lib/armv7-m/libc.a(lib_a-strncat.o)
                              obj_zoul/resolv.o (strncat)
/usr/lib/gcc/arm-none-eabi/5.4.1/../../../arm-none-eabi/lib/armv7-m/libc.a(lib_a-strncmp.o)
                              obj_zoul/coap-engine.o (strncmp)
/usr/lib/gcc/arm-none-eabi/5.4.1/../../../arm-none-eabi/lib/armv7-m/libc.a(lib_a-strncpy.o)
                              obj_zoul/cfs-coffee.o (strncpy)
/usr/lib/gcc/arm-none-eabi/5.4.1/../../../arm-none-eabi/lib/armv7-m/libc.a(lib_a-strtoul.o)
                              obj_zoul/lwm2m-rd-client.o (strtoul)
/usr/lib/gcc/arm-none-eabi/5.4.1/../../../arm-none-eabi/lib/armv7-m/libc.a(lib_a-freer.o)
                              /usr/lib/gcc/arm-none-eabi/5.4.1/../../../arm-none-eabi/lib/armv7-m/libc.a(lib_a-malloc.o) (_free_r)
/usr/lib/gcc/arm-none-eabi/5.4.1/../../../arm-none-eabi/lib/armv7-m/libc.a(lib_a-impure.o)
[...]
Memory Configuration

Name             Origin             Length             Attributes
FLASH_FW         0x00202000         0x0007dfd4         xr
FLASH_CCA        0x0027ffd4         0x0000002c         xr
NRSRAM           0x20000000         0x00000000         xrw
FRSRAM           0x20000000         0x00008000         xrw
*default*        0x00000000         0xffffffff

Linker script and memory map

LOAD obj_zoul/startup-gcc.o
LOAD obj_zoul/serial-protocol.o
LOAD obj_zoul/example-ipso-temperature.o
LOAD obj_zoul/platform.o
LOAD obj_zoul/leds-arch.o
LOAD obj_zoul/leds.o
LOAD obj_zoul/cc1200-zoul-arch.o
LOAD obj_zoul/adc-zoul.o
LOAD obj_zoul/board-buttons.o
LOAD obj_zoul/zoul-sensors.o
LOAD obj_zoul/board.o
LOAD obj_zoul/antenna-sw.o
LOAD obj_zoul/mmc-arch.o
LOAD obj_zoul/rtcc.o
LOAD obj_zoul/power-mgmt.o
LOAD obj_zoul/soc.o
LOAD obj_zoul/clock.o
LOAD obj_zoul/rtimer-arch.o
LOAD obj_zoul/uart.o
LOAD obj_zoul/watchdog.o
LOAD obj_zoul/nvic.o
LOAD obj_zoul/sys-ctrl.o
LOAD obj_zoul/gpio.o
LOAD obj_zoul/ioc.o
LOAD obj_zoul/spi-legacy.o
LOAD obj_zoul/adc.o
LOAD obj_zoul/spi-arch.o
LOAD obj_zoul/crypto.o
LOAD obj_zoul/aes.o
LOAD obj_zoul/ecb.o
LOAD obj_zoul/cbc.o
LOAD obj_zoul/ctr.o
LOAD obj_zoul/cbc-mac.o
LOAD obj_zoul/gcm.o
LOAD obj_zoul/ccm.o
LOAD obj_zoul/sha256.o
LOAD obj_zoul/gpio-hal-arch.o
LOAD obj_zoul/cc2538-aes-128.o
LOAD obj_zoul/cc2538-ccm-star.o
LOAD obj_zoul/cc2538-rf.o
LOAD obj_zoul/udma.o
LOAD obj_zoul/lpm.o
LOAD obj_zoul/int-master.o
LOAD obj_zoul/pka.o
LOAD obj_zoul/bignum-driver.o
LOAD obj_zoul/ecc-driver.o
LOAD obj_zoul/ecc-algorithm.o
LOAD obj_zoul/ecc-curve.o
LOAD obj_zoul/dbg.o
LOAD obj_zoul/ieee-addr.o
LOAD obj_zoul/slip-arch.o
LOAD obj_zoul/slip.o
LOAD obj_zoul/i2c.o
LOAD obj_zoul/cc2538-temp-sensor.o
LOAD obj_zoul/vdd3-sensor.o
LOAD obj_zoul/cfs-coffee.o
LOAD obj_zoul/cfs-coffee-arch.o
LOAD obj_zoul/pwm.o
LOAD obj_zoul/usb-core.o
LOAD obj_zoul/cdc-acm.o
LOAD obj_zoul/usb-arch.o
LOAD obj_zoul/usb-serial.o
LOAD obj_zoul/cdc-acm-descriptors.o
LOAD obj_zoul/coap-observe-client.o
LOAD obj_zoul/coap-blocking-api.o
LOAD obj_zoul/coap-callback-api.o
LOAD obj_zoul/coap-engine.o
LOAD obj_zoul/coap-res-well-known-core.o
LOAD obj_zoul/coap-separate.o
LOAD obj_zoul/coap-observe.o
LOAD obj_zoul/coap-timer-default.o
LOAD obj_zoul/coap-transactions.o
LOAD obj_zoul/coap-keystore-simple.o
LOAD obj_zoul/coap.o
LOAD obj_zoul/coap-uip.o
LOAD obj_zoul/coap-timer.o
LOAD obj_zoul/coap-block1.o
LOAD obj_zoul/coap-log.o
LOAD obj_zoul/lwm2m-engine.o
LOAD obj_zoul/lwm2m-json.o
LOAD obj_zoul/lwm2m-plain-text.o
LOAD obj_zoul/lwm2m-tlv.o
LOAD obj_zoul/lwm2m-tlv-writer.o
LOAD obj_zoul/lwm2m-queue-mode.o
LOAD obj_zoul/lwm2m-rd-client.o
LOAD obj_zoul/lwm2m-security.o
LOAD obj_zoul/lwm2m-device.o
LOAD obj_zoul/lwm2m-tlv-reader.o
LOAD obj_zoul/lwm2m-server.o
LOAD obj_zoul/lwm2m-notification-queue.o
LOAD obj_zoul/lwm2m-queue-mode-object.o
LOAD obj_zoul/lwm2m-firmware.o
LOAD obj_zoul/ipso-control-template.o
LOAD obj_zoul/ipso-sensor-template.o
LOAD obj_zoul/ipso-light-control.o
LOAD obj_zoul/ipso-leds-control.o
LOAD obj_zoul/ipso-button.o
LOAD obj_zoul/ipso-blockwise-test.o
LOAD obj_zoul/ipso-objects.o
LOAD obj_zoul/ipso-temperature.o
LOAD obj_zoul/contiki-main.o
LOAD obj_zoul/autostart.o
LOAD obj_zoul/ctimer.o
LOAD obj_zoul/log.o
LOAD obj_zoul/energest.o
LOAD obj_zoul/etimer.o
LOAD obj_zoul/node-id.o
LOAD obj_zoul/mutex.o
LOAD obj_zoul/stimer.o
LOAD obj_zoul/compower.o
LOAD obj_zoul/process.o
LOAD obj_zoul/rtimer.o
LOAD obj_zoul/timer.o
LOAD obj_zoul/stack-check.o
LOAD obj_zoul/button-hal.o
LOAD obj_zoul/serial-line.o
LOAD obj_zoul/spi.o
LOAD obj_zoul/nullradio.o
LOAD obj_zoul/gpio-hal.o
LOAD obj_zoul/dbl-list.o
LOAD obj_zoul/dbl-circ-list.o
LOAD obj_zoul/crc16.o
LOAD obj_zoul/ifft.o
LOAD obj_zoul/ccm-star.o
LOAD obj_zoul/sensors.o
LOAD obj_zoul/ringbufindex.o
LOAD obj_zoul/list.o
LOAD obj_zoul/circular-list.o
LOAD obj_zoul/aes-128.o
LOAD obj_zoul/trickle-timer.o
LOAD obj_zoul/memb.o
LOAD obj_zoul/heapmem.o
LOAD obj_zoul/random.o
LOAD obj_zoul/assert.o
LOAD obj_zoul/ringbuf.o
LOAD obj_zoul/queuebuf.o
LOAD obj_zoul/nbr-table.o
LOAD obj_zoul/packetbuf.o
LOAD obj_zoul/netstack.o
LOAD obj_zoul/linkaddr.o
LOAD obj_zoul/net-debug.o
LOAD obj_zoul/link-stats.o
LOAD obj_zoul/mac-sequence.o
LOAD obj_zoul/mac.o
LOAD obj_zoul/frame802154e-ie.o
LOAD obj_zoul/framer-802154.o
LOAD obj_zoul/nullframer.o
LOAD obj_zoul/frame802154.o
LOAD obj_zoul/ff.o
LOAD obj_zoul/syscall.o
LOAD obj_zoul/unicode.o
LOAD obj_zoul/diskio.o
LOAD obj_zoul/mmc.o
LOAD obj_zoul/strformat.o
LOAD obj_zoul/printf.o
LOAD obj_zoul/sprintf.o
LOAD obj_zoul/snprintf.o
LOAD obj_zoul/puts.o
LOAD obj_zoul/putchar.o
LOAD obj_zoul/syscalls.o
LOAD obj_zoul/cc1200-868-fsk-1-2kbps.o
LOAD obj_zoul/cc1200-802154g-863-870-fsk-50kbps.o
LOAD obj_zoul/cc1200.o
LOAD obj_zoul/rgb-led.o
LOAD obj_zoul/csma.o
LOAD obj_zoul/csma-output.o
LOAD obj_zoul/uipbuf.o
LOAD obj_zoul/uip-icmp6.o
LOAD obj_zoul/uip-sr.o
LOAD obj_zoul/uip-ds6.o
LOAD obj_zoul/uip-packetqueue.o
LOAD obj_zoul/tcp-socket.o
LOAD obj_zoul/uip-udp-packet.o
LOAD obj_zoul/ip64-addr.o
LOAD obj_zoul/uip-ds6-route.o
LOAD obj_zoul/psock.o
LOAD obj_zoul/tcpip.o
LOAD obj_zoul/uip6.o
LOAD obj_zoul/resolv.o
LOAD obj_zoul/uip-ds6-nbr.o
LOAD obj_zoul/uip-nameserver.o
LOAD obj_zoul/uip-nd6.o
LOAD obj_zoul/udp-socket.o
LOAD obj_zoul/simple-udp.o
LOAD obj_zoul/sicslowpan.o
LOAD obj_zoul/uiplib.o
LOAD obj_zoul/rpl-nbr-policy.o
LOAD obj_zoul/rpl-of0.o
LOAD obj_zoul/rpl-neighbor.o
LOAD obj_zoul/rpl-dag.o
LOAD obj_zoul/rpl-timers.o
LOAD obj_zoul/rpl-ext-header.o
LOAD obj_zoul/rpl.o
LOAD obj_zoul/rpl-mrhof.o
LOAD obj_zoul/rpl-icmp6.o
LOAD obj_zoul/rpl-dag-root.o
LOAD obj_zoul/dtls-support.o
LOAD obj_zoul/dtls-ccm.o
LOAD obj_zoul/dtls.o
LOAD obj_zoul/dtls-hmac.o
LOAD obj_zoul/dtls-peer.o
LOAD obj_zoul/netq.o
LOAD obj_zoul/dtls-log.o
LOAD obj_zoul/dtls-crypto.o
LOAD obj_zoul/rijndael.o
LOAD obj_zoul/sha2.o
LOAD obj_zoul/ecc.o
LOAD example-ipso-objects.o
LOAD /usr/lib/gcc/arm-none-eabi/5.4.1/../../../arm-none-eabi/lib/armv7-m/libm.a
START GROUP
LOAD /usr/lib/gcc/arm-none-eabi/5.4.1/armv7-m/libgcc.a
LOAD /usr/lib/gcc/arm-none-eabi/5.4.1/../../../arm-none-eabi/lib/armv7-m/libc.a
END GROUP

.text           0x00202000    0x192aa
                0x00202000                _text = .
 *(SORT(.vectors))
 .vectors       0x00202000      0x28c obj_zoul/startup-gcc.o
                0x00202000                vectors
 *(SORT(.text*))
 .text.reset_handler
                0x0020228c       0x40 obj_zoul/startup-gcc.o
                0x0020228c                reset_handler
 .text.read_value
                0x002022cc       0x48 obj_zoul/example-ipso-temperature.o
 .text.platform_init_stage_two
                0x00202314       0x4c obj_zoul/platform.o
                0x00202314                platform_init_stage_two
 .text.platform_init_stage_three
                0x00202360       0x8c obj_zoul/platform.o
                0x00202360                platform_init_stage_three
 .text.leds_on  0x002023ec       0x60 obj_zoul/leds.o
                0x002023ec                leds_on
 .text.leds_off
                0x0020244c       0x48 obj_zoul/leds.o
                0x0020244c                leds_off
 .text.leds_init
                0x00202494       0x44 obj_zoul/leds.o
                0x00202494                leds_init
 .text.leds_toggle
                0x002024d8       0x24 obj_zoul/leds.o
                0x002024d8                leds_toggle
 .text.antenna_sw_config
                0x002024fc       0x30 obj_zoul/antenna-sw.o
                0x002024fc                antenna_sw_config
 .text.soc_get_rev
                0x0020252c       0x18 obj_zoul/soc.o
                0x0020252c                soc_get_rev
 .text.soc_print_info
                0x00202544       0x10 obj_zoul/soc.o
                0x00202544                soc_print_info
 .text.update_ticks
                0x00202554       0x4c obj_zoul/clock.o
 .text.clock_init
                0x002025a0       0x4c obj_zoul/clock.o
                0x002025a0                clock_init
 .text.clock_time
                0x002025ec       0x14 obj_zoul/clock.o
                0x002025ec                clock_time
 .text.clock_seconds
                0x00202600       0x14 obj_zoul/clock.o
                0x00202600                clock_seconds
 .text.clock_delay_usec
                0x00202614       0x1c obj_zoul/clock.o
                0x00202614                clock_delay_usec
 .text.clock_adjust
                0x00202630       0x20 obj_zoul/clock.o
                0x00202630                clock_adjust
 .text.rtimer_arch_next_trigger
                0x00202650        0xc obj_zoul/rtimer-arch.o
                0x00202650                rtimer_arch_next_trigger
 .text.rtimer_arch_now
                0x0020265c       0x2c obj_zoul/rtimer-arch.o
                0x0020265c                rtimer_arch_now
 .text.rtimer_arch_schedule
                0x00202688       0x58 obj_zoul/rtimer-arch.o
                0x00202688                rtimer_arch_schedule
 .text.rtimer_isr
                0x002026e0       0x2c obj_zoul/rtimer-arch.o
                0x002026e0                rtimer_isr
 .text.permit_pm1
                0x0020270c       0x24 obj_zoul/uart.o
 .text.uart_isr
                0x00202730       0x64 obj_zoul/uart.o
 .text.uart_init
                0x00202794      0x198 obj_zoul/uart.o
                0x00202794                uart_init
 .text.uart_set_input
                0x0020292c       0x10 obj_zoul/uart.o
                0x0020292c                uart_set_input
 .text.uart_write_byte
                0x0020293c       0x1c obj_zoul/uart.o
                0x0020293c                uart_write_byte
 .text.watchdog_init
                0x00202958        0xc obj_zoul/watchdog.o
                0x00202958                watchdog_init
 .text.watchdog_start
                0x00202964        0xc obj_zoul/watchdog.o
                0x00202964                watchdog_start
 .text.watchdog_periodic
                0x00202970       0x10 obj_zoul/watchdog.o
                0x00202970                watchdog_periodic
 .text.nvic_init
                0x00202980       0x10 obj_zoul/nvic.o
                0x00202980                nvic_init
 .text.sys_ctrl_init
                0x00202990       0x74 obj_zoul/sys-ctrl.o
                0x00202990                sys_ctrl_init
 .text.gpio_port_isr
                0x00202a04       0x4c obj_zoul/gpio.o
 .text.ioc_init
                0x00202a50       0x1c obj_zoul/ioc.o
                0x00202a50                ioc_init
 .text.ioc_set_over
                0x00202a6c       0x14 obj_zoul/ioc.o
                0x00202a6c                ioc_set_over
 .text.ioc_set_sel
                0x00202a80       0x14 obj_zoul/ioc.o
                0x00202a80                ioc_set_sel
 .text.adc_get  0x00202a94       0x74 obj_zoul/adc.o
                0x00202a94                adc_get
 .text.permit_pm1
                0x00202b08       0x10 obj_zoul/crypto.o
 .text.crypto_isr
                0x00202b18       0x28 obj_zoul/crypto.o
                0x00202b18                crypto_isr
 .text.crypto_enable
                0x00202b40       0x20 obj_zoul/crypto.o
                0x00202b40                crypto_enable
 .text.crypto_init
                0x00202b60       0x3c obj_zoul/crypto.o
                0x00202b60                crypto_init
 .text.crypto_disable
                0x00202b9c       0x20 obj_zoul/crypto.o
                0x00202b9c                crypto_disable
 .text.gpio_hal_arch_pin_cfg_set
                0x00202bbc       0xe4 obj_zoul/gpio-hal-arch.o
                0x00202bbc                gpio_hal_arch_pin_cfg_set
 .text.receiving_packet
                0x00202ca0       0x18 obj_zoul/cc2538-rf.o
 .text.pending_packet
                0x00202cb8       0x10 obj_zoul/cc2538-rf.o
 .text.on       0x00202cc8       0x4c obj_zoul/cc2538-rf.o
                0x00202cc8                on
 .text.prepare  0x00202d14       0x64 obj_zoul/cc2538-rf.o
 .text.off      0x00202d78       0x64 obj_zoul/cc2538-rf.o
                0x00202d78                off
 .text.set_channel
                0x00202ddc       0x48 obj_zoul/cc2538-rf.o
 .text.get_value
                0x00202e24      0x164 obj_zoul/cc2538-rf.o
 .text.channel_clear
                0x00202f88       0x5c obj_zoul/cc2538-rf.o
                0x00202f88                channel_clear
 .text.transmit
                0x00202fe4       0x98 obj_zoul/cc2538-rf.o
 .text.set_poll_mode
                0x0020307c       0x9c obj_zoul/cc2538-rf.o
 .text.set_value
                0x00203118       0xf8 obj_zoul/cc2538-rf.o
 .text.set_object
                0x00203210       0x30 obj_zoul/cc2538-rf.o
 .text.read     0x00203240       0xe0 obj_zoul/cc2538-rf.o
 .text.init     0x00203320       0xc8 obj_zoul/cc2538-rf.o
 .text.process_thread_cc2538_rf_process
                0x002033e8       0x90 obj_zoul/cc2538-rf.o
 .text.get_object
                0x00203478      0x144 obj_zoul/cc2538-rf.o
 .text.cc2538_rf_rx_tx_isr
                0x002035bc       0x24 obj_zoul/cc2538-rf.o
                0x002035bc                cc2538_rf_rx_tx_isr
 .text.cc2538_rf_err_isr
                0x002035e0       0x28 obj_zoul/cc2538-rf.o
                0x002035e0                cc2538_rf_err_isr
 .text.udma_init
                0x00203608       0x34 obj_zoul/udma.o
                0x00203608                udma_init
 .text.udma_set_channel_src
                0x0020363c       0x10 obj_zoul/udma.o
                0x0020363c                udma_set_channel_src
 .text.udma_set_channel_dst
                0x0020364c       0x14 obj_zoul/udma.o
                0x0020364c                udma_set_channel_dst
 .text.udma_set_channel_control_word
                0x00203660       0x14 obj_zoul/udma.o
                0x00203660                udma_set_channel_control_word
 .text.udma_channel_enable
                0x00203674       0x18 obj_zoul/udma.o
                0x00203674                udma_channel_enable
 .text.udma_channel_mask_set
                0x0020368c       0x18 obj_zoul/udma.o
                0x0020368c                udma_channel_mask_set
 .text.udma_channel_sw_request
                0x002036a4       0x18 obj_zoul/udma.o
                0x002036a4                udma_channel_sw_request
 .text.udma_channel_get_mode
                0x002036bc       0x1c obj_zoul/udma.o
                0x002036bc                udma_channel_get_mode
 .text.udma_isr
                0x002036d8       0x10 obj_zoul/udma.o
                0x002036d8                udma_isr
 .text.udma_err_isr
                0x002036e8        0xc obj_zoul/udma.o
                0x002036e8                udma_err_isr
 .text.select_32_mhz_xosc
                0x002036f4       0x30 obj_zoul/lpm.o
 .text.lpm_exit
                0x00203724       0x34 obj_zoul/lpm.o
                0x00203724                lpm_exit
 .text.lpm_enter
                0x00203758       0xb8 obj_zoul/lpm.o
                0x00203758                lpm_enter
 .text.lpm_register_peripheral
                0x00203810       0x24 obj_zoul/lpm.o
                0x00203810                lpm_register_peripheral
 .text.lpm_init
                0x00203834       0x24 obj_zoul/lpm.o
                0x00203834                lpm_init
 .text.permit_pm1
                0x00203858       0x14 obj_zoul/pka.o
 .text.pka_isr  0x0020386c       0x28 obj_zoul/pka.o
                0x0020386c                pka_isr
 .text.pka_enable
                0x00203894       0x20 obj_zoul/pka.o
                0x00203894                pka_enable
 .text.pka_init
                0x002038b4       0x3c obj_zoul/pka.o
                0x002038b4                pka_init
 .text.pka_disable
                0x002038f0       0x20 obj_zoul/pka.o
                0x002038f0                pka_disable
 .text.pka_check_status
                0x00203910       0x14 obj_zoul/pka.o
                0x00203910                pka_check_status
 .text.pka_register_process_notification
                0x00203924        0xc obj_zoul/pka.o
                0x00203924                pka_register_process_notification
 .text.bignum_cmp_start
                0x00203930       0xa0 obj_zoul/bignum-driver.o
                0x00203930                bignum_cmp_start
 .text.bignum_cmp_get_result
                0x002039d0       0x48 obj_zoul/bignum-driver.o
                0x002039d0                bignum_cmp_get_result
 .text.ecc_mul_start
                0x00203a18      0x1b0 obj_zoul/ecc-driver.o
                0x00203a18                ecc_mul_start
 .text.ecc_add_get_result
                0x00203bc8       0xa8 obj_zoul/ecc-driver.o
                0x00203bc8                ecc_add_get_result
 .text.ecc_compare
                0x00203c70       0x54 obj_zoul/ecc-algorithm.o
                0x00203c70                ecc_compare
 .text.ecc_multiply
                0x00203cc4       0x74 obj_zoul/ecc-algorithm.o
                0x00203cc4                ecc_multiply
 .text.ieee_addr_cpy_to
                0x00203d38       0x60 obj_zoul/ieee-addr.o
                0x00203d38                ieee_addr_cpy_to
 .text.simple_reply.isra.1
                0x00203d98       0x38 obj_zoul/coap-observe-client.o
 .text.coap_get_obs_subject_by_token
                0x00203dd0       0x34 obj_zoul/coap-observe-client.o
                0x00203dd0                coap_get_obs_subject_by_token
 .text.progress_request
                0x00203e04       0x4c obj_zoul/coap-callback-api.o
 .text.process_callback
                0x00203e50       0x3c obj_zoul/coap-engine.o
 .text.coap_add_handler
                0x00203e8c        0xc obj_zoul/coap-engine.o
                0x00203e8c                coap_add_handler
 .text.coap_call_handlers
                0x00203e98       0x54 obj_zoul/coap-engine.o
                0x00203e98                coap_call_handlers
 .text.coap_receive
                0x00203eec      0x3a4 obj_zoul/coap-engine.o
                0x00203eec                coap_receive
 .text.coap_activate_resource
                0x00204290       0x40 obj_zoul/coap-engine.o
                0x00204290                coap_activate_resource
 .text.coap_engine_init
                0x002042d0       0x44 obj_zoul/coap-engine.o
                0x002042d0                coap_engine_init
 .text.coap_get_first_resource
                0x00204314        0xc obj_zoul/coap-engine.o
                0x00204314                coap_get_first_resource
 .text.well_known_core_get_handler
                0x00204320      0x15c obj_zoul/coap-res-well-known-core.o
 .text.coap_remove_observer
                0x0020447c       0x20 obj_zoul/coap-observe.o
                0x0020447c                coap_remove_observer
 .text.coap_remove_observer_by_client
                0x0020449c       0x30 obj_zoul/coap-observe.o
                0x0020449c                coap_remove_observer_by_client
 .text.coap_remove_observer_by_token
                0x002044cc       0x50 obj_zoul/coap-observe.o
                0x002044cc                coap_remove_observer_by_token
 .text.coap_remove_observer_by_uri
                0x0020451c       0x58 obj_zoul/coap-observe.o
                0x0020451c                coap_remove_observer_by_uri
 .text.coap_remove_observer_by_mid
                0x00204574       0x38 obj_zoul/coap-observe.o
                0x00204574                coap_remove_observer_by_mid
 .text.coap_notify_observers_sub
                0x002045ac      0x190 obj_zoul/coap-observe.o
                0x002045ac                coap_notify_observers_sub
 .text.coap_observe_handler
                0x0020473c       0xd4 obj_zoul/coap-observe.o
                0x0020473c                coap_observe_handler
 .text.update   0x00204810        0xc obj_zoul/coap-timer-default.o
 .text.process_thread_coap_timer_process
                0x0020481c       0x84 obj_zoul/coap-timer-default.o
 .text.uptime   0x002048a0       0x3c obj_zoul/coap-timer-default.o
 .text.init     0x002048dc        0xc obj_zoul/coap-timer-default.o
 .text.coap_new_transaction
                0x002048e8       0x34 obj_zoul/coap-transactions.o
                0x002048e8                coap_new_transaction
 .text.coap_clear_transaction
                0x0020491c       0x2c obj_zoul/coap-transactions.o
                0x0020491c                coap_clear_transaction
 .text.coap_send_transaction
                0x00204948       0x94 obj_zoul/coap-transactions.o
                0x00204948                coap_send_transaction
 .text.coap_get_transaction_by_mid
                0x002049dc       0x1c obj_zoul/coap-transactions.o
                0x002049dc                coap_get_transaction_by_mid
 .text.coap_init_connection
                0x002049f8       0x10 obj_zoul/coap.o
                0x002049f8                coap_init_connection
 .text.coap_get_mid
                0x00204a08       0x10 obj_zoul/coap.o
                0x00204a08                coap_get_mid
 .text.coap_serialize_message
                0x00204a18      0x34c obj_zoul/coap.o
                0x00204a18                coap_serialize_message
 .text.coap_parse_message
                0x00204d64      0x2dc obj_zoul/coap.o
                0x00204d64                coap_parse_message
 .text.get_src_endpoint
                0x00205040       0x44 obj_zoul/coap-uip.o
 .text.get_psk_info
                0x00205084      0x230 obj_zoul/coap-uip.o
 .text.input_from_peer
                0x002052b4       0x94 obj_zoul/coap-uip.o
 .text.output_to_peer
                0x00205348       0x5c obj_zoul/coap-uip.o
 .text.process_thread_coap_engine
                0x002053a4      0x1c0 obj_zoul/coap-uip.o
 .text.coap_endpoint_log
                0x00205564       0x48 obj_zoul/coap-uip.o
                0x00205564                coap_endpoint_log
 .text.coap_endpoint_parse
                0x002055ac       0xe8 obj_zoul/coap-uip.o
                0x002055ac                coap_endpoint_parse
 .text.coap_endpoint_is_connected
                0x00205694       0xa0 obj_zoul/coap-uip.o
                0x00205694                coap_endpoint_is_connected
 .text.coap_endpoint_connect
                0x00205734       0x68 obj_zoul/coap-uip.o
                0x00205734                coap_endpoint_connect
 .text.coap_endpoint_disconnect
                0x0020579c       0x18 obj_zoul/coap-uip.o
                0x0020579c                coap_endpoint_disconnect
 .text.coap_databuf
                0x002057b4        0xc obj_zoul/coap-uip.o
                0x002057b4                coap_databuf
 .text.coap_transport_init
                0x002057c0       0x18 obj_zoul/coap-uip.o
                0x002057c0                coap_transport_init
 .text.coap_sendto
                0x002057d8      0x104 obj_zoul/coap-uip.o
                0x002057d8                coap_sendto
 .text.coap_set_keystore
                0x002058dc        0xc obj_zoul/coap-uip.o
                0x002058dc                coap_set_keystore
 .text.coap_timer_uptime
                0x002058e8        0xc obj_zoul/coap-timer.o
 .text.coap_timer_stop
                0x002058f4       0x1c obj_zoul/coap-timer.o
                0x002058f4                coap_timer_stop
 .text.coap_timer_time_to_next_expiration
                0x00205910       0x34 obj_zoul/coap-timer.o
                0x00205910                coap_timer_time_to_next_expiration
 .text.coap_timer_run
                0x00205944       0x64 obj_zoul/coap-timer.o
                0x00205944                coap_timer_run
 .text.coap_timer_init
                0x002059a8       0x2c obj_zoul/coap-timer.o
                0x002059a8                coap_timer_init
 .text.add_timer
                0x002059d4       0x70 obj_zoul/coap-timer.o
 .text.coap_log_string
                0x00205a44       0x30 obj_zoul/coap-log.o
                0x00205a44                coap_log_string
 .text.coap_timer_uptime
                0x00205a74        0xc obj_zoul/lwm2m-engine.o
 .text.get_object
                0x00205a80       0x20 obj_zoul/lwm2m-engine.o
 .text.get_instance
                0x00205aa0       0x68 obj_zoul/lwm2m-engine.o
 .text.perform_multi_resource_read_op
                0x00205b08      0x3cc obj_zoul/lwm2m-engine.o
 .text.get_or_create_instance.part.7
                0x00205ed4       0x44 obj_zoul/lwm2m-engine.o
 .text.check_write.isra.8
                0x00205f18       0x94 obj_zoul/lwm2m-engine.o
 .text.lwm2m_handler_callback
                0x00205fac      0x568 obj_zoul/lwm2m-engine.o
 .text.lwm2m_engine_set_rd_data
                0x00206514      0x1b4 obj_zoul/lwm2m-engine.o
                0x00206514                lwm2m_engine_set_rd_data
 .text.lwm2m_engine_init
                0x002066c8       0xc0 obj_zoul/lwm2m-engine.o
                0x002066c8                lwm2m_engine_init
 .text.lwm2m_engine_add_object
                0x00206788       0x80 obj_zoul/lwm2m-engine.o
                0x00206788                lwm2m_engine_add_object
 .text.lwm2m_engine_add_generic_object
                0x00206808       0x50 obj_zoul/lwm2m-engine.o
                0x00206808                lwm2m_engine_add_generic_object
 .text.lwm2m_notify_object_observers
                0x00206858       0x2c obj_zoul/lwm2m-engine.o
                0x00206858                lwm2m_notify_object_observers
 .text.write_boolean
                0x00206884       0x8c obj_zoul/lwm2m-json.o
 .text.write_string
                0x00206910       0xe8 obj_zoul/lwm2m-json.o
 .text.write_int
                0x002069f8       0x6c obj_zoul/lwm2m-json.o
 .text.end_write
                0x00206a64       0x34 obj_zoul/lwm2m-json.o
 .text.init_write
                0x00206a98       0x3c obj_zoul/lwm2m-json.o
 .text.write_float32fix
                0x00206ad4       0xa4 obj_zoul/lwm2m-json.o
 .text.write_int
                0x00206b78       0x24 obj_zoul/lwm2m-plain-text.o
 .text.lwm2m_plain_text_write_float32fix
                0x00206b9c       0x68 obj_zoul/lwm2m-plain-text.o
                0x00206b9c                lwm2m_plain_text_write_float32fix
 .text.coap_timer_uptime
                0x00206c04        0xc obj_zoul/lwm2m-rd-client.o
 .text.perform_session_callback
                0x00206c10       0x40 obj_zoul/lwm2m-rd-client.o
 .text.block1_rd_callback
                0x00206c50       0xc0 obj_zoul/lwm2m-rd-client.o
 .text.deregister_callback
                0x00206d10       0x84 obj_zoul/lwm2m-rd-client.o
 .text.bootstrap_callback
                0x00206d94       0x98 obj_zoul/lwm2m-rd-client.o
 .text.update_callback
                0x00206e2c       0xf4 obj_zoul/lwm2m-rd-client.o
 .text.registration_callback
                0x00206f20      0x128 obj_zoul/lwm2m-rd-client.o
 .text.set_rd_data.constprop.6
                0x00207048       0x70 obj_zoul/lwm2m-rd-client.o
 .text.printKey192
                0x002070b8       0x28 obj_zoul/lwm2m-rd-client.o
                0x002070b8                printKey192
 .text.GetKeyuint8
                0x002070e0       0x3c obj_zoul/lwm2m-rd-client.o
                0x002070e0                GetKeyuint8
 .text.process_thread_genSharedKey_ecdh
                0x0020711c      0x1d4 obj_zoul/lwm2m-rd-client.o
 .text.lwm2m_rd_client_use_bootstrap_server
                0x002072f0       0x20 obj_zoul/lwm2m-rd-client.o
                0x002072f0                lwm2m_rd_client_use_bootstrap_server
 .text.lwm2m_rd_client_use_registration_server
                0x00207310       0x20 obj_zoul/lwm2m-rd-client.o
                0x00207310                lwm2m_rd_client_use_registration_server
 .text.lwm2m_rd_client_set_update_rd
                0x00207330       0x10 obj_zoul/lwm2m-rd-client.o
                0x00207330                lwm2m_rd_client_set_update_rd
 .text.lwm2m_rd_client_register_with_server
                0x00207340       0x30 obj_zoul/lwm2m-rd-client.o
                0x00207340                lwm2m_rd_client_register_with_server
 .text.lwm2m_rd_client_register_with_bootstrap_server
                0x00207370       0x34 obj_zoul/lwm2m-rd-client.o
                0x00207370                lwm2m_rd_client_register_with_bootstrap_server
 .text.lwm2m_rd_client_update_triggered
                0x002073a4       0x10 obj_zoul/lwm2m-rd-client.o
                0x002073a4                lwm2m_rd_client_update_triggered
 .text.ParseStringToUInt32X
                0x002073b4       0x54 obj_zoul/lwm2m-rd-client.o
                0x002073b4                ParseStringToUInt32X
 .text.ECDHGetSetX_callback
                0x00207408       0xac obj_zoul/lwm2m-rd-client.o
 .text.ParseStringToUInt32Y
                0x002074b4       0x54 obj_zoul/lwm2m-rd-client.o
                0x002074b4                ParseStringToUInt32Y
 .text.ECDHGetSetY_callback
                0x00207508       0xac obj_zoul/lwm2m-rd-client.o
 .text.getMyPubKeyX
                0x002075b4       0x58 obj_zoul/lwm2m-rd-client.o
                0x002075b4                getMyPubKeyX
 .text.getMyPubKeyY
                0x0020760c       0x58 obj_zoul/lwm2m-rd-client.o
                0x0020760c                getMyPubKeyY
 .text.periodic_process
                0x00207664      0x808 obj_zoul/lwm2m-rd-client.o
 .text.lwm2m_rd_client_init
                0x00207e6c       0x3c obj_zoul/lwm2m-rd-client.o
                0x00207e6c                lwm2m_rd_client_init
 .text.get_by_id
                0x00207ea8       0x1c obj_zoul/lwm2m-security.o
 .text.get_first
                0x00207ec4        0xc obj_zoul/lwm2m-security.o
 .text.create_instance
                0x00207ed0       0x9c obj_zoul/lwm2m-security.o
 .text.lwm2m_callback
                0x00207f6c      0x1a4 obj_zoul/lwm2m-security.o
 .text.delete_instance
                0x00208110       0x34 obj_zoul/lwm2m-security.o
 .text.lwm2m_security_get_first
                0x00208144        0xc obj_zoul/lwm2m-security.o
                0x00208144                lwm2m_security_get_first
 .text.get_psk_info
                0x00208150      0x11c obj_zoul/lwm2m-security.o
 .text.lwm2m_security_init
                0x0020826c       0x84 obj_zoul/lwm2m-security.o
                0x0020826c                lwm2m_security_init
 .text.lwm2m_device_get_time
                0x002082f0       0x24 obj_zoul/lwm2m-device.o
                0x002082f0                lwm2m_device_get_time
 .text.lwm2m_device_set_time
                0x00208314       0x24 obj_zoul/lwm2m-device.o
                0x00208314                lwm2m_device_set_time
 .text.lwm2m_callback
                0x00208338       0xdc obj_zoul/lwm2m-device.o
 .text.lwm2m_device_init
                0x00208414        0xc obj_zoul/lwm2m-device.o
                0x00208414                lwm2m_device_init
 .text.get_by_id
                0x00208420       0x24 obj_zoul/lwm2m-server.o
 .text.get_first
                0x00208444       0x10 obj_zoul/lwm2m-server.o
 .text.create_instance
                0x00208454       0x7c obj_zoul/lwm2m-server.o
 .text.delete_instance
                0x002084d0       0x38 obj_zoul/lwm2m-server.o
 .text.lwm2m_server_init
                0x00208508       0x28 obj_zoul/lwm2m-server.o
                0x00208508                lwm2m_server_init
 .text.coap_timer_uptime
                0x00208530        0xc obj_zoul/ipso-control-template.o
 .text.ipso_control_add
                0x0020853c       0x18 obj_zoul/ipso-control-template.o
                0x0020853c                ipso_control_add
 .text.timer_callback
                0x00208554       0x88 obj_zoul/ipso-sensor-template.o
 .text.ipso_sensor_add
                0x002085dc       0x94 obj_zoul/ipso-sensor-template.o
                0x002085dc                ipso_sensor_add
 .text.ipso_leds_control_init
                0x00208670       0x54 obj_zoul/ipso-leds-control.o
                0x00208670                ipso_leds_control_init
 .text.process_thread_ipso_button_process
                0x002086c4       0x70 obj_zoul/ipso-button.o
 .text.lwm2m_callback
                0x00208734       0xa0 obj_zoul/ipso-button.o
 .text.ipso_button_init
                0x002087d4       0x1c obj_zoul/ipso-button.o
                0x002087d4                ipso_button_init
 .text.get_temp_value
                0x002087f0       0x1c obj_zoul/ipso-temperature.o
 .text.ipso_temperature_init
                0x0020880c       0x1c obj_zoul/ipso-temperature.o
                0x0020880c                ipso_temperature_init
 .text.startup.main
                0x00208828      0x1e8 obj_zoul/contiki-main.o
                0x00208828                main
 .text.process_thread_ctimer_process
                0x00208a10       0x80 obj_zoul/ctimer.o
 .text.ctimer_init
                0x00208a90       0x28 obj_zoul/ctimer.o
                0x00208a90                ctimer_init
 .text.ctimer_set_with_process
                0x00208ab8       0x44 obj_zoul/ctimer.o
                0x00208ab8                ctimer_set_with_process
 .text.ctimer_set
                0x00208afc       0x14 obj_zoul/ctimer.o
                0x00208afc                ctimer_set
 .text.ctimer_reset
                0x00208b10       0x38 obj_zoul/ctimer.o
                0x00208b10                ctimer_reset
 .text.ctimer_stop
                0x00208b48       0x2c obj_zoul/ctimer.o
                0x00208b48                ctimer_stop
 .text.ctimer_expired
                0x00208b74       0x34 obj_zoul/ctimer.o
                0x00208b74                ctimer_expired
 .text.log_6addr
                0x00208ba8       0x20 obj_zoul/log.o
                0x00208ba8                log_6addr
 .text.log_lladdr
                0x00208bc8       0x3c obj_zoul/log.o
                0x00208bc8                log_lladdr
 .text.update_time
                0x00208c04       0x44 obj_zoul/etimer.o
 .text.etimer_request_poll
                0x00208c48        0xc obj_zoul/etimer.o
                0x00208c48                etimer_request_poll
 .text.process_thread_etimer_process
                0x00208c54       0xac obj_zoul/etimer.o
 .text.add_timer
                0x00208d00       0x40 obj_zoul/etimer.o
 .text.etimer_pending
                0x00208d40       0x10 obj_zoul/etimer.o
                0x00208d40                etimer_pending
 .text.etimer_stop
                0x00208d50       0x34 obj_zoul/etimer.o
                0x00208d50                etimer_stop
 .text.node_id_init
                0x00208d84       0x18 obj_zoul/node-id.o
                0x00208d84                node_id_init
 .text.stimer_expired
                0x00208d9c       0x20 obj_zoul/stimer.o
                0x00208d9c                stimer_expired
 .text.call_process.part.0
                0x00208dbc       0x38 obj_zoul/process.o
 .text.exit_process
                0x00208df4       0x80 obj_zoul/process.o
 .text.do_poll  0x00208e74       0x34 obj_zoul/process.o
 .text.process_alloc_event
                0x00208ea8       0x10 obj_zoul/process.o
                0x00208ea8                process_alloc_event
 .text.process_init
                0x00208eb8       0x30 obj_zoul/process.o
                0x00208eb8                process_init
 .text.process_run
                0x00208ee8       0x84 obj_zoul/process.o
                0x00208ee8                process_run
 .text.process_nevents
                0x00208f6c       0x14 obj_zoul/process.o
                0x00208f6c                process_nevents
 .text.process_post
                0x00208f80       0x3c obj_zoul/process.o
                0x00208f80                process_post
 .text.process_post_synch
                0x00208fbc       0x14 obj_zoul/process.o
                0x00208fbc                process_post_synch
 .text.process_start
                0x00208fd0       0x30 obj_zoul/process.o
                0x00208fd0                process_start
 .text.process_poll
                0x00209000       0x18 obj_zoul/process.o
                0x00209000                process_poll
 .text.rtimer_run_next
                0x00209018       0x28 obj_zoul/rtimer.o
                0x00209018                rtimer_run_next
 .text.stack_check_init
                0x00209040       0x28 obj_zoul/stack-check.o
                0x00209040                stack_check_init
 .text.stack_check_get_usage
                0x00209068       0x44 obj_zoul/stack-check.o
                0x00209068                stack_check_get_usage
 .text.process_thread_stack_check_process
                0x002090ac       0x88 obj_zoul/stack-check.o
 .text.duration_exceeded_callback
                0x00209134       0x34 obj_zoul/button-hal.o
 .text.process_thread_button_hal_process
                0x00209168       0x70 obj_zoul/button-hal.o
 .text.press_release_handler
                0x002091d8       0x18 obj_zoul/button-hal.o
 .text.debounce_handler
                0x002091f0       0x64 obj_zoul/button-hal.o
 .text.button_hal_init
                0x00209254       0xf8 obj_zoul/button-hal.o
                0x00209254                button_hal_init
 .text.process_thread_serial_line_process
                0x0020934c       0x9c obj_zoul/serial-line.o
 .text.serial_line_input_byte
                0x002093e8       0x44 obj_zoul/serial-line.o
                0x002093e8                serial_line_input_byte
 .text.serial_line_init
                0x0020942c       0x24 obj_zoul/serial-line.o
                0x0020942c                serial_line_init
 .text.gpio_hal_register_handler
                0x00209450        0xc obj_zoul/gpio-hal.o
                0x00209450                gpio_hal_register_handler
 .text.gpio_hal_event_handler
                0x0020945c       0x24 obj_zoul/gpio-hal.o
                0x0020945c                gpio_hal_event_handler
 .text.gpio_hal_init
                0x00209480        0xc obj_zoul/gpio-hal.o
                0x00209480                gpio_hal_init
 .text.process_thread_sensors_process
                0x0020948c       0xdc obj_zoul/sensors.o
 .text.random_rand
                0x00209568       0x20 obj_zoul/random.o
                0x00209568                random_rand
 .text.random_init
                0x00209588       0x7c obj_zoul/random.o
                0x00209588                random_init
 .text._xassert
                0x00209604       0x10 obj_zoul/assert.o
                0x00209604                _xassert
 .text.queuebuf_init
                0x00209614       0x1c obj_zoul/queuebuf.o
                0x00209614                queuebuf_init
 .text.queuebuf_numfree
                0x00209630        0xc obj_zoul/queuebuf.o
                0x00209630                queuebuf_numfree
 .text.queuebuf_new_from_packetbuf
                0x0020963c       0x44 obj_zoul/queuebuf.o
                0x0020963c                queuebuf_new_from_packetbuf
 .text.queuebuf_free
                0x00209680       0x2c obj_zoul/queuebuf.o
                0x00209680                queuebuf_free
 .text.queuebuf_to_packetbuf
                0x002096ac       0x30 obj_zoul/queuebuf.o
                0x002096ac                queuebuf_to_packetbuf
 .text.index_from_key
                0x002096dc       0x20 obj_zoul/nbr-table.o
 .text.index_from_lladdr
                0x002096fc       0x40 obj_zoul/nbr-table.o
 .text.nbr_get_bit.constprop.0
                0x0020973c       0x2c obj_zoul/nbr-table.o
 .text.nbr_table_is_registered
                0x00209768       0x20 obj_zoul/nbr-table.o
                0x00209768                nbr_table_is_registered
 .text.nbr_table_register
                0x00209788       0x30 obj_zoul/nbr-table.o
                0x00209788                nbr_table_register
 .text.nbr_table_next
                0x002097b8       0x48 obj_zoul/nbr-table.o
                0x002097b8                nbr_table_next
 .text.nbr_table_head
                0x00209800       0x38 obj_zoul/nbr-table.o
                0x00209800                nbr_table_head
 .text.nbr_table_add_lladdr
                0x00209838      0x164 obj_zoul/nbr-table.o
                0x00209838                nbr_table_add_lladdr
 .text.nbr_table_remove
                0x0020999c       0x2c obj_zoul/nbr-table.o
                0x0020999c                nbr_table_remove
 .text.nbr_table_lock
                0x002099c8       0x10 obj_zoul/nbr-table.o
                0x002099c8                nbr_table_lock
 .text.nbr_table_unlock
                0x002099d8       0x10 obj_zoul/nbr-table.o
                0x002099d8                nbr_table_unlock
 .text.nbr_table_get_lladdr
                0x002099e8       0x24 obj_zoul/nbr-table.o
                0x002099e8                nbr_table_get_lladdr
 .text.packetbuf_hdrreduce
                0x00209a0c       0x28 obj_zoul/packetbuf.o
                0x00209a0c                packetbuf_hdrreduce
 .text.packetbuf_set_datalen
                0x00209a34        0xc obj_zoul/packetbuf.o
                0x00209a34                packetbuf_set_datalen
 .text.packetbuf_hdrptr
                0x00209a40        0x8 obj_zoul/packetbuf.o
                0x00209a40                packetbuf_hdrptr
 .text.packetbuf_datalen
                0x00209a48        0xc obj_zoul/packetbuf.o
                0x00209a48                packetbuf_datalen
 .text.packetbuf_hdrlen
                0x00209a54       0x18 obj_zoul/packetbuf.o
                0x00209a54                packetbuf_hdrlen
 .text.packetbuf_dataptr
                0x00209a6c       0x10 obj_zoul/packetbuf.o
                0x00209a6c                packetbuf_dataptr
 .text.packetbuf_copyto
                0x00209a7c       0x44 obj_zoul/packetbuf.o
                0x00209a7c                packetbuf_copyto
 .text.packetbuf_totlen
                0x00209ac0       0x14 obj_zoul/packetbuf.o
                0x00209ac0                packetbuf_totlen
 .text.packetbuf_hdralloc
                0x00209ad4       0x3c obj_zoul/packetbuf.o
                0x00209ad4                packetbuf_hdralloc
 .text.packetbuf_attr_clear
                0x00209b10       0x34 obj_zoul/packetbuf.o
                0x00209b10                packetbuf_attr_clear
 .text.packetbuf_clear
                0x00209b44       0x20 obj_zoul/packetbuf.o
                0x00209b44                packetbuf_clear
 .text.packetbuf_copyfrom
                0x00209b64       0x2c obj_zoul/packetbuf.o
                0x00209b64                packetbuf_copyfrom
 .text.packetbuf_attr_copyto
                0x00209b90       0x24 obj_zoul/packetbuf.o
                0x00209b90                packetbuf_attr_copyto
 .text.packetbuf_attr_copyfrom
                0x00209bb4       0x24 obj_zoul/packetbuf.o
                0x00209bb4                packetbuf_attr_copyfrom
 .text.packetbuf_set_attr
                0x00209bd8       0x10 obj_zoul/packetbuf.o
                0x00209bd8                packetbuf_set_attr
 .text.packetbuf_attr
                0x00209be8        0xc obj_zoul/packetbuf.o
                0x00209be8                packetbuf_attr
 .text.packetbuf_set_addr
                0x00209bf4       0x18 obj_zoul/packetbuf.o
                0x00209bf4                packetbuf_set_addr
 .text.packetbuf_addr
                0x00209c0c       0x10 obj_zoul/packetbuf.o
                0x00209c0c                packetbuf_addr
 .text.packetbuf_holds_broadcast
                0x00209c1c       0x10 obj_zoul/packetbuf.o
                0x00209c1c                packetbuf_holds_broadcast
 .text.netstack_process_ip_callback
                0x00209c2c       0x40 obj_zoul/netstack.o
                0x00209c2c                netstack_process_ip_callback
 .text.netstack_init
                0x00209c6c       0x24 obj_zoul/netstack.o
                0x00209c6c                netstack_init
 .text.periodic
                0x00209c90       0x2c obj_zoul/link-stats.o
 .text.link_stats_from_lladdr
                0x00209cbc        0xc obj_zoul/link-stats.o
                0x00209cbc                link_stats_from_lladdr
 .text.link_stats_packet_sent
                0x00209cc8       0x74 obj_zoul/link-stats.o
                0x00209cc8                link_stats_packet_sent
 .text.link_stats_input_callback
                0x00209d3c       0x4c obj_zoul/link-stats.o
                0x00209d3c                link_stats_input_callback
 .text.link_stats_reset
                0x00209d88       0x24 obj_zoul/link-stats.o
                0x00209d88                link_stats_reset
 .text.link_stats_init
                0x00209dac       0x28 obj_zoul/link-stats.o
                0x00209dac                link_stats_init
 .text.mac_sequence_is_duplicate
                0x00209dd4       0x4c obj_zoul/mac-sequence.o
                0x00209dd4                mac_sequence_is_duplicate
 .text.mac_sequence_register_seqno
                0x00209e20       0x60 obj_zoul/mac-sequence.o
                0x00209e20                mac_sequence_register_seqno
 .text.create_frame
                0x00209e80       0xd0 obj_zoul/framer-802154.o
 .text.frame802154_get_pan_id
                0x00209f50        0xc obj_zoul/frame802154.o
                0x00209f50                frame802154_get_pan_id
 .text.frame802154_parse
                0x00209f5c      0x124 obj_zoul/frame802154.o
                0x00209f5c                frame802154_parse
 .text.fill_space
                0x0020a080       0x34 obj_zoul/strformat.o
 .text.format_str_v
                0x0020a0b4      0x6c8 obj_zoul/strformat.o
                0x0020a0b4                format_str_v
 .text.printf   0x0020a77c       0x20 obj_zoul/printf.o
                0x0020a77c                printf
 .text.sprintf  0x0020a79c       0x30 obj_zoul/sprintf.o
                0x0020a79c                sprintf
 .text.vsnprintf
                0x0020a7cc       0x28 obj_zoul/snprintf.o
                0x0020a7cc                vsnprintf
 .text.on       0x0020a7f4        0xc obj_zoul/csma.o
 .text.off      0x0020a800        0xc obj_zoul/csma.o
 .text.input_packet
                0x0020a80c       0x54 obj_zoul/csma.o
 .text.schedule_transmission
                0x0020a860       0x38 obj_zoul/csma-output.o
 .text.tx_done  0x0020a898       0x84 obj_zoul/csma-output.o
 .text.transmit_from_queue
                0x0020a91c      0x1dc obj_zoul/csma-output.o
 .text.csma_output_packet
                0x0020aaf8      0x13c obj_zoul/csma-output.o
                0x0020aaf8                csma_output_packet
 .text.csma_output_init
                0x0020ac34       0x28 obj_zoul/csma-output.o
                0x0020ac34                csma_output_init
 .text.uipbuf_get_attr
                0x0020ac5c       0x14 obj_zoul/uipbuf.o
                0x0020ac5c                uipbuf_get_attr
 .text.uipbuf_clear_attr
                0x0020ac70       0x18 obj_zoul/uipbuf.o
                0x0020ac70                uipbuf_clear_attr
 .text.echo_reply_input
                0x0020ac88       0xa4 obj_zoul/uip-icmp6.o
 .text.echo_request_input
                0x0020ad2c       0xcc obj_zoul/uip-icmp6.o
 .text.uip_icmp6_input
                0x0020adf8       0x38 obj_zoul/uip-icmp6.o
                0x0020adf8                uip_icmp6_input
 .text.uip_icmp6_register_input_handler
                0x0020ae30        0xc obj_zoul/uip-icmp6.o
                0x0020ae30                uip_icmp6_register_input_handler
 .text.uip_icmp6_error_output
                0x0020ae3c      0x150 obj_zoul/uip-icmp6.o
                0x0020ae3c                uip_icmp6_error_output
 .text.uip_icmp6_send
                0x0020af8c       0x78 obj_zoul/uip-icmp6.o
                0x0020af8c                uip_icmp6_send
 .text.uip_icmp6_init
                0x0020b004       0x1c obj_zoul/uip-icmp6.o
                0x0020b004                uip_icmp6_init
 .text.node_matches_address.part.0
                0x0020b020       0x28 obj_zoul/uip-sr.o
 .text.uip_sr_num_nodes
                0x0020b048        0xc obj_zoul/uip-sr.o
                0x0020b048                uip_sr_num_nodes
 .text.uip_sr_get_node
                0x0020b054       0x34 obj_zoul/uip-sr.o
                0x0020b054                uip_sr_get_node
 .text.uip_sr_is_addr_reachable
                0x0020b088       0x44 obj_zoul/uip-sr.o
                0x0020b088                uip_sr_is_addr_reachable
 .text.uip_sr_update_node
                0x0020b0cc       0xa4 obj_zoul/uip-sr.o
                0x0020b0cc                uip_sr_update_node
 .text.uip_sr_init
                0x0020b170       0x24 obj_zoul/uip-sr.o
                0x0020b170                uip_sr_init
 .text.uip_sr_node_head
                0x0020b194        0xc obj_zoul/uip-sr.o
                0x0020b194                uip_sr_node_head
 .text.uip_sr_periodic
                0x0020b1a0       0x68 obj_zoul/uip-sr.o
                0x0020b1a0                uip_sr_periodic
 .text.uip_sr_free_all
                0x0020b208       0x40 obj_zoul/uip-sr.o
                0x0020b208                uip_sr_free_all
 .text.uip_sr_link_snprint
                0x0020b248       0x8c obj_zoul/uip-sr.o
                0x0020b248                uip_sr_link_snprint
 .text.uip_ds6_prefix_add
                0x0020b2d4       0x64 obj_zoul/uip-ds6.o
                0x0020b2d4                uip_ds6_prefix_add
 .text.uip_ds6_is_addr_onlink
                0x0020b338       0x40 obj_zoul/uip-ds6.o
                0x0020b338                uip_ds6_is_addr_onlink
 .text.uip_ds6_addr_lookup
                0x0020b378       0x2c obj_zoul/uip-ds6.o
                0x0020b378                uip_ds6_addr_lookup
 .text.uip_ds6_get_link_local
                0x0020b3a4       0x40 obj_zoul/uip-ds6.o
                0x0020b3a4                uip_ds6_get_link_local
 .text.uip_ds6_maddr_add
                0x0020b3e4       0x4c obj_zoul/uip-ds6.o
                0x0020b3e4                uip_ds6_maddr_add
 .text.uip_ds6_addr_add
                0x0020b430       0x94 obj_zoul/uip-ds6.o
                0x0020b430                uip_ds6_addr_add
 .text.uip_ds6_maddr_lookup
                0x0020b4c4       0x2c obj_zoul/uip-ds6.o
                0x0020b4c4                uip_ds6_maddr_lookup
 .text.uip_ds6_addr_rm
                0x0020b4f0       0x44 obj_zoul/uip-ds6.o
                0x0020b4f0                uip_ds6_addr_rm
 .text.uip_ds6_periodic
                0x0020b534       0x4c obj_zoul/uip-ds6.o
                0x0020b534                uip_ds6_periodic
 .text.uip_ds6_select_src
                0x0020b580       0x94 obj_zoul/uip-ds6.o
                0x0020b580                uip_ds6_select_src
 .text.uip_ds6_compute_reachable_time
                0x0020b614       0x2c obj_zoul/uip-ds6.o
                0x0020b614                uip_ds6_compute_reachable_time
 .text.uip_ds6_init
                0x0020b640       0xe0 obj_zoul/uip-ds6.o
                0x0020b640                uip_ds6_init
 .text.uip_udp_packet_send
                0x0020b720       0x34 obj_zoul/uip-udp-packet.o
                0x0020b720                uip_udp_packet_send
 .text.uip_ds6_route_init
                0x0020b754       0x1c obj_zoul/uip-ds6-route.o
                0x0020b754                uip_ds6_route_init
 .text.uip_ds6_defrt_rm
                0x0020b770       0x58 obj_zoul/uip-ds6-route.o
                0x0020b770                uip_ds6_defrt_rm
 .text.uip_ds6_defrt_lookup
                0x0020b7c8       0x34 obj_zoul/uip-ds6-route.o
                0x0020b7c8                uip_ds6_defrt_lookup
 .text.uip_ds6_defrt_add
                0x0020b7fc       0xcc obj_zoul/uip-ds6-route.o
                0x0020b7fc                uip_ds6_defrt_add
 .text.uip_ds6_defrt_choose
                0x0020b8c8       0xa0 obj_zoul/uip-ds6-route.o
                0x0020b8c8                uip_ds6_defrt_choose
 .text.uip_ds6_defrt_periodic
                0x0020b968       0x50 obj_zoul/uip-ds6-route.o
                0x0020b968                uip_ds6_defrt_periodic
 .text.tcpip_output
                0x0020b9b8       0x40 obj_zoul/tcpip.o
                0x0020b9b8                tcpip_output
 .text.udp_new  0x0020b9f8       0x18 obj_zoul/tcpip.o
                0x0020b9f8                udp_new
 .text.tcpip_input
                0x0020ba10       0x34 obj_zoul/tcpip.o
                0x0020ba10                tcpip_input
 .text.tcpip_ipv6_output
                0x0020ba44       0xfc obj_zoul/tcpip.o
                0x0020ba44                tcpip_ipv6_output
 .text.packet_input
                0x0020bb40       0x20 obj_zoul/tcpip.o
 .text.process_thread_tcpip_process
                0x0020bb60       0xbc obj_zoul/tcpip.o
 .text.tcpip_uipcall
                0x0020bc1c       0x2c obj_zoul/tcpip.o
                0x0020bc1c                tcpip_uipcall
 .text.upper_layer_chksum
                0x0020bc48       0x54 obj_zoul/uip6.o
 .text.ext_hdr_options_process
                0x0020bc9c       0xc4 obj_zoul/uip6.o
 .text.uip_init
                0x0020bd60       0x38 obj_zoul/uip6.o
                0x0020bd60                uip_init
 .text.remove_ext_hdr
                0x0020bd98       0x5c obj_zoul/uip6.o
                0x0020bd98                remove_ext_hdr
 .text.uip_udp_new
                0x0020bdf4       0x8c obj_zoul/uip6.o
                0x0020bdf4                uip_udp_new
 .text.uip_process
                0x0020be80      0x488 obj_zoul/uip6.o
                0x0020be80                uip_process
 .text.uip_ds6_nbr_rm
                0x0020c308       0x24 obj_zoul/uip-ds6-nbr.o
                0x0020c308                uip_ds6_nbr_rm
 .text.uip_ds6_neighbors_init
                0x0020c32c       0x28 obj_zoul/uip-ds6-nbr.o
                0x0020c32c                uip_ds6_neighbors_init
 .text.uip_ds6_nbr_add
                0x0020c354       0xd8 obj_zoul/uip-ds6-nbr.o
                0x0020c354                uip_ds6_nbr_add
 .text.uip_ds6_nbr_get_ll
                0x0020c42c       0x10 obj_zoul/uip-ds6-nbr.o
                0x0020c42c                uip_ds6_nbr_get_ll
 .text.uip_ds6_nbr_lookup
                0x0020c43c       0x38 obj_zoul/uip-ds6-nbr.o
                0x0020c43c                uip_ds6_nbr_lookup
 .text.uip_ds6_nbr_ll_lookup
                0x0020c474       0x10 obj_zoul/uip-ds6-nbr.o
                0x0020c474                uip_ds6_nbr_ll_lookup
 .text.uip_ds6_nbr_update_ll
                0x0020c484       0xcc obj_zoul/uip-ds6-nbr.o
                0x0020c484                uip_ds6_nbr_update_ll
 .text.ns_input
                0x0020c550      0x34c obj_zoul/uip-nd6.o
 .text.uip_nd6_init
                0x0020c89c        0xc obj_zoul/uip-nd6.o
                0x0020c89c                uip_nd6_init
 .text.clear_fragments
                0x0020c8a8       0x3c obj_zoul/sicslowpan.o
 .text.sicslowpan_init
                0x0020c8e4       0x18 obj_zoul/sicslowpan.o
                0x0020c8e4                sicslowpan_init
 .text.set_packet_attrs
                0x0020c8fc       0x40 obj_zoul/sicslowpan.o
 .text.compress_addr_64
                0x0020c93c       0x90 obj_zoul/sicslowpan.o
 .text.addr_context_lookup_by_prefix
                0x0020c9cc       0x24 obj_zoul/sicslowpan.o
 .text.send_packet
                0x0020c9f0       0x24 obj_zoul/sicslowpan.o
 .text.fragment_copy_payload_and_send
                0x0020ca14       0x6c obj_zoul/sicslowpan.o
 .text.output   0x0020ca80      0x79c obj_zoul/sicslowpan.o
 .text.packet_sent
                0x0020d21c       0x5c obj_zoul/sicslowpan.o
 .text.store_fragment
                0x0020d278       0x58 obj_zoul/sicslowpan.o
 .text.uncompress_addr
                0x0020d2d0       0x90 obj_zoul/sicslowpan.o
 .text.add_fragment
                0x0020d360      0x11c obj_zoul/sicslowpan.o
 .text.input    0x0020d47c      0x740 obj_zoul/sicslowpan.o
 .text.uiplib_ipaddr_snprint
                0x0020dbbc       0xf0 obj_zoul/uiplib.o
                0x0020dbbc                uiplib_ipaddr_snprint
 .text.update_state
                0x0020dcac       0x8c obj_zoul/rpl-nbr-policy.o
 .text.rpl_nbr_policy_find_removable
                0x0020dd38       0x74 obj_zoul/rpl-nbr-policy.o
                0x0020dd38                rpl_nbr_policy_find_removable
 .text.max_acceptable_rank
                0x0020ddac       0x20 obj_zoul/rpl-neighbor.o
 .text.remove_neighbor
                0x0020ddcc       0x3c obj_zoul/rpl-neighbor.o
 .text.rpl_neighbor_count
                0x0020de08       0x28 obj_zoul/rpl-neighbor.o
                0x0020de08                rpl_neighbor_count
 .text.rpl_neighbor_get_from_lladdr
                0x0020de30       0x10 obj_zoul/rpl-neighbor.o
                0x0020de30                rpl_neighbor_get_from_lladdr
 .text.rpl_neighbor_is_acceptable_parent
                0x0020de40       0x18 obj_zoul/rpl-neighbor.o
                0x0020de40                rpl_neighbor_is_acceptable_parent
 .text.rpl_neighbor_get_link_metric
                0x0020de58       0x18 obj_zoul/rpl-neighbor.o
                0x0020de58                rpl_neighbor_get_link_metric
 .text.rpl_neighbor_rank_via_nbr
                0x0020de70       0x18 obj_zoul/rpl-neighbor.o
                0x0020de70                rpl_neighbor_rank_via_nbr
 .text.rpl_neighbor_get_lladdr
                0x0020de88       0x10 obj_zoul/rpl-neighbor.o
                0x0020de88                rpl_neighbor_get_lladdr
 .text.best_parent
                0x0020de98       0x80 obj_zoul/rpl-neighbor.o
 .text.rpl_neighbor_snprint
                0x0020df18      0x164 obj_zoul/rpl-neighbor.o
                0x0020df18                rpl_neighbor_snprint
 .text.rpl_neighbor_print_list
                0x0020e07c       0xd8 obj_zoul/rpl-neighbor.o
                0x0020e07c                rpl_neighbor_print_list
 .text.rpl_neighbor_is_parent
                0x0020e154       0x18 obj_zoul/rpl-neighbor.o
                0x0020e154                rpl_neighbor_is_parent
 .text.rpl_neighbor_set_preferred_parent
                0x0020e16c       0x8c obj_zoul/rpl-neighbor.o
                0x0020e16c                rpl_neighbor_set_preferred_parent
 .text.rpl_neighbor_remove_all
                0x0020e1f8       0x4c obj_zoul/rpl-neighbor.o
                0x0020e1f8                rpl_neighbor_remove_all
 .text.rpl_neighbor_get_from_ipaddr
                0x0020e244       0x1c obj_zoul/rpl-neighbor.o
                0x0020e244                rpl_neighbor_get_from_ipaddr
 .text.rpl_neighbor_select_best
                0x0020e260       0x88 obj_zoul/rpl-neighbor.o
                0x0020e260                rpl_neighbor_select_best
 .text.rpl_neighbor_init
                0x0020e2e8       0x14 obj_zoul/rpl-neighbor.o
                0x0020e2e8                rpl_neighbor_init
 .text.init_dag
                0x0020e2fc       0x7c obj_zoul/rpl-dag.o
 .text.init_dag_from_dio
                0x0020e378       0x84 obj_zoul/rpl-dag.o
 .text.rpl_dag_state_to_str
                0x0020e3fc       0x18 obj_zoul/rpl-dag.o
                0x0020e3fc                rpl_dag_state_to_str
 .text.rpl_dag_get_root_ipaddr
                0x0020e414       0x30 obj_zoul/rpl-dag.o
                0x0020e414                rpl_dag_get_root_ipaddr
 .text.rpl_dag_leave
                0x0020e444       0x54 obj_zoul/rpl-dag.o
                0x0020e444                rpl_dag_leave
 .text.rpl_dag_poison_and_leave
                0x0020e498       0x10 obj_zoul/rpl-dag.o
                0x0020e498                rpl_dag_poison_and_leave
 .text.rpl_dag_periodic
                0x0020e4a8       0x48 obj_zoul/rpl-dag.o
                0x0020e4a8                rpl_dag_periodic
 .text.rpl_is_addr_in_our_dag
                0x0020e4f0       0x28 obj_zoul/rpl-dag.o
                0x0020e4f0                rpl_is_addr_in_our_dag
 .text.rpl_get_any_dag
                0x0020e518       0x14 obj_zoul/rpl-dag.o
                0x0020e518                rpl_get_any_dag
 .text.rpl_local_repair
                0x0020e52c       0x34 obj_zoul/rpl-dag.o
                0x0020e52c                rpl_local_repair
 .text.rpl_global_repair
                0x0020e560       0x38 obj_zoul/rpl-dag.o
                0x0020e560                rpl_global_repair
 .text.rpl_dag_ready_to_advertise
                0x0020e598       0x24 obj_zoul/rpl-dag.o
                0x0020e598                rpl_dag_ready_to_advertise
 .text.rpl_dag_update_state
                0x0020e5bc      0x128 obj_zoul/rpl-dag.o
                0x0020e5bc                rpl_dag_update_state
 .text.rpl_process_dio
                0x0020e6e4      0x18c obj_zoul/rpl-dag.o
                0x0020e6e4                rpl_process_dio
 .text.rpl_process_dis
                0x0020e870       0x2c obj_zoul/rpl-dag.o
                0x0020e870                rpl_process_dis
 .text.rpl_process_dao
                0x0020e89c       0x4c obj_zoul/rpl-dag.o
                0x0020e89c                rpl_process_dao
 .text.rpl_process_dao_ack
                0x0020e8e8       0x54 obj_zoul/rpl-dag.o
                0x0020e8e8                rpl_process_dao_ack
 .text.rpl_dag_init_root
                0x0020e93c       0xa8 obj_zoul/rpl-dag.o
                0x0020e93c                rpl_dag_init_root
 .text.rpl_dag_init
                0x0020e9e4       0x10 obj_zoul/rpl-dag.o
                0x0020e9e4                rpl_dag_init
 .text.new_dio_interval
                0x0020e9f4       0x58 obj_zoul/rpl-timers.o
 .text.handle_unicast_dio_timer
                0x0020ea4c       0x1c obj_zoul/rpl-timers.o
 .text.handle_dao_timer
                0x0020ea68       0xdc obj_zoul/rpl-timers.o
 .text.handle_dao_ack_timer
                0x0020eb44       0x14 obj_zoul/rpl-timers.o
 .text.handle_leaving_timer
                0x0020eb58       0x10 obj_zoul/rpl-timers.o
 .text.handle_dio_timer
                0x0020eb68       0x70 obj_zoul/rpl-timers.o
 .text.rpl_timers_schedule_periodic_dis
                0x0020ebd8       0x38 obj_zoul/rpl-timers.o
                0x0020ebd8                rpl_timers_schedule_periodic_dis
 .text.handle_dis_timer
                0x0020ec10       0x34 obj_zoul/rpl-timers.o
 .text.handle_periodic_timer
                0x0020ec44       0x58 obj_zoul/rpl-timers.o
 .text.rpl_timers_dio_reset
                0x0020ec9c       0x4c obj_zoul/rpl-timers.o
                0x0020ec9c                rpl_timers_dio_reset
 .text.rpl_timers_schedule_unicast_dio
                0x0020ece8       0x28 obj_zoul/rpl-timers.o
                0x0020ece8                rpl_timers_schedule_unicast_dio
 .text.rpl_timers_schedule_dao
                0x0020ed10       0x4c obj_zoul/rpl-timers.o
                0x0020ed10                rpl_timers_schedule_dao
 .text.rpl_timers_schedule_dao_ack
                0x0020ed5c       0x48 obj_zoul/rpl-timers.o
                0x0020ed5c                rpl_timers_schedule_dao_ack
 .text.get_probing_target
                0x0020eda4       0xc0 obj_zoul/rpl-timers.o
                0x0020eda4                get_probing_target
 .text.rpl_schedule_probing
                0x0020ee64       0x28 obj_zoul/rpl-timers.o
                0x0020ee64                rpl_schedule_probing
 .text.handle_probing_timer
                0x0020ee8c       0xa4 obj_zoul/rpl-timers.o
 .text.rpl_schedule_probing_now
                0x0020ef30       0x2c obj_zoul/rpl-timers.o
                0x0020ef30                rpl_schedule_probing_now
 .text.rpl_timers_unschedule_leaving
                0x0020ef5c       0x24 obj_zoul/rpl-timers.o
                0x0020ef5c                rpl_timers_unschedule_leaving
 .text.rpl_timers_schedule_leaving
                0x0020ef80       0x30 obj_zoul/rpl-timers.o
                0x0020ef80                rpl_timers_schedule_leaving
 .text.rpl_timers_init
                0x0020efb0       0x20 obj_zoul/rpl-timers.o
                0x0020efb0                rpl_timers_init
 .text.rpl_timers_stop_dag_timers
                0x0020efd0       0x44 obj_zoul/rpl-timers.o
                0x0020efd0                rpl_timers_stop_dag_timers
 .text.rpl_timers_unschedule_state_update
                0x0020f014       0x14 obj_zoul/rpl-timers.o
                0x0020f014                rpl_timers_unschedule_state_update
 .text.rpl_timers_schedule_state_update
                0x0020f028       0x1c obj_zoul/rpl-timers.o
                0x0020f028                rpl_timers_schedule_state_update
 .text.update_hbh_header
                0x0020f044       0x60 obj_zoul/rpl-ext-header.o
 .text.rpl_ext_header_srh_get_next_hop
                0x0020f0a4       0xcc obj_zoul/rpl-ext-header.o
                0x0020f0a4                rpl_ext_header_srh_get_next_hop
 .text.rpl_ext_header_srh_update
                0x0020f170       0xe0 obj_zoul/rpl-ext-header.o
                0x0020f170                rpl_ext_header_srh_update
 .text.rpl_ext_header_hbh_update
                0x0020f250       0xc0 obj_zoul/rpl-ext-header.o
                0x0020f250                rpl_ext_header_hbh_update
 .text.rpl_ext_header_remove
                0x0020f310       0xa4 obj_zoul/rpl-ext-header.o
                0x0020f310                rpl_ext_header_remove
 .text.rpl_ext_header_update
                0x0020f3b4      0x298 obj_zoul/rpl-ext-header.o
                0x0020f3b4                rpl_ext_header_update
 .text.rpl_has_joined
                0x0020f64c       0x18 obj_zoul/rpl.o
                0x0020f64c                rpl_has_joined
 .text.rpl_is_reachable
                0x0020f664       0x18 obj_zoul/rpl.o
                0x0020f664                rpl_is_reachable
 .text.get_sr_node_ipaddr
                0x0020f67c       0x2c obj_zoul/rpl.o
 .text.set_ip_from_prefix
                0x0020f6a8       0x2c obj_zoul/rpl.o
 .text.init     0x0020f6d4       0x60 obj_zoul/rpl.o
 .text.rpl_link_callback
                0x0020f734       0x78 obj_zoul/rpl.o
                0x0020f734                rpl_link_callback
 .text.rpl_get_global_address
                0x0020f7ac       0x64 obj_zoul/rpl.o
                0x0020f7ac                rpl_get_global_address
 .text.rpl_reset_prefix
                0x0020f810       0x5c obj_zoul/rpl.o
                0x0020f810                rpl_reset_prefix
 .text.rpl_set_prefix_from_addr
                0x0020f86c       0xb0 obj_zoul/rpl.o
                0x0020f86c                rpl_set_prefix_from_addr
 .text.rpl_get_leaf_only
                0x0020f91c        0xc obj_zoul/rpl.o
                0x0020f91c                rpl_get_leaf_only
 .text.update_metric_container
                0x0020f928        0xc obj_zoul/rpl-mrhof.o
 .text.reset    0x0020f934       0x28 obj_zoul/rpl-mrhof.o
 .text.within_hysteresis
                0x0020f95c       0x38 obj_zoul/rpl-mrhof.o
 .text.rank_via_nbr
                0x0020f994       0x30 obj_zoul/rpl-mrhof.o
 .text.best_parent
                0x0020f9c4       0x70 obj_zoul/rpl-mrhof.o
 .text.dao_ack_input
                0x0020fa34       0xb8 obj_zoul/rpl-icmp6.o
 .text.dao_input
                0x0020faec      0x1d0 obj_zoul/rpl-icmp6.o
 .text.dio_input
                0x0020fcbc      0x358 obj_zoul/rpl-icmp6.o
 .text.dis_input
                0x00210014       0x88 obj_zoul/rpl-icmp6.o
 .text.rpl_icmp6_update_nbr_table
                0x0021009c       0x74 obj_zoul/rpl-icmp6.o
                0x0021009c                rpl_icmp6_update_nbr_table
 .text.rpl_icmp6_dis_output
                0x00210110       0x6c obj_zoul/rpl-icmp6.o
                0x00210110                rpl_icmp6_dis_output
 .text.rpl_icmp6_dio_output
                0x0021017c      0x228 obj_zoul/rpl-icmp6.o
                0x0021017c                rpl_icmp6_dio_output
 .text.rpl_icmp6_dao_output
                0x002103a4      0x17c obj_zoul/rpl-icmp6.o
                0x002103a4                rpl_icmp6_dao_output
 .text.rpl_icmp6_dao_ack_output
                0x00210520       0x88 obj_zoul/rpl-icmp6.o
                0x00210520                rpl_icmp6_dao_ack_output
 .text.rpl_icmp6_init
                0x002105a8       0x30 obj_zoul/rpl-icmp6.o
                0x002105a8                rpl_icmp6_init
 .text.rpl_dag_root_set_prefix
                0x002105d8       0xc8 obj_zoul/rpl-dag-root.o
                0x002105d8                rpl_dag_root_set_prefix
 .text.rpl_dag_root_start
                0x002106a0       0xa0 obj_zoul/rpl-dag-root.o
                0x002106a0                rpl_dag_root_start
 .text.rpl_dag_root_is_root
                0x00210740       0x18 obj_zoul/rpl-dag-root.o
                0x00210740                rpl_dag_root_is_root
 .text.rpl_dag_root_print_links
                0x00210758       0x94 obj_zoul/rpl-dag-root.o
                0x00210758                rpl_dag_root_print_links
 .text.dtls_retransmit_callback
                0x002107ec       0x34 obj_zoul/dtls-support.o
 .text.dtls_context_acquire
                0x00210820       0x1c obj_zoul/dtls-support.o
                0x00210820                dtls_context_acquire
 .text.dtls_context_release
                0x0021083c       0x18 obj_zoul/dtls-support.o
                0x0021083c                dtls_context_release
 .text.dtls_cipher_context_acquire
                0x00210854        0x8 obj_zoul/dtls-support.o
                0x00210854                dtls_cipher_context_acquire
 .text.dtls_set_retransmit_timer
                0x0021085c       0x10 obj_zoul/dtls-support.o
                0x0021085c                dtls_set_retransmit_timer
 .text.encrypt  0x0021086c       0x74 obj_zoul/dtls-ccm.o
 .text.verify_ext_cert_type
                0x002108e0       0x24 obj_zoul/dtls.o
 .text.dtls_check_tls_extension
                0x00210904      0x150 obj_zoul/dtls.o
 .text.clear_hs_hash
                0x00210a54       0x20 obj_zoul/dtls.o
 .text.dtls_check_ecdsa_signature_elem
                0x00210a74       0x68 obj_zoul/dtls.o
 .text.dtls_prepare_record.isra.11
                0x00210adc      0x198 obj_zoul/dtls.o
 .text.calculate_key_block.isra.15
                0x00210c74      0x13c obj_zoul/dtls.o
 .text.dtls_send_client_hello
                0x00210db0      0x1c8 obj_zoul/dtls.o
 .text.dtls_send_certificate_ecdsa
                0x00210f78       0x58 obj_zoul/dtls.o
 .text.dtls_verify_peer
                0x00210fd0      0x14c obj_zoul/dtls.o
 .text.dtls_send_finished.constprop.25
                0x0021111c       0x60 obj_zoul/dtls.o
 .text.dtls_send_certificate_verify_ecdh.isra.20
                0x0021117c       0x68 obj_zoul/dtls.o
 .text.handle_handshake_msg
                0x002111e4      0xd0c obj_zoul/dtls.o
 .text.dtls_handle_message
                0x00211ef0      0x498 obj_zoul/dtls.o
                0x00211ef0                dtls_handle_message
 .text.dtls_connect_peer
                0x00212388       0x6c obj_zoul/dtls.o
                0x00212388                dtls_connect_peer
 .text.dtls_hmac_storage_init
                0x002123f4        0xc obj_zoul/dtls-hmac.o
                0x002123f4                dtls_hmac_storage_init
 .text.dtls_hmac_update
                0x00212400       0x28 obj_zoul/dtls-hmac.o
                0x00212400                dtls_hmac_update
 .text.dtls_hmac_init
                0x00212428       0x84 obj_zoul/dtls-hmac.o
                0x00212428                dtls_hmac_init
 .text.dtls_hmac_new
                0x002124ac       0x20 obj_zoul/dtls-hmac.o
                0x002124ac                dtls_hmac_new
 .text.dtls_hmac_free
                0x002124cc       0x10 obj_zoul/dtls-hmac.o
                0x002124cc                dtls_hmac_free
 .text.dtls_hmac_finalize
                0x002124dc       0x54 obj_zoul/dtls-hmac.o
                0x002124dc                dtls_hmac_finalize
 .text.dtls_peer_init
                0x00212530        0xc obj_zoul/dtls-peer.o
                0x00212530                dtls_peer_init
 .text.dtls_free_peer
                0x0021253c       0x28 obj_zoul/dtls-peer.o
                0x0021253c                dtls_free_peer
 .text.dtls_new_peer
                0x00212564       0x3c obj_zoul/dtls-peer.o
                0x00212564                dtls_new_peer
 .text.netq_init
                0x002125a0        0xc obj_zoul/netq.o
                0x002125a0                netq_init
 .text.netq_insert_node
                0x002125ac       0x40 obj_zoul/netq.o
                0x002125ac                netq_insert_node
 .text.netq_node_new
                0x002125ec       0x1c obj_zoul/netq.o
                0x002125ec                netq_node_new
 .text.netq_node_free
                0x00212608       0x10 obj_zoul/netq.o
                0x00212608                netq_node_free
 .text.netq_delete_all
                0x00212618       0x24 obj_zoul/netq.o
                0x00212618                netq_delete_all
 .text.dtls_crypto_init
                0x0021263c       0x1c obj_zoul/dtls-crypto.o
                0x0021263c                dtls_crypto_init
 .text.dtls_handshake_new
                0x00212658       0x28 obj_zoul/dtls-crypto.o
                0x00212658                dtls_handshake_new
 .text.dtls_handshake_free
                0x00212680       0x20 obj_zoul/dtls-crypto.o
                0x00212680                dtls_handshake_free
 .text.dtls_security_new
                0x002126a0       0x24 obj_zoul/dtls-crypto.o
                0x002126a0                dtls_security_new
 .text.dtls_security_free
                0x002126c4       0x10 obj_zoul/dtls-crypto.o
                0x002126c4                dtls_security_free
 .text.dtls_ecdsa_generate_key
                0x002126d4       0x5c obj_zoul/dtls-crypto.o
                0x002126d4                dtls_ecdsa_generate_key
 .text.dtls_encrypt
                0x00212730       0x68 obj_zoul/dtls-crypto.o
                0x00212730                dtls_encrypt
 .text.dtls_decrypt
                0x00212798       0x68 obj_zoul/dtls-crypto.o
                0x00212798                dtls_decrypt
 .text.rijndaelKeySetupEnc
                0x00212800      0x288 obj_zoul/rijndael.o
                0x00212800                rijndaelKeySetupEnc
 .text.rijndaelEncrypt
                0x00212a88      0x340 obj_zoul/rijndael.o
                0x00212a88                rijndaelEncrypt
 .text.dtls_sha256_init
                0x00212dc8       0x28 obj_zoul/sha2.o
                0x00212dc8                dtls_sha256_init
 .text.dtls_sha256_transform
                0x00212df0      0x1a4 obj_zoul/sha2.o
                0x00212df0                dtls_sha256_transform
 .text.dtls_sha256_update
                0x00212f94       0xb0 obj_zoul/sha2.o
                0x00212f94                dtls_sha256_update
 .text.dtls_sha256_final
                0x00213044       0xb8 obj_zoul/sha2.o
                0x00213044                dtls_sha256_final
 .text.fieldModO
                0x002130fc       0x90 obj_zoul/ecc.o
 .text.fieldAdd.constprop.3
                0x0021318c       0x1c obj_zoul/ecc.o
 .text.fieldModP
                0x002131a8      0x19c obj_zoul/ecc.o
 .text.ec_double
                0x00213344      0x104 obj_zoul/ecc.o
 .text.ec_add   0x00213448      0x124 obj_zoul/ecc.o
 .text.ecc_ecdsa_sign
                0x0021356c       0xb8 obj_zoul/ecc.o
                0x0021356c                ecc_ecdsa_sign
 .text.ecc_ecdsa_validate
                0x00213624       0xa8 obj_zoul/ecc.o
                0x00213624                ecc_ecdsa_validate
 .text.ecc_is_valid_key
                0x002136cc       0x18 obj_zoul/ecc.o
                0x002136cc                ecc_is_valid_key
 .text.process_thread_example_ipso_objects
                0x002136e4       0xb4 example-ipso-objects.o
 .text          0x00213798       0x1c /usr/lib/gcc/arm-none-eabi/5.4.1/armv7-m/libgcc.a(_ashrdi3.o)
                0x00213798                __ashrdi3
                0x00213798                __aeabi_lasr
 .text          0x002137b4       0xa0 /usr/lib/gcc/arm-none-eabi/5.4.1/armv7-m/libgcc.a(_aeabi_ldivmod.o)
                0x002137b4                __aeabi_ldivmod
 .text          0x00213854       0x30 /usr/lib/gcc/arm-none-eabi/5.4.1/armv7-m/libgcc.a(_aeabi_uldivmod.o)
                0x00213854                __aeabi_uldivmod
 .text          0x00213884      0x2ec /usr/lib/gcc/arm-none-eabi/5.4.1/armv7-m/libgcc.a(_udivmoddi4.o)
                0x00213884                __udivmoddi4
 .text          0x00213b70        0x4 /usr/lib/gcc/arm-none-eabi/5.4.1/armv7-m/libgcc.a(_dvmd_tls.o)
                0x00213b70                __aeabi_ldiv0
                0x00213b70                __aeabi_idiv0
 .text          0x00213b74       0x8c /usr/lib/gcc/arm-none-eabi/5.4.1/../../../arm-none-eabi/lib/armv7-m/libc.a(lib_a-memchr-stub.o)
                0x00213b74                memchr
 .text          0x00213c00       0x64 /usr/lib/gcc/arm-none-eabi/5.4.1/../../../arm-none-eabi/lib/armv7-m/libc.a(lib_a-memcmp.o)
                0x00213c00                memcmp
 .text          0x00213c64       0xec /usr/lib/gcc/arm-none-eabi/5.4.1/../../../arm-none-eabi/lib/armv7-m/libc.a(lib_a-memcpy.o)
                0x00213c64                memcpy
 .text          0x00213d50       0xc8 /usr/lib/gcc/arm-none-eabi/5.4.1/../../../arm-none-eabi/lib/armv7-m/libc.a(lib_a-memmove.o)
                0x00213d50                memmove
 .text          0x00213e18       0x9c /usr/lib/gcc/arm-none-eabi/5.4.1/../../../arm-none-eabi/lib/armv7-m/libc.a(lib_a-memset.o)
                0x00213e18                memset
 .text          0x00213eb4       0x54 /usr/lib/gcc/arm-none-eabi/5.4.1/../../../arm-none-eabi/lib/armv7-m/libc.a(lib_a-rand.o)
                0x00213eb4                srand
                0x00213ec8                rand
 .text          0x00213f08       0xd0 /usr/lib/gcc/arm-none-eabi/5.4.1/../../../arm-none-eabi/lib/armv7-m/libc.a(lib_a-strchr.o)
                0x00213f08                strchr
 .text          0x00213fd8       0xbc /usr/lib/gcc/arm-none-eabi/5.4.1/../../../arm-none-eabi/lib/armv7-m/libc.a(lib_a-strcpy.o)
                0x00213fd8                strcpy
 .text          0x00214094       0x5c /usr/lib/gcc/arm-none-eabi/5.4.1/../../../arm-none-eabi/lib/armv7-m/libc.a(lib_a-strlen-stub.o)
                0x00214094                strlen
 .text          0x002140f0       0x9c /usr/lib/gcc/arm-none-eabi/5.4.1/../../../arm-none-eabi/lib/armv7-m/libc.a(lib_a-strncmp.o)
                0x002140f0                strncmp
 .text          0x0021418c       0x68 /usr/lib/gcc/arm-none-eabi/5.4.1/../../../arm-none-eabi/lib/armv7-m/libc.a(lib_a-strncpy.o)
                0x0021418c                strncpy
 .text          0x002141f4      0x14c /usr/lib/gcc/arm-none-eabi/5.4.1/../../../arm-none-eabi/lib/armv7-m/libc.a(lib_a-strtoul.o)
                0x002141f4                _strtoul_r
                0x00214328                strtoul
 .text.default_handler
                0x00214340        0x2 obj_zoul/startup-gcc.o
                0x00214340                default_handler
 .text.nmi_handler
                0x00214342        0x6 obj_zoul/startup-gcc.o
                0x00214342                nmi_handler
 .text.fade     0x00214348       0x58 obj_zoul/platform.o
 .text.platform_init_stage_one
                0x002143a0       0x14 obj_zoul/platform.o
                0x002143a0                platform_init_stage_one
 .text.platform_idle
                0x002143b4        0x4 obj_zoul/platform.o
                0x002143b4                platform_idle
 .text.board_init
                0x002143b8        0x4 obj_zoul/board.o
                0x002143b8                board_init
 .text.soc_init
                0x002143bc       0x22 obj_zoul/soc.o
                0x002143bc                soc_init
 .text.clock_isr
                0x002143de        0x4 obj_zoul/clock.o
                0x002143de                clock_isr
 .text.rtimer_arch_init
                0x002143e2        0x2 obj_zoul/rtimer-arch.o
                0x002143e2                rtimer_arch_init
 .text.uart0_isr
                0x002143e4        0x6 obj_zoul/uart.o
                0x002143e4                uart0_isr
 .text.uart1_isr
                0x002143ea        0x6 obj_zoul/uart.o
                0x002143ea                uart1_isr
 .text.gpio_port_a_isr
                0x002143f0        0x6 obj_zoul/gpio.o
                0x002143f0                gpio_port_a_isr
 .text.gpio_port_b_isr
                0x002143f6        0x6 obj_zoul/gpio.o
                0x002143f6                gpio_port_b_isr
 .text.gpio_port_c_isr
                0x002143fc        0x6 obj_zoul/gpio.o
                0x002143fc                gpio_port_c_isr
 .text.gpio_port_d_isr
                0x00214402        0x6 obj_zoul/gpio.o
                0x00214402                gpio_port_d_isr
 .text.gpio_hal_arch_write_pin
                0x00214408       0x2c obj_zoul/gpio-hal-arch.o
                0x00214408                gpio_hal_arch_write_pin
 .text.send     0x00214434       0x12 obj_zoul/cc2538-rf.o
 .text.int_master_read_and_disable
                0x00214446        0x8 obj_zoul/int-master.o
                0x00214446                int_master_read_and_disable
 .text.int_master_status_set
                0x0021444e        0x6 obj_zoul/int-master.o
                0x0021444e                int_master_status_set
 .text.ecc_mul_get_result
                0x00214454        0x4 obj_zoul/ecc-driver.o
                0x00214454                ecc_mul_get_result
 .text.dbg_putchar
                0x00214458       0x10 obj_zoul/dbg.o
                0x00214458                dbg_putchar
 .text.dbg_send_bytes
                0x00214468       0x20 obj_zoul/dbg.o
                0x00214468                dbg_send_bytes
 .text.configure
                0x00214488        0x4 obj_zoul/cc2538-temp-sensor.o
 .text.status   0x0021448c        0x4 obj_zoul/cc2538-temp-sensor.o
 .text.value    0x00214490       0x34 obj_zoul/cc2538-temp-sensor.o
 .text.configure
                0x002144c4        0x4 obj_zoul/vdd3-sensor.o
 .text.status   0x002144c8        0x4 obj_zoul/vdd3-sensor.o
 .text.value    0x002144cc       0x2a obj_zoul/vdd3-sensor.o
 .text.coap_handle_notification
                0x002144f6       0x6c obj_zoul/coap-observe-client.o
                0x002144f6                coap_handle_notification
 .text.coap_request_callback
                0x00214562       0x88 obj_zoul/coap-callback-api.o
 .text.coap_send_request
                0x002145ea       0x1a obj_zoul/coap-callback-api.o
                0x002145ea                coap_send_request
 .text.coap_get_next_resource
                0x00214604        0x4 obj_zoul/coap-engine.o
                0x00214604                coap_get_next_resource
 .text.coap_retransmit_transaction
                0x00214608       0x14 obj_zoul/coap-transactions.o
 .text.coap_is_option
                0x0021461c       0x1c obj_zoul/coap.o
 .text.coap_parse_int_option
                0x00214638       0x16 obj_zoul/coap.o
 .text.coap_merge_multi_option
                0x0021464e       0x32 obj_zoul/coap.o
 .text.coap_get_variable
                0x00214680       0x6a obj_zoul/coap.o
 .text.coap_set_option_header
                0x002146ea       0x76 obj_zoul/coap.o
 .text.coap_serialize_int_option
                0x00214760       0x62 obj_zoul/coap.o
 .text.coap_serialize_array_option.part.1
                0x002147c2       0x20 obj_zoul/coap.o
 .text.coap_serialize_array_option
                0x002147e2       0x7a obj_zoul/coap.o
 .text.coap_init_message
                0x0021485c       0x1a obj_zoul/coap.o
                0x0021485c                coap_init_message
 .text.coap_get_post_variable
                0x00214876       0x1e obj_zoul/coap.o
                0x00214876                coap_get_post_variable
 .text.coap_set_status_code
                0x00214894        0xc obj_zoul/coap.o
                0x00214894                coap_set_status_code
 .text.coap_set_token
                0x002148a0       0x16 obj_zoul/coap.o
                0x002148a0                coap_set_token
 .text.coap_get_header_content_format
                0x002148b6       0x16 obj_zoul/coap.o
                0x002148b6                coap_get_header_content_format
 .text.coap_set_header_content_format
                0x002148cc        0xe obj_zoul/coap.o
                0x002148cc                coap_set_header_content_format
 .text.coap_get_header_accept
                0x002148da       0x18 obj_zoul/coap.o
                0x002148da                coap_get_header_accept
 .text.coap_get_header_uri_path
                0x002148f2       0x16 obj_zoul/coap.o
                0x002148f2                coap_get_header_uri_path
 .text.coap_set_header_uri_path
                0x00214908       0x20 obj_zoul/coap.o
                0x00214908                coap_set_header_uri_path
 .text.coap_set_header_uri_query
                0x00214928       0x24 obj_zoul/coap.o
                0x00214928                coap_set_header_uri_query
 .text.coap_get_header_observe
                0x0021494c       0x16 obj_zoul/coap.o
                0x0021494c                coap_get_header_observe
 .text.coap_set_header_observe
                0x00214962        0xe obj_zoul/coap.o
                0x00214962                coap_set_header_observe
 .text.coap_get_header_block2
                0x00214970       0x32 obj_zoul/coap.o
                0x00214970                coap_get_header_block2
 .text.coap_set_header_block2
                0x002149a2       0x32 obj_zoul/coap.o
                0x002149a2                coap_set_header_block2
 .text.coap_get_header_block1
                0x002149d4       0x36 obj_zoul/coap.o
                0x002149d4                coap_get_header_block1
 .text.coap_set_header_block1
                0x00214a0a       0x2e obj_zoul/coap.o
                0x00214a0a                coap_set_header_block1
 .text.coap_get_payload
                0x00214a38       0x18 obj_zoul/coap.o
                0x00214a38                coap_get_payload
 .text.coap_set_payload
                0x00214a50       0x12 obj_zoul/coap.o
                0x00214a50                coap_set_payload
 .text.coap_endpoint_copy
                0x00214a62       0x20 obj_zoul/coap-uip.o
                0x00214a62                coap_endpoint_copy
 .text.coap_endpoint_cmp
                0x00214a82       0x26 obj_zoul/coap-uip.o
                0x00214a82                coap_endpoint_cmp
 .text.coap_timer_set
                0x00214aa8       0x1e obj_zoul/coap-timer.o
                0x00214aa8                coap_timer_set
 .text.coap_timer_reset
                0x00214ac6       0x14 obj_zoul/coap-timer.o
                0x00214ac6                coap_timer_reset
 .text.parse_path
                0x00214ada       0x5e obj_zoul/lwm2m-engine.o
 .text.create_instance
                0x00214b38       0x32 obj_zoul/lwm2m-engine.o
 .text.double_buffer_flush
                0x00214b6a       0x3a obj_zoul/lwm2m-engine.o
 .text.call_instance
                0x00214ba4       0x1a obj_zoul/lwm2m-engine.o
 .text.process_tlv_write
                0x00214bbe       0x6e obj_zoul/lwm2m-engine.o
 .text.enter_sub
                0x00214c2c       0x10 obj_zoul/lwm2m-json.o
 .text.exit_sub
                0x00214c3c       0x10 obj_zoul/lwm2m-json.o
 .text.lwm2m_json_next_token
                0x00214c4c       0xf6 obj_zoul/lwm2m-json.o
                0x00214c4c                lwm2m_json_next_token
 .text.end_write
                0x00214d42        0x4 obj_zoul/lwm2m-plain-text.o
 .text.write_boolean
                0x00214d46       0x14 obj_zoul/lwm2m-plain-text.o
 .text.read_boolean
                0x00214d5a       0x22 obj_zoul/lwm2m-plain-text.o
 .text.write_string
                0x00214d7c       0x20 obj_zoul/lwm2m-plain-text.o
 .text.read_string
                0x00214d9c       0x24 obj_zoul/lwm2m-plain-text.o
 .text.init_write
                0x00214dc0        0x4 obj_zoul/lwm2m-plain-text.o
 .text.lwm2m_plain_text_read_int
                0x00214dc4       0x42 obj_zoul/lwm2m-plain-text.o
                0x00214dc4                lwm2m_plain_text_read_int
 .text.read_int
                0x00214e06       0x12 obj_zoul/lwm2m-plain-text.o
 .text.lwm2m_plain_text_read_float32fix
                0x00214e18       0x8a obj_zoul/lwm2m-plain-text.o
                0x00214e18                lwm2m_plain_text_read_float32fix
 .text.read_float32fix
                0x00214ea2       0x14 obj_zoul/lwm2m-plain-text.o
 .text.write_float32fix
                0x00214eb6        0xc obj_zoul/lwm2m-plain-text.o
 .text.lwm2m_tlv_read
                0x00214ec2       0x52 obj_zoul/lwm2m-tlv.o
                0x00214ec2                lwm2m_tlv_read
 .text.lwm2m_tlv_write
                0x00214f14       0xae obj_zoul/lwm2m-tlv.o
                0x00214f14                lwm2m_tlv_write
 .text.lwm2m_tlv_get_int32
                0x00214fc2       0x38 obj_zoul/lwm2m-tlv.o
                0x00214fc2                lwm2m_tlv_get_int32
 .text.lwm2m_tlv_write_int32
                0x00214ffa       0x5a obj_zoul/lwm2m-tlv.o
                0x00214ffa                lwm2m_tlv_write_int32
 .text.lwm2m_tlv_write_float32
                0x00215054       0x7c obj_zoul/lwm2m-tlv.o
                0x00215054                lwm2m_tlv_write_float32
 .text.lwm2m_tlv_float32_to_fix
                0x002150d0       0x48 obj_zoul/lwm2m-tlv.o
                0x002150d0                lwm2m_tlv_float32_to_fix
 .text.end_write
                0x00215118        0x4 obj_zoul/lwm2m-tlv-writer.o
 .text.exit_sub
                0x0021511c       0x34 obj_zoul/lwm2m-tlv-writer.o
 .text.write_opaque_header
                0x00215150       0x2c obj_zoul/lwm2m-tlv-writer.o
 .text.write_string_tlv
                0x0021517c       0x2a obj_zoul/lwm2m-tlv-writer.o
 .text.enter_sub
                0x002151a6       0x42 obj_zoul/lwm2m-tlv-writer.o
 .text.write_float32fix_tlv
                0x002151e8       0x28 obj_zoul/lwm2m-tlv-writer.o
 .text.write_int_tlv
                0x00215210       0x26 obj_zoul/lwm2m-tlv-writer.o
 .text.write_boolean_tlv
                0x00215236        0xa obj_zoul/lwm2m-tlv-writer.o
 .text.init_write
                0x00215240        0x4 obj_zoul/lwm2m-tlv-writer.o
 .text.lwm2m_object_read_string
                0x00215244        0xc obj_zoul/lwm2m-security.o
 .text.get_next
                0x00215250        0x6 obj_zoul/lwm2m-security.o
 .text.lwm2m_security_get_next
                0x00215256        0x6 obj_zoul/lwm2m-security.o
                0x00215256                lwm2m_security_get_next
 .text.lwm2m_dim_callback
                0x0021525c        0xc obj_zoul/lwm2m-device.o
 .text.write_string
                0x00215268       0x32 obj_zoul/lwm2m-device.o
 .text.output_multi_i16.constprop.1
                0x0021529a       0x66 obj_zoul/lwm2m-device.o
 .text.read_boolean
                0x00215300       0x28 obj_zoul/lwm2m-tlv-reader.o
 .text.read_int
                0x00215328       0x22 obj_zoul/lwm2m-tlv-reader.o
 .text.read_float32fix
                0x0021534a       0x24 obj_zoul/lwm2m-tlv-reader.o
 .text.read_string
                0x0021536e       0x32 obj_zoul/lwm2m-tlv-reader.o
 .text.lwm2m_object_write_int
                0x002153a0       0x22 obj_zoul/lwm2m-server.o
 .text.get_next
                0x002153c2        0xc obj_zoul/lwm2m-server.o
 .text.lwm2m_callback
                0x002153ce       0x58 obj_zoul/lwm2m-server.o
 .text.ipso_control_set_value
                0x00215426       0x70 obj_zoul/ipso-control-template.o
                0x00215426                ipso_control_set_value
 .text.ipso_control_set_on
                0x00215496       0x10 obj_zoul/ipso-control-template.o
                0x00215496                ipso_control_set_on
 .text.lwm2m_callback
                0x002154a6      0x132 obj_zoul/ipso-control-template.o
 .text.write_float32fix
                0x002155d8       0x3e obj_zoul/ipso-sensor-template.o
 .text.lwm2m_callback
                0x00215616       0xee obj_zoul/ipso-sensor-template.o
 .text.set_value
                0x00215704       0x16 obj_zoul/ipso-leds-control.o
 .text.lwm2m_object_write_int
                0x0021571a       0x22 obj_zoul/ipso-button.o
 .text.ipso_objects_init
                0x0021573c       0x12 obj_zoul/ipso-objects.o
                0x0021573c                ipso_objects_init
 .text.autostart_start
                0x0021574e       0x14 obj_zoul/autostart.o
                0x0021574e                autostart_start
 .text.energest_init
                0x00215762        0x2 obj_zoul/energest.o
                0x00215762                energest_init
 .text.etimer_set
                0x00215764       0x12 obj_zoul/etimer.o
                0x00215764                etimer_set
 .text.etimer_reset
                0x00215776       0x12 obj_zoul/etimer.o
                0x00215776                etimer_reset
 .text.etimer_expired
                0x00215788        0xa obj_zoul/etimer.o
                0x00215788                etimer_expired
 .text.stimer_set
                0x00215792        0xe obj_zoul/stimer.o
                0x00215792                stimer_set
 .text.call_process
                0x002157a0        0xc obj_zoul/process.o
 .text.rtimer_init
                0x002157ac        0x4 obj_zoul/rtimer.o
                0x002157ac                rtimer_init
 .text.timer_set
                0x002157b0        0xe obj_zoul/timer.o
                0x002157b0                timer_set
 .text.timer_reset
                0x002157be        0xa obj_zoul/timer.o
                0x002157be                timer_reset
 .text.timer_expired
                0x002157c8       0x1c obj_zoul/timer.o
                0x002157c8                timer_expired
 .text.button_hal_get_state
                0x002157e4       0x2a obj_zoul/button-hal.o
                0x002157e4                button_hal_get_state
 .text.gpio_hal_arch_toggle_pin
                0x0021580e       0x2a obj_zoul/gpio-hal.o
                0x0021580e                gpio_hal_arch_toggle_pin
 .text.list_init
                0x00215838        0x6 obj_zoul/list.o
                0x00215838                list_init
 .text.list_head
                0x0021583e        0x4 obj_zoul/list.o
                0x0021583e                list_head
 .text.list_tail
                0x00215842       0x10 obj_zoul/list.o
                0x00215842                list_tail
 .text.list_pop
                0x00215852        0xc obj_zoul/list.o
                0x00215852                list_pop
 .text.list_remove
                0x0021585e       0x26 obj_zoul/list.o
                0x0021585e                list_remove
 .text.list_add
                0x00215884       0x1a obj_zoul/list.o
                0x00215884                list_add
 .text.list_push
                0x0021589e       0x10 obj_zoul/list.o
                0x0021589e                list_push
 .text.list_length
                0x002158ae        0xe obj_zoul/list.o
                0x002158ae                list_length
 .text.list_insert
                0x002158bc       0x1e obj_zoul/list.o
                0x002158bc                list_insert
 .text.list_item_next